<html>
<body>
<pre>
<h1>礦ision Build Log</h1>
<h2>Tool Versions:</h2>
IDE-Version: μVision V5.38.0.0
Copyright (C) 2022 ARM Ltd and ARM Germany GmbH. All rights reserved.
License Information: 1 3503707026@qq.com, 1, LIC=RC93N-Y3FAF-JJX6S-LGP1L-DTA5B-683EL
 
Tool Versions:
Toolchain:       MDK-ARM Plus  Version: 5.38.0.0
Toolchain Path:  D:\TI KEIL538\ARM\ARMCLANG\Bin
C Compiler:      ArmClang.exe V6.19
Assembler:       Armasm.exe V6.19
Linker/Locator:  ArmLink.exe V6.19
Library Manager: ArmAr.exe V6.19
Hex Converter:   FromElf.exe V6.19
CPU DLL:         SARMCM3.DLL V5.38.0.0
Dialog DLL:      DARMCM1.DLL V1.19.6.0
Target DLL:      CMSIS_AGDI.dll V1.33.15.0
Dialog DLL:      TARMCM1.DLL V1.14.6.0
 
<h2>Project:</h2>
D:\Desktop\git\3519\keil\empty_LP_MSPM0G3519_nortos_keil.uvprojx
Project File Date:  07/28/2026

<h2>Output:</h2>
*** Using Compiler 'V6.19', folder: 'D:\TI KEIL538\ARM\ARMCLANG\Bin'
Build target 'empty_LP_MSPM0G3519_freertos_keil'
Before Build - User command #1: D:\ti\mspm0_sdk_2_11_00_07\tools\keil\syscfg.bat
Using Sysconfig Tool from D:\Ti sysconfig\sysconfig_cli.bat
"Update the file located at <sdk path>/tools/keil/syscfg.bat to use a different version"
"Couldn't find .metadata\product.json"
此时不应有 SET。
compiling icm42688p.c...
linking...
Program Size: Code=48056 RO-data=2836 RW-data=44 ZI-data=24748  
FromELF: creating hex file...
".\Objects\empty_LP_MSPM0G3519_freertos_keil.axf" - 0 Error(s), 0 Warning(s).

<h2>Software Packages used:</h2>

Package Vendor: TexasInstruments
                https://software-dl.ti.com/msp430/esd/MSPM0-CMSIS/MSPM0GX51X/latest/exports/TexasInstruments.MSPM0GX51X_DFP.1.0.0.pack
                TexasInstruments.MSPM0GX51X_DFP.1.0.0
                Device Family Pack for Texas Instruments MSPM0GX51X Series

<h2>Collection of Component include folders:</h2>

<h2>Collection of Component Files used:</h2>
Build Time Elapsed:  00:00:01
</pre>
</body>
</html>
