Component: Arm Compiler for Embedded 6.19 Tool: armlink [5e73cb00]

==============================================================================

Section Cross References

    startup_mspm0g351x_uvision.o(STACK) refers (Special) to heapauxi.o(.text) for __use_two_region_memory
    startup_mspm0g351x_uvision.o(HEAP) refers (Special) to heapauxi.o(.text) for __use_two_region_memory
    startup_mspm0g351x_uvision.o(RESET) refers (Special) to heapauxi.o(.text) for __use_two_region_memory
    startup_mspm0g351x_uvision.o(RESET) refers to startup_mspm0g351x_uvision.o(STACK) for __initial_sp
    startup_mspm0g351x_uvision.o(RESET) refers to startup_mspm0g351x_uvision.o(.text) for Reset_Handler
    startup_mspm0g351x_uvision.o(RESET) refers to portasm.o(.text.SVC_Handler) for SVC_Handler
    startup_mspm0g351x_uvision.o(RESET) refers to portasm.o(.text.PendSV_Handler) for PendSV_Handler
    startup_mspm0g351x_uvision.o(RESET) refers to port.o(.text.SysTick_Handler) for SysTick_Handler
    startup_mspm0g351x_uvision.o(RESET) refers to blue.o(.text.UART1_IRQHandler) for UART1_IRQHandler
    startup_mspm0g351x_uvision.o(.text) refers (Special) to heapauxi.o(.text) for __use_two_region_memory
    startup_mspm0g351x_uvision.o(.text) refers to __main.o(!!!main) for __main
    startup_mspm0g351x_uvision.o(.text) refers to startup_mspm0g351x_uvision.o(HEAP) for Heap_Mem
    startup_mspm0g351x_uvision.o(.text) refers to startup_mspm0g351x_uvision.o(STACK) for Stack_Mem
    ti_msp_dl_config.o(.text.SYSCFG_DL_init) refers to ti_msp_dl_config.o(.text.SYSCFG_DL_initPower) for SYSCFG_DL_initPower
    ti_msp_dl_config.o(.text.SYSCFG_DL_init) refers to ti_msp_dl_config.o(.text.SYSCFG_DL_GPIO_init) for SYSCFG_DL_GPIO_init
    ti_msp_dl_config.o(.text.SYSCFG_DL_init) refers to ti_msp_dl_config.o(.text.SYSCFG_DL_SYSCTL_init) for SYSCFG_DL_SYSCTL_init
    ti_msp_dl_config.o(.text.SYSCFG_DL_init) refers to ti_msp_dl_config.o(.text.SYSCFG_DL_TB6612PWM_init) for SYSCFG_DL_TB6612PWM_init
    ti_msp_dl_config.o(.text.SYSCFG_DL_init) refers to ti_msp_dl_config.o(.text.SYSCFG_DL_DRV8873_init) for SYSCFG_DL_DRV8873_init
    ti_msp_dl_config.o(.text.SYSCFG_DL_init) refers to ti_msp_dl_config.o(.text.SYSCFG_DL_servo_init) for SYSCFG_DL_servo_init
    ti_msp_dl_config.o(.text.SYSCFG_DL_init) refers to ti_msp_dl_config.o(.text.SYSCFG_DL_AB1_init) for SYSCFG_DL_AB1_init
    ti_msp_dl_config.o(.text.SYSCFG_DL_init) refers to ti_msp_dl_config.o(.text.SYSCFG_DL_AB2_init) for SYSCFG_DL_AB2_init
    ti_msp_dl_config.o(.text.SYSCFG_DL_init) refers to ti_msp_dl_config.o(.text.SYSCFG_DL_OLED_init) for SYSCFG_DL_OLED_init
    ti_msp_dl_config.o(.text.SYSCFG_DL_init) refers to ti_msp_dl_config.o(.text.SYSCFG_DL_blue_init) for SYSCFG_DL_blue_init
    ti_msp_dl_config.o(.text.SYSCFG_DL_init) refers to ti_msp_dl_config.o(.text.SYSCFG_DL_UART_4_init) for SYSCFG_DL_UART_4_init
    ti_msp_dl_config.o(.text.SYSCFG_DL_init) refers to ti_msp_dl_config.o(.text.SYSCFG_DL_TFT_SPI0_init) for SYSCFG_DL_TFT_SPI0_init
    ti_msp_dl_config.o(.text.SYSCFG_DL_init) refers to ti_msp_dl_config.o(.text.SYSCFG_DL_IMU660RC_init) for SYSCFG_DL_IMU660RC_init
    ti_msp_dl_config.o(.text.SYSCFG_DL_init) refers to ti_msp_dl_config.o(.text.SYSCFG_DL_ADC1_init) for SYSCFG_DL_ADC1_init
    ti_msp_dl_config.o(.text.SYSCFG_DL_init) refers to ti_msp_dl_config.o(.text.SYSCFG_DL_ADC0_xunji_init) for SYSCFG_DL_ADC0_xunji_init
    ti_msp_dl_config.o(.text.SYSCFG_DL_init) refers to ti_msp_dl_config.o(.text.SYSCFG_DL_SYSCTL_CLK_init) for SYSCFG_DL_SYSCTL_CLK_init
    ti_msp_dl_config.o(.text.SYSCFG_DL_init) refers to ti_msp_dl_config.o(.bss.gservoBackup) for gservoBackup
    ti_msp_dl_config.o(.text.SYSCFG_DL_init) refers to ti_msp_dl_config.o(.bss.gTB6612PWMBackup) for gTB6612PWMBackup
    ti_msp_dl_config.o(.text.SYSCFG_DL_init) refers to ti_msp_dl_config.o(.bss.gAB1Backup) for gAB1Backup
    ti_msp_dl_config.o(.text.SYSCFG_DL_init) refers to ti_msp_dl_config.o(.bss.gTFT_SPI0Backup) for gTFT_SPI0Backup
    ti_msp_dl_config.o(.text.SYSCFG_DL_init) refers to ti_msp_dl_config.o(.bss.gIMU660RCBackup) for gIMU660RCBackup
    ti_msp_dl_config.o(.ARM.exidx.text.SYSCFG_DL_init) refers to ti_msp_dl_config.o(.text.SYSCFG_DL_init) for [Anonymous Symbol]
    ti_msp_dl_config.o(.text.SYSCFG_DL_initPower) refers to dl_common.o(.text.DL_Common_delayCycles) for DL_Common_delayCycles
    ti_msp_dl_config.o(.ARM.exidx.text.SYSCFG_DL_initPower) refers to ti_msp_dl_config.o(.text.SYSCFG_DL_initPower) for [Anonymous Symbol]
    ti_msp_dl_config.o(.ARM.exidx.text.SYSCFG_DL_GPIO_init) refers to ti_msp_dl_config.o(.text.SYSCFG_DL_GPIO_init) for [Anonymous Symbol]
    ti_msp_dl_config.o(.text.SYSCFG_DL_SYSCTL_init) refers to dl_sysctl_mspm0g1x0x_g3x0x.o(.text.DL_SYSCTL_configSYSPLL) for DL_SYSCTL_configSYSPLL
    ti_msp_dl_config.o(.text.SYSCFG_DL_SYSCTL_init) refers to ti_msp_dl_config.o(.text.SYSCFG_DL_SYSCTL_SYSPLL_init) for SYSCFG_DL_SYSCTL_SYSPLL_init
[...]
    _printf_d                                0x00000151   Thumb Code     0  _printf_d.o(.ARM.Collect$$_printf_percent$$00000009)
    _printf_u                                0x0000015b   Thumb Code     0  _printf_u.o(.ARM.Collect$$_printf_percent$$0000000A)
    _printf_percent_end                      0x00000165   Thumb Code     0  _printf_percent_end.o(.ARM.Collect$$_printf_percent$$00000017)
    __rt_lib_init                            0x00000169   Thumb Code     0  libinit.o(.ARM.Collect$$libinit$$00000000)
    __rt_lib_init_fp_1                       0x0000016b   Thumb Code     0  libinit2.o(.ARM.Collect$$libinit$$00000002)
    __rt_lib_init_heap_1                     0x0000016b   Thumb Code     0  libinit2.o(.ARM.Collect$$libinit$$0000000C)
    __rt_lib_init_lc_common                  0x0000016b   Thumb Code     0  libinit2.o(.ARM.Collect$$libinit$$00000011)
    __rt_lib_init_preinit_1                  0x0000016b   Thumb Code     0  libinit2.o(.ARM.Collect$$libinit$$00000006)
    __rt_lib_init_rand_1                     0x0000016b   Thumb Code     0  libinit2.o(.ARM.Collect$$libinit$$00000010)
    __rt_lib_init_relocate_pie_1             0x0000016b   Thumb Code     0  libinit2.o(.ARM.Collect$$libinit$$00000004)
    __rt_lib_init_user_alloc_1               0x0000016b   Thumb Code     0  libinit2.o(.ARM.Collect$$libinit$$0000000E)
    __rt_lib_init_lc_collate_1               0x00000171   Thumb Code     0  libinit2.o(.ARM.Collect$$libinit$$00000013)
    __rt_lib_init_lc_ctype_1                 0x00000171   Thumb Code     0  libinit2.o(.ARM.Collect$$libinit$$00000015)
    __rt_lib_init_lc_monetary_1              0x00000171   Thumb Code     0  libinit2.o(.ARM.Collect$$libinit$$00000017)
    __rt_lib_init_lc_numeric_2               0x00000171   Thumb Code     0  libinit2.o(.ARM.Collect$$libinit$$00000018)
    __rt_lib_init_alloca_1                   0x0000017b   Thumb Code     0  libinit2.o(.ARM.Collect$$libinit$$00000030)
    __rt_lib_init_argv_1                     0x0000017b   Thumb Code     0  libinit2.o(.ARM.Collect$$libinit$$0000002E)
    __rt_lib_init_atexit_1                   0x0000017b   Thumb Code     0  libinit2.o(.ARM.Collect$$libinit$$0000001D)
    __rt_lib_init_clock_1                    0x0000017b   Thumb Code     0  libinit2.o(.ARM.Collect$$libinit$$00000023)
    __rt_lib_init_cpp_1                      0x0000017b   Thumb Code     0  libinit2.o(.ARM.Collect$$libinit$$00000034)
    __rt_lib_init_exceptions_1               0x0000017b   Thumb Code     0  libinit2.o(.ARM.Collect$$libinit$$00000032)
    __rt_lib_init_fp_trap_1                  0x0000017b   Thumb Code     0  libinit2.o(.ARM.Collect$$libinit$$00000021)
    __rt_lib_init_getenv_1                   0x0000017b   Thumb Code     0  libinit2.o(.ARM.Collect$$libinit$$00000025)
    __rt_lib_init_lc_numeric_1               0x0000017b   Thumb Code     0  libinit2.o(.ARM.Collect$$libinit$$00000019)
    __rt_lib_init_lc_time_1                  0x0000017b   Thumb Code     0  libinit2.o(.ARM.Collect$$libinit$$0000001B)
    __rt_lib_init_return                     0x0000017b   Thumb Code     0  libinit2.o(.ARM.Collect$$libinit$$00000035)
    __rt_lib_init_signal_1                   0x0000017b   Thumb Code     0  libinit2.o(.ARM.Collect$$libinit$$0000001F)
    __rt_lib_init_stdio_1                    0x0000017b   Thumb Code     0  libinit2.o(.ARM.Collect$$libinit$$00000027)
    __rt_lib_shutdown                        0x0000017d   Thumb Code     0  libshutdown.o(.ARM.Collect$$libshutdown$$00000000)
    __rt_lib_shutdown_cpp_1                  0x0000017f   Thumb Code     0  libshutdown2.o(.ARM.Collect$$libshutdown$$00000002)
    __rt_lib_shutdown_fp_trap_1              0x0000017f   Thumb Code     0  libshutdown2.o(.ARM.Collect$$libshutdown$$00000007)
    __rt_lib_shutdown_heap_1                 0x0000017f   Thumb Code     0  libshutdown2.o(.ARM.Collect$$libshutdown$$0000000F)
    __rt_lib_shutdown_return                 0x0000017f   Thumb Code     0  libshutdown2.o(.ARM.Collect$$libshutdown$$00000010)
    __rt_lib_shutdown_signal_1               0x0000017f   Thumb Code     0  libshutdown2.o(.ARM.Collect$$libshutdown$$0000000A)
    __rt_lib_shutdown_stdio_1                0x0000017f   Thumb Code     0  libshutdown2.o(.ARM.Collect$$libshutdown$$00000004)
    __rt_lib_shutdown_user_alloc_1           0x0000017f   Thumb Code     0  libshutdown2.o(.ARM.Collect$$libshutdown$$0000000C)
    __rt_entry                               0x00000181   Thumb Code     0  __rtentry.o(.ARM.Collect$$rtentry$$00000000)
    __rt_entry_presh_1                       0x00000181   Thumb Code     0  __rtentry2.o(.ARM.Collect$$rtentry$$00000002)
    __rt_entry_sh                            0x00000181   Thumb Code     0  __rtentry4.o(.ARM.Collect$$rtentry$$00000004)
    __rt_entry_li                            0x00000187   Thumb Code     0  __rtentry2.o(.ARM.Collect$$rtentry$$0000000A)
    __rt_entry_postsh_1                      0x00000187   Thumb Code     0  __rtentry2.o(.ARM.Collect$$rtentry$$00000009)
    __rt_entry_main                          0x0000018b   Thumb Code     0  __rtentry2.o(.ARM.Collect$$rtentry$$0000000D)
    __rt_entry_postli_1                      0x0000018b   Thumb Code     0  __rtentry2.o(.ARM.Collect$$rtentry$$0000000C)
    __rt_exit                                0x00000193   Thumb Code     0  rtexit.o(.ARM.Collect$$rtexit$$00000000)
    __rt_exit_ls                             0x00000195   Thumb Code     0  rtexit2.o(.ARM.Collect$$rtexit$$00000003)
    __rt_exit_prels_1                        0x00000195   Thumb Code     0  rtexit2.o(.ARM.Collect$$rtexit$$00000002)
    __rt_exit_exit                           0x00000199   Thumb Code     0  rtexit2.o(.ARM.Collect$$rtexit$$00000004)
    __aeabi_memcpy4                          0x000001a1   Thumb Code    56  rt_memcpy.o(.emb_text)
    __aeabi_memcpy8                          0x000001a1   Thumb Code     0  rt_memcpy.o(.emb_text)
    Reset_Handler                            0x000001d9   Thumb Code     4  startup_mspm0g351x_uvision.o(.text)
    NMI_Handler                              0x000001dd   Thumb Code     2  startup_mspm0g351x_uvision.o(.text)
    HardFault_Handler                        0x000001df   Thumb Code     2  startup_mspm0g351x_uvision.o(.text)
    ADC0_IRQHandler                          0x000001e7   Thumb Code     0  startup_mspm0g351x_uvision.o(.text)
    ADC1_IRQHandler                          0x000001e7   Thumb Code     0  startup_mspm0g351x_uvision.o(.text)
    AESADV_IRQHandler                        0x000001e7   Thumb Code     0  startup_mspm0g351x_uvision.o(.text)
    CANFD0_IRQHandler                        0x000001e7   Thumb Code     0  startup_mspm0g351x_uvision.o(.text)
    CANFD1_IRQHandler                        0x000001e7   Thumb Code     0  startup_mspm0g351x_uvision.o(.text)
    DAC0_IRQHandler                          0x000001e7   Thumb Code     0  startup_mspm0g351x_uvision.o(.text)
    DMA_IRQHandler                           0x000001e7   Thumb Code     0  startup_mspm0g351x_uvision.o(.text)
    Default_Handler                          0x000001e7   Thumb Code     2  startup_mspm0g351x_uvision.o(.text)
    GROUP0_IRQHandler                        0x000001e7   Thumb Code     0  startup_mspm0g351x_uvision.o(.text)
    I2C0_IRQHandler                          0x000001e7   Thumb Code     0  startup_mspm0g351x_uvision.o(.text)
    I2C1_IRQHandler                          0x000001e7   Thumb Code     0  startup_mspm0g351x_uvision.o(.text)
    I2C2_IRQHandler                          0x000001e7   Thumb Code     0  startup_mspm0g351x_uvision.o(.text)
    LFSS_IRQHandler                          0x000001e7   Thumb Code     0  startup_mspm0g351x_uvision.o(.text)
    SPI0_IRQHandler                          0x000001e7   Thumb Code     0  startup_mspm0g351x_uvision.o(.text)
    SPI1_IRQHandler                          0x000001e7   Thumb Code     0  startup_mspm0g351x_uvision.o(.text)
    SPI2_IRQHandler                          0x000001e7   Thumb Code     0  startup_mspm0g351x_uvision.o(.text)
    TIMA0_IRQHandler                         0x000001e7   Thumb Code     0  startup_mspm0g351x_uvision.o(.text)
    TIMA1_IRQHandler                         0x000001e7   Thumb Code     0  startup_mspm0g351x_uvision.o(.text)
    TIMG0_IRQHandler                         0x000001e7   Thumb Code     0  startup_mspm0g351x_uvision.o(.text)
    TIMG12_IRQHandler                        0x000001e7   Thumb Code     0  startup_mspm0g351x_uvision.o(.text)
    TIMG14_IRQHandler                        0x000001e7   Thumb Code     0  startup_mspm0g351x_uvision.o(.text)
    TIMG6_IRQHandler                         0x000001e7   Thumb Code     0  startup_mspm0g351x_uvision.o(.text)
    TIMG7_IRQHandler                         0x000001e7   Thumb Code     0  startup_mspm0g351x_uvision.o(.text)
    TIMG8_IRQHandler                         0x000001e7   Thumb Code     0  startup_mspm0g351x_uvision.o(.text)
    TIMG9_IRQHandler                         0x000001e7   Thumb Code     0  startup_mspm0g351x_uvision.o(.text)
    UART0_IRQHandler                         0x000001e7   Thumb Code     0  startup_mspm0g351x_uvision.o(.text)
    UART3_IRQHandler                         0x000001e7   Thumb Code     0  startup_mspm0g351x_uvision.o(.text)
    UART4_IRQHandler                         0x000001e7   Thumb Code     0  startup_mspm0g351x_uvision.o(.text)
    UART5_IRQHandler                         0x000001e7   Thumb Code     0  startup_mspm0g351x_uvision.o(.text)
    UART6_IRQHandler                         0x000001e7   Thumb Code     0  startup_mspm0g351x_uvision.o(.text)
    UART7_IRQHandler                         0x000001e7   Thumb Code     0  startup_mspm0g351x_uvision.o(.text)
    __user_initial_stackheap                 0x000001e9   Thumb Code    10  startup_mspm0g351x_uvision.o(.text)
    __aeabi_lmul                             0x00000205   Thumb Code    48  llmul.o(.text)
    _ll_mul                                  0x00000205   Thumb Code     0  llmul.o(.text)
    __2sprintf                               0x00000235   Thumb Code    36  noretval__2sprintf.o(.text)
    _printf_int_dec                          0x0000025d   Thumb Code    90  _printf_dec.o(.text)
    __printf                                 0x000002c9   Thumb Code   270  __printf_wp.o(.text)
    __aeabi_memcpy                           0x000003d7   Thumb Code   130  rt_memcpy.o(.text)
    __rt_memcpy                              0x000003d7   Thumb Code     0  rt_memcpy.o(.text)
    __aeabi_memset4                          0x00000459   Thumb Code    18  aeabi_memset4.o(.text)
    __aeabi_memset8                          0x00000459   Thumb Code     0  aeabi_memset4.o(.text)
    _memset_w                                0x0000046b   Thumb Code    26  rt_memclr.o(.text)
    _memset                                  0x00000485   Thumb Code    30  rt_memclr.o(.text)
    __aeabi_memclr                           0x000004a3   Thumb Code     4  rt_memclr.o(.text)
    __rt_memclr                              0x000004a3   Thumb Code     0  rt_memclr.o(.text)
    __aeabi_memclr4                          0x000004a7   Thumb Code     0  rt_memclr.o(.text)
    __aeabi_memclr8                          0x000004a7   Thumb Code     0  rt_memclr.o(.text)
    __rt_memclr_w                            0x000004a7   Thumb Code     4  rt_memclr.o(.text)
    __aeabi_uidivmod                         0x000004ad   Thumb Code    28  aeabi_sdivfast.o(.text)
    __aeabi_idivmod                          0x000004c9   Thumb Code   472  aeabi_sdivfast.o(.text)
    __use_two_region_memory                  0x000006a5   Thumb Code     2  heapauxi.o(.text)
    __rt_heap_escrow$2region                 0x000006a7   Thumb Code     2  heapauxi.o(.text)
    __rt_heap_expand$2region                 0x000006a9   Thumb Code     2  heapauxi.o(.text)
    __aeabi_dadd                             0x000009a5   Thumb Code     0  daddsub.o(.text)
    _dadd                                    0x000009a5   Thumb Code    26  daddsub.o(.text)
    __aeabi_dsub                             0x000009bf   Thumb Code     0  daddsub.o(.text)
    _dsub                                    0x000009bf   Thumb Code    22  daddsub.o(.text)
    __aeabi_drsub                            0x000009d5   Thumb Code     0  daddsub.o(.text)
    _drsb                                    0x000009d5   Thumb Code    28  daddsub.o(.text)
    __aeabi_ddiv                             0x00000a05   Thumb Code     0  ddiv.o(.text)
    _ddiv                                    0x00000a05   Thumb Code  1072  ddiv.o(.text)
    _drdiv                                   0x00000e35   Thumb Code    20  ddiv.o(.text)
    __aeabi_d2iz                             0x00000e4d   Thumb Code     0  dfixi.o(.text)
    _dfix                                    0x00000e4d   Thumb Code    98  dfixi.o(.text)
    __aeabi_i2d_normalise                    0x00000eb9   Thumb Code    66  dflti.o(.text)
    __aeabi_i2d                              0x00000efb   Thumb Code    16  dflti.o(.text)
    _dflt                                    0x00000efb   Thumb Code     0  dflti.o(.text)
    __aeabi_ui2d                             0x00000f0b   Thumb Code     6  dflti.o(.text)
    _dfltu                                   0x00000f0b   Thumb Code     0  dflti.o(.text)
    __aeabi_dmul                             0x00000f11   Thumb Code     0  dmul.o(.text)
    _dmul                                    0x00000f11   Thumb Code   558  dmul.o(.text)
    __aeabi_f2d                              0x00001159   Thumb Code     0  f2d.o(.text)
    _f2d                                     0x00001159   Thumb Code    80  f2d.o(.text)
    __aeabi_fdiv                             0x000011ad   Thumb Code     0  fdiv.o(.text)
    _fdiv                                    0x000011ad   Thumb Code   334  fdiv.o(.text)
    _frdiv                                   0x000012fb   Thumb Code     8  fdiv.o(.text)
    __aeabi_f2iz                             0x0000130d   Thumb Code     0  ffixi.o(.text)
    _ffix                                    0x0000130d   Thumb Code    76  ffixi.o(.text)
    __aeabi_i2f_normalise                    0x00001359   Thumb Code    72  fflti.o(.text)
    __aeabi_i2f                              0x000013a1   Thumb Code    16  fflti.o(.text)
    _fflt                                    0x000013a1   Thumb Code     0  fflti.o(.text)
    __aeabi_ui2f                             0x000013b1   Thumb Code     6  fflti.o(.text)
    _ffltu                                   0x000013b1   Thumb Code     0  fflti.o(.text)
    __read_errno                             0x000013b7   Thumb Code    10  _rserrno.o(.text)
    __set_errno                              0x000013c1   Thumb Code    12  _rserrno.o(.text)
    _printf_int_common                       0x000013cd   Thumb Code   176  _printf_intcommon.o(.text)
    _printf_fp_dec_real                      0x00001619   Thumb Code   620  _printf_fp_dec.o(.text)
    _printf_char_common                      0x0000189b   Thumb Code    32  _printf_char_common.o(.text)
    _sputc                                   0x000018c1   Thumb Code    10  _sputc.o(.text)
    __rt_udiv10                              0x000018cb   Thumb Code    40  rtudiv10.o(.text)
    __ARM_scalbnf                            0x000018f5   Thumb Code    64  fscalbn.o(.text)
    _fsqrt                                   0x00001939   Thumb Code   140  fsqrt.o(.text)
    __rt_locale                              0x000019c9   Thumb Code     8  rt_locale_intlibspace.o(.text)
    __aeabi_errno_addr                       0x000019d1   Thumb Code     8  rt_errno_addr_intlibspace.o(.text)
    __errno$intlibspace                      0x000019d1   Thumb Code     0  rt_errno_addr_intlibspace.o(.text)
    __rt_errno_addr$intlibspace              0x000019d1   Thumb Code     0  rt_errno_addr_intlibspace.o(.text)
    _ll_udiv10                               0x000019d9   Thumb Code   122  lludiv10.o(.text)
    _printf_fp_infnan                        0x00001a55   Thumb Code   120  _printf_fp_infnan.o(.text)
    _btod_etento                             0x00001add   Thumb Code   210  bigflt0.o(.text)
    _btod_d2e                                0x00001bb5   Thumb Code    64  btod.o(.text)
    _btod_emul                               0x00001fe9   Thumb Code    28  btod.o(.text)
    _btod_emuld                              0x00002005   Thumb Code   144  btod.o(.text)
    _btod_ediv                               0x00002095   Thumb Code    26  btod.o(.text)
    _btod_edivd                              0x000020af   Thumb Code   124  btod.o(.text)
    __fpl_dcmp_InfNaN                        0x00002135   Thumb Code   154  dcmpin.o(.text)
    __fpl_fcmp_InfNaN                        0x000021d5   Thumb Code    96  fcmpin.o(.text)
    __user_libspace                          0x00002239   Thumb Code     8  libspace.o(.text)
    __user_perproc_libspace                  0x00002239   Thumb Code     0  libspace.o(.text)
    __user_perthread_libspace                0x00002239   Thumb Code     0  libspace.o(.text)
    __user_setup_stackheap                   0x00002241   Thumb Code    62  sys_stackheap_outer.o(.text)
    exit                                     0x0000227f   Thumb Code    16  exit.o(.text)
    strcmp                                   0x00002291   Thumb Code   176  strcmpv6m.o(.text)
    __fpl_cmpreturn                          0x00002341   Thumb Code    46  cmpret.o(.text)
    __fpl_dcheck_NaN2                        0x00002371   Thumb Code    14  dnan2.o(.text)
    __fpl_fcheck_NaN2                        0x00002385   Thumb Code    10  fnan2.o(.text)
    __fpl_return_NaN                         0x00002395   Thumb Code    94  retnan.o(.text)
    _sys_exit                                0x000023f5   Thumb Code     8  sys_exit.o(.text)
    __I$use$semihosting                      0x00002401   Thumb Code     0  use_no_semi.o(.text)
    __use_no_semihosting_swi                 0x00002401   Thumb Code     2  use_no_semi.o(.text)
    __semihosting_library_function           0x00002403   Thumb Code     0  indicate_semi.o(.text)
    Bluetooth_Init                           0x00002405   Thumb Code    36  blue.o(.text.Bluetooth_Init)
    Bluetooth_Process_Byte                   0x00002435   Thumb Code   128  blue.o(.text.Bluetooth_Process_Byte)
    DL_ADC12_setClockConfig                  0x000024dd   Thumb Code    56  dl_adc12.o(.text.DL_ADC12_setClockConfig)
    DL_Common_delayCycles                    0x0000251d   Thumb Code    10  dl_common.o(.text.DL_Common_delayCycles)
    DL_I2C_setClockConfig                    0x00002527   Thumb Code    38  dl_i2c.o(.text.DL_I2C_setClockConfig)
    DL_SPI_init                              0x0000254d   Thumb Code    60  dl_spi.o(.text.DL_SPI_init)
    DL_SPI_setClockConfig                    0x00002591   Thumb Code    18  dl_spi.o(.text.DL_SPI_setClockConfig)
    DL_SYSCTL_configFCC                      0x000025a5   Thumb Code    24  dl_sysctl_mspm0g1x0x_g3x0x.o(.text.DL_SYSCTL_configFCC)
    DL_SYSCTL_configSYSPLL                   0x000025c1   Thumb Code   220  dl_sysctl_mspm0g1x0x_g3x0x.o(.text.DL_SYSCTL_configSYSPLL)
    DL_SYSCTL_switchMCLKfromSYSOSCtoHSCLK    0x000026ad   Thumb Code    72  dl_sysctl_mspm0g1x0x_g3x0x.o(.text.DL_SYSCTL_switchMCLKfromSYSOSCtoHSCLK)
    DL_Timer_initFourCCPWMMode               0x000026fd   Thumb Code   244  dl_timer.o(.text.DL_Timer_initFourCCPWMMode)
    DL_Timer_setCaptCompUpdateMethod         0x0000280d   Thumb Code    24  dl_timer.o(.text.DL_Timer_setCaptCompUpdateMethod)
    DL_Timer_setCaptureCompareOutCtl         0x00002829   Thumb Code    20  dl_timer.o(.text.DL_Timer_setCaptureCompareOutCtl)
    DL_Timer_setCaptureCompareValue          0x00002841   Thumb Code    12  dl_timer.o(.text.DL_Timer_setCaptureCompareValue)
    DL_Timer_setClockConfig                  0x00002851   Thumb Code    24  dl_timer.o(.text.DL_Timer_setClockConfig)
    DL_UART_init                             0x0000286d   Thumb Code    64  dl_uart.o(.text.DL_UART_init)
    DL_UART_setClockConfig                   0x000028b5   Thumb Code    18  dl_uart.o(.text.DL_UART_setClockConfig)
    DRV8873_Init                             0x000028c9   Thumb Code    56  drv8873.o(.text.DRV8873_Init)
    DRV8873_Set_Speed                        0x00002909   Thumb Code   104  drv8873.o(.text.DRV8873_Set_Speed)
    DRV8873_Stop_All                         0x00002979   Thumb Code    44  drv8873.o(.text.DRV8873_Stop_All)
    Encode_Get_Delta                         0x00002c59   Thumb Code    28  encode.o(.text.Encode_Get_Delta)
    Encode_Init                              0x00002c7d   Thumb Code    52  encode.o(.text.Encode_Init)
    FollowLine_Init                          0x00002cbd   Thumb Code    20  follow_line.o(.text.FollowLine_Init)
    GROUP1_IRQHandler                        0x00002cd9   Thumb Code    32  zf_device_imu660rc.o(.text.GROUP1_IRQHandler)
    Grayscale_Get_Digital                    0x00002cfd   Thumb Code     6  grayscale.o(.text.Grayscale_Get_Digital)
    Grayscale_Init                           0x00002d05   Thumb Code   356  grayscale.o(.text.Grayscale_Init)
    Grayscale_Init_First                     0x00002e71   Thumb Code    56  grayscale.o(.text.Grayscale_Init_First)
    Grayscale_Update                         0x00002ead   Thumb Code  1116  grayscale.o(.text.Grayscale_Update)
    MG513XGMR_Init                           0x00003319   Thumb Code   128  mg513xgmr.o(.text.MG513XGMR_Init)
    MG513XGMR_Update                         0x000033b1   Thumb Code   356  mg513xgmr.o(.text.MG513XGMR_Update)
    PID_calc                                 0x00003525   Thumb Code   528  q_pid.o(.text.PID_calc)
    PID_clear                                0x00003735   Thumb Code    16  q_pid.o(.text.PID_clear)
    PID_init                                 0x00003745   Thumb Code    40  q_pid.o(.text.PID_init)
    PendSV_Handler                           0x00003771   Thumb Code    64  portasm.o(.text.PendSV_Handler)
    SVC_Handler                              0x000037c1   Thumb Code    32  portasm.o(.text.SVC_Handler)
    SYSCFG_DL_AB1_init                       0x000037e5   Thumb Code    44  ti_msp_dl_config.o(.text.SYSCFG_DL_AB1_init)
    SYSCFG_DL_AB2_init                       0x00003825   Thumb Code    44  ti_msp_dl_config.o(.text.SYSCFG_DL_AB2_init)
    SYSCFG_DL_ADC0_xunji_init                0x00003871   Thumb Code    28  ti_msp_dl_config.o(.text.SYSCFG_DL_ADC0_xunji_init)
    SYSCFG_DL_ADC1_init                      0x00003899   Thumb Code    60  ti_msp_dl_config.o(.text.SYSCFG_DL_ADC1_init)
    SYSCFG_DL_DRV8873_init                   0x000038ed   Thumb Code   116  ti_msp_dl_config.o(.text.SYSCFG_DL_DRV8873_init)
    SYSCFG_DL_GPIO_init                      0x00003979   Thumb Code   364  ti_msp_dl_config.o(.text.SYSCFG_DL_GPIO_init)
    SYSCFG_DL_IMU660RC_init                  0x00003b25   Thumb Code    56  ti_msp_dl_config.o(.text.SYSCFG_DL_IMU660RC_init)
    SYSCFG_DL_OLED_init                      0x00003b6d   Thumb Code    72  ti_msp_dl_config.o(.text.SYSCFG_DL_OLED_init)
    SYSCFG_DL_SYSCTL_CLK_init                0x00003bc1   Thumb Code    40  ti_msp_dl_config.o(.text.SYSCFG_DL_SYSCTL_CLK_init)
    SYSCFG_DL_SYSCTL_SYSPLL_init             0x00003bed   Thumb Code   140  ti_msp_dl_config.o(.text.SYSCFG_DL_SYSCTL_SYSPLL_init)
    SYSCFG_DL_SYSCTL_init                    0x00003c8d   Thumb Code   144  ti_msp_dl_config.o(.text.SYSCFG_DL_SYSCTL_init)
    SYSCFG_DL_TB6612PWM_init                 0x00003d31   Thumb Code   120  ti_msp_dl_config.o(.text.SYSCFG_DL_TB6612PWM_init)
    SYSCFG_DL_TFT_SPI0_init                  0x00003dbd   Thumb Code    56  ti_msp_dl_config.o(.text.SYSCFG_DL_TFT_SPI0_init)
    SYSCFG_DL_UART_4_init                    0x00003e09   Thumb Code   104  ti_msp_dl_config.o(.text.SYSCFG_DL_UART_4_init)
    SYSCFG_DL_blue_init                      0x00003e81   Thumb Code   104  ti_msp_dl_config.o(.text.SYSCFG_DL_blue_init)
    SYSCFG_DL_init                           0x00003efd   Thumb Code    96  ti_msp_dl_config.o(.text.SYSCFG_DL_init)
    SYSCFG_DL_initPower                      0x00003f71   Thumb Code   128  ti_msp_dl_config.o(.text.SYSCFG_DL_initPower)
    SYSCFG_DL_servo_init                     0x00004035   Thumb Code   188  ti_msp_dl_config.o(.text.SYSCFG_DL_servo_init)
    SysTick_Handler                          0x00004135   Thumb Code    32  port.o(.text.SysTick_Handler)
    UART1_IRQHandler                         0x00004159   Thumb Code    36  blue.o(.text.UART1_IRQHandler)
    eTaskConfirmSleepModeStatus              0x00004185   Thumb Code    52  tasks.o(.text.eTaskConfirmSleepModeStatus)
    icm42688p_init                           0x000041cd   Thumb Code  5736  icm42688p.o(.text.icm42688p_init)
    icm42688p_read_id                        0x0000584d   Thumb Code   596  icm42688p.o(.text.icm42688p_read_id)
    icm42688p_update                         0x00005ab1   Thumb Code  5968  icm42688p.o(.text.icm42688p_update)
    imu660rc_get_quarternion                 0x00007241   Thumb Code  1156  zf_device_imu660rc.o(.text.imu660rc_get_quarternion)
    main                                     0x00007901   Thumb Code   176  main.o(.text.main)
    pvPortMalloc                             0x00008125   Thumb Code   416  heap_4.o(.text.pvPortMalloc)
    pxPortInitialiseStack                    0x000082e1   Thumb Code   136  port.o(.text.pxPortInitialiseStack)
    tft180_clear                             0x0000839d   Thumb Code   424  zf_device_tft180.o(.text.tft180_clear)
    tft180_init                              0x0000854d   Thumb Code  4304  zf_device_tft180.o(.text.tft180_init)
    tft180_set_color                         0x0000961d   Thumb Code    12  zf_device_tft180.o(.text.tft180_set_color)
    tft180_show_char                         0x00009a29   Thumb Code   920  zf_device_tft180.o(.text.tft180_show_char)
    tft180_show_float                        0x00009de5   Thumb Code   336  zf_device_tft180.o(.text.tft180_show_float)
    tft180_show_int                          0x00009f65   Thumb Code   264  zf_device_tft180.o(.text.tft180_show_int)
    tft180_show_string                       0x0000a091   Thumb Code   112  zf_device_tft180.o(.text.tft180_show_string)
    tft180_show_uint                         0x0000a101   Thumb Code   264  zf_device_tft180.o(.text.tft180_show_uint)
    ulSetInterruptMask                       0x0000a231   Thumb Code     8  portasm.o(.text.ulSetInterruptMask)
    uxListRemove                             0x0000a239   Thumb Code    32  list.o(.text.uxListRemove)
    vApplicationGetIdleTaskMemory            0x0000a259   Thumb Code    16  freertos_hooks.o(.text.vApplicationGetIdleTaskMemory)
    vApplicationGetTimerTaskMemory           0x0000a271   Thumb Code    16  freertos_hooks.o(.text.vApplicationGetTimerTaskMemory)
    vApplicationStackOverflowHook            0x0000a289   Thumb Code     2  freertos_hooks.o(.text.vApplicationStackOverflowHook)
    vClearInterruptMask                      0x0000a28b   Thumb Code     6  portasm.o(.text.vClearInterruptMask)
    vListInitialise                          0x0000a291   Thumb Code    16  list.o(.text.vListInitialise)
    vListInitialiseItem                      0x0000a2a1   Thumb Code     6  list.o(.text.vListInitialiseItem)
    vListInsert                              0x0000a2a7   Thumb Code    60  list.o(.text.vListInsert)
    vPortEnterCritical                       0x0000a2e5   Thumb Code    20  port.o(.text.vPortEnterCritical)
    vPortExitCritical                        0x0000a2f9   Thumb Code    32  port.o(.text.vPortExitCritical)
    vPortFree                                0x0000a31d   Thumb Code   228  heap_4.o(.text.vPortFree)
    vPortSVCHandler_C                        0x0000a419   Thumb Code    22  port.o(.text.vPortSVCHandler_C)
    vPortSetupTimerInterrupt                 0x0000a431   Thumb Code    36  port.o(.text.vPortSetupTimerInterrupt)
    vPortSuppressTicksAndSleep               0x0000a459   Thumb Code   300  port.o(.text.vPortSuppressTicksAndSleep)
    vPortYield                               0x0000a59d   Thumb Code    20  port.o(.text.vPortYield)
    vQueueWaitForMessageRestricted           0x0000a5b5   Thumb Code    68  queue.o(.text.vQueueWaitForMessageRestricted)
    vRestoreContextOfFirstTask               0x0000a601   Thumb Code    32  portasm.o(.text.vRestoreContextOfFirstTask)
    vStartFirstTask                          0x0000a631   Thumb Code    16  portasm.o(.text.vStartFirstTask)
    vTaskDelay                               0x0000a641   Thumb Code   112  tasks.o(.text.vTaskDelay)
    vTaskInternalSetTimeOutState             0x0000a6b9   Thumb Code    16  tasks.o(.text.vTaskInternalSetTimeOutState)
    vTaskMissedYield                         0x0000a6cd   Thumb Code     8  tasks.o(.text.vTaskMissedYield)
    vTaskPlaceOnEventList                    0x0000a6d5   Thumb Code    32  tasks.o(.text.vTaskPlaceOnEventList)
    vTaskPlaceOnEventListRestricted          0x0000a6f5   Thumb Code    72  tasks.o(.text.vTaskPlaceOnEventListRestricted)
    vTaskStartScheduler                      0x0000a73d   Thumb Code   176  tasks.o(.text.vTaskStartScheduler)
    vTaskStepTick                            0x0000a801   Thumb Code    76  tasks.o(.text.vTaskStepTick)
    vTaskSuspendAll                          0x0000a859   Thumb Code    12  tasks.o(.text.vTaskSuspendAll)
    vTaskSwitchContext                       0x0000a865   Thumb Code   196  tasks.o(.text.vTaskSwitchContext)
    xPortStartScheduler                      0x0000a941   Thumb Code   120  port.o(.text.xPortStartScheduler)
    xQueueGenericCreateStatic                0x0000a9c9   Thumb Code   166  queue.o(.text.xQueueGenericCreateStatic)
    xQueueReceive                            0x0000aa6f   Thumb Code   302  queue.o(.text.xQueueReceive)
    xTaskCheckForTimeOut                     0x0000ab9d   Thumb Code   104  tasks.o(.text.xTaskCheckForTimeOut)
    xTaskCreate                              0x0000ac05   Thumb Code   100  tasks.o(.text.xTaskCreate)
    xTaskCreateStatic                        0x0000ac69   Thumb Code   106  tasks.o(.text.xTaskCreateStatic)
    xTaskDelayUntil                          0x0000acd5   Thumb Code   164  tasks.o(.text.xTaskDelayUntil)
    xTaskGetSchedulerState                   0x0000ad79   Thumb Code    24  tasks.o(.text.xTaskGetSchedulerState)
    xTaskGetTickCount                        0x0000ad95   Thumb Code     8  tasks.o(.text.xTaskGetTickCount)
    xTaskIncrementTick                       0x0000ad9d   Thumb Code   308  tasks.o(.text.xTaskIncrementTick)
    xTaskRemoveFromEventList                 0x0000aedd   Thumb Code   200  tasks.o(.text.xTaskRemoveFromEventList)
    xTaskResumeAll                           0x0000afb1   Thumb Code   284  tasks.o(.text.xTaskResumeAll)
    xTimerCreateTimerTask                    0x0000b0f5   Thumb Code   128  timers.o(.text.xTimerCreateTimerTask)
    __aeabi_uidiv                            0x0000b1a1   Thumb Code    68  aeabi_sdivfast.o(.text_divfast)
    __aeabi_idiv                             0x0000b1e5   Thumb Code   434  aeabi_sdivfast.o(.text_divfast)
    __ARM_common_ll_muluu                    0x0000b397   Thumb Code    48  btod.o(i.__ARM_common_ll_muluu)
    __ARM_fpclassify                         0x0000b3c9   Thumb Code    40  fpclassify.o(i.__ARM_fpclassify)
    __ARM_fpclassifyf                        0x0000b3f5   Thumb Code    34  fpclassifyf.o(i.__ARM_fpclassifyf)
    __mathlib_flt_infnan                     0x0000b417   Thumb Code    10  funder.o(i.__mathlib_flt_infnan)
    __mathlib_flt_infnan2                    0x0000b421   Thumb Code     8  funder.o(i.__mathlib_flt_infnan2)
    __mathlib_flt_invalid                    0x0000b429   Thumb Code    12  funder.o(i.__mathlib_flt_invalid)
    __mathlib_flt_underflow                  0x0000b435   Thumb Code    14  funder.o(i.__mathlib_flt_underflow)
    __aeabi_dcmpgt                           0x0000b443   Thumb Code     0  dcmp.o(i._dgr)
    _dgr                                     0x0000b443   Thumb Code    22  dcmp.o(i._dgr)
    __aeabi_fcmpeq                           0x0000b459   Thumb Code     0  fcmp.o(i._feq)
    _feq                                     0x0000b459   Thumb Code    22  fcmp.o(i._feq)
    __aeabi_fcmpge                           0x0000b46f   Thumb Code     0  fcmp.o(i._fgeq)
    _fgeq                                    0x0000b46f   Thumb Code    22  fcmp.o(i._fgeq)
    __aeabi_fcmpgt                           0x0000b485   Thumb Code     0  fcmp.o(i._fgr)
    _fgr                                     0x0000b485   Thumb Code    22  fcmp.o(i._fgr)
    __aeabi_fcmple                           0x0000b49b   Thumb Code     0  fcmp.o(i._fleq)
    _fleq                                    0x0000b49b   Thumb Code    26  fcmp.o(i._fleq)
    __aeabi_fcmplt                           0x0000b4b5   Thumb Code     0  fcmp.o(i._fls)
    _fls                                     0x0000b4b5   Thumb Code    22  fcmp.o(i._fls)
    _is_digit                                0x0000b4cb   Thumb Code    14  __printf_wp.o(i._is_digit)
    asinf                                    0x0000b4d9   Thumb Code   242  asinf.o(i.asinf)
    atan2f                                   0x0000b5f1   Thumb Code   592  atan2f.o(i.atan2f)
    sqrtf                                    0x0000b88d   Thumb Code    44  sqrtf.o(i.sqrtf)
    _get_lc_numeric                          0x0000b8b9   Thumb Code    44  lc_numeric_c.o(locale$$code)
    _dcmpge                                  0x0000b8e5   Thumb Code    94  dgef.o(x$fpl$dgeqf)
    __aeabi_fadd                             0x0000b949   Thumb Code     0  faddsub.o(x$fpl$fadd)
    _fadd                                    0x0000b949   Thumb Code   134  faddsub.o(x$fpl$fadd)
    __aeabi_cfcmpeq                          0x0000b9d5   Thumb Code     0  feqf.o(x$fpl$feqf)
    _fcmpeq                                  0x0000b9d5   Thumb Code    78  feqf.o(x$fpl$feqf)
    _fcmpge                                  0x0000ba29   Thumb Code    78  fgef.o(x$fpl$fgeqf)
    __aeabi_cfcmple                          0x0000ba7d   Thumb Code     0  flef.o(x$fpl$fleqf)
    _fcmple                                  0x0000ba7d   Thumb Code    78  flef.o(x$fpl$fleqf)
    __aeabi_fmul                             0x0000bad1   Thumb Code     0  fmul.o(x$fpl$fmul)
    _fmul                                    0x0000bad1   Thumb Code   172  fmul.o(x$fpl$fmul)
    __aeabi_frsub                            0x0000bb81   Thumb Code     0  faddsub.o(x$fpl$frsb)
    _frsb                                    0x0000bb81   Thumb Code    24  faddsub.o(x$fpl$frsb)
    __aeabi_fsub                             0x0000bb99   Thumb Code     0  faddsub.o(x$fpl$fsub)
    _fsub                                    0x0000bb99   Thumb Code   204  faddsub.o(x$fpl$fsub)
    _printf_fp_dec                           0x0000bc69   Thumb Code    16  printf1.o(x$fpl$printf1)
    __I$use$fp                               0x0000bc78   Number         0  usenofp.o(x$fpl$usenofp)
    Region$$Table$$Base                      0x0000c690   Number         0  anon$$obj.o(Region$$Table)
    Region$$Table$$Limit                     0x0000c6b0   Number         0  anon$$obj.o(Region$$Table)
    g_bt_speed_grade                         0x20200000   Data           1  blue.o(.data.g_bt_speed_grade)
    g_line_controller                        0x20200004   Data          28  follow_line.o(.data.g_line_controller)
    __libspace_start                         0x20200030   Data          96  libspace.o(.bss)
    __temporary_stack_top$libspace           0x20200090   Data           0  libspace.o(.bss)
    gAB1Backup                               0x20200090   Data         160  ti_msp_dl_config.o(.bss.gAB1Backup)
    gIMU660RCBackup                          0x20200130   Data          40  ti_msp_dl_config.o(.bss.gIMU660RCBackup)
    gTB6612PWMBackup                         0x20200158   Data         188  ti_msp_dl_config.o(.bss.gTB6612PWMBackup)
    gTFT_SPI0Backup                          0x20200214   Data          40  ti_msp_dl_config.o(.bss.gTFT_SPI0Backup)
    g_bluetooth_data                         0x20200248   Data           1  blue.o(.bss.g_bluetooth_data)
    g_bt_running_flag                        0x20200249   Data           1  blue.o(.bss.g_bt_running_flag)
    g_grayscale_sensor                       0x20200250   Data         168  main.o(.bss.g_grayscale_sensor)
    g_motor_left                             0x202002f8   Data         180  mg513xgmr.o(.bss.g_motor_left)
    g_motor_right                            0x202003ac   Data         180  mg513xgmr.o(.bss.g_motor_right)
    gservoBackup                             0x20200460   Data         188  ti_msp_dl_config.o(.bss.gservoBackup)
    icm42688p_acc_x                          0x2020051c   Data           2  icm42688p.o(.bss.icm42688p_acc_x)
    icm42688p_acc_y                          0x2020051e   Data           2  icm42688p.o(.bss.icm42688p_acc_y)
    icm42688p_acc_z                          0x20200520   Data           2  icm42688p.o(.bss.icm42688p_acc_z)
    icm42688p_gyro_x                         0x20200522   Data           2  icm42688p.o(.bss.icm42688p_gyro_x)
    icm42688p_gyro_y                         0x20200524   Data           2  icm42688p.o(.bss.icm42688p_gyro_y)
    icm42688p_gyro_z                         0x20200526   Data           2  icm42688p.o(.bss.icm42688p_gyro_z)
    icm42688p_pitch                          0x20200528   Data           4  icm42688p.o(.bss.icm42688p_pitch)
    icm42688p_roll                           0x2020052c   Data           4  icm42688p.o(.bss.icm42688p_roll)
    icm42688p_yaw                            0x20200530   Data           4  icm42688p.o(.bss.icm42688p_yaw)
    imu660rc_acc_x                           0x20200534   Data           2  zf_device_imu660rc.o(.bss.imu660rc_acc_x)
    imu660rc_acc_y                           0x20200536   Data           2  zf_device_imu660rc.o(.bss.imu660rc_acc_y)
    imu660rc_acc_z                           0x20200538   Data           2  zf_device_imu660rc.o(.bss.imu660rc_acc_z)
    imu660rc_gyro_x                          0x2020053a   Data           2  zf_device_imu660rc.o(.bss.imu660rc_gyro_x)
    imu660rc_gyro_y                          0x2020053c   Data           2  zf_device_imu660rc.o(.bss.imu660rc_gyro_y)
    imu660rc_gyro_z                          0x2020053e   Data           2  zf_device_imu660rc.o(.bss.imu660rc_gyro_z)
    imu660rc_pitch                           0x20200540   Data           4  zf_device_imu660rc.o(.bss.imu660rc_pitch)
    imu660rc_quarternion                     0x20200544   Data          16  zf_device_imu660rc.o(.bss.imu660rc_quarternion)
    imu660rc_roll                            0x20200558   Data           4  zf_device_imu660rc.o(.bss.imu660rc_roll)
    imu660rc_yaw                             0x2020055c   Data           4  zf_device_imu660rc.o(.bss.imu660rc_yaw)
    pxCurrentTCB                             0x2020062c   Data           4  tasks.o(.bss.pxCurrentTCB)



==============================================================================

Memory Map of the image

  Image Entry point : 0x000000c1

  Load Region LR_IROM1 (Base: 0x00000000, Size: 0x0000c700, Max: 0x00080000, ABSOLUTE)

    Execution Region ER_IROM1 (Exec base: 0x00000000, Load base: 0x00000000, Size: 0x0000c6cc, Max: 0x00080000, ABSOLUTE)

    Exec Addr    Load Addr    Size         Type   Attr      Idx    E Section Name        Object

    0x00000000   0x00000000   0x000000c0   Data   RO            3    RESET               startup_mspm0g351x_uvision.o
    0x000000c0   0x000000c0   0x00000008   Code   RO         1260  * !!!main             c_p.l(__main.o)
    0x000000c8   0x000000c8   0x0000003c   Code   RO         1605    !!!scatter          c_p.l(__scatter.o)
    0x00000104   0x00000104   0x00000004   PAD
    0x00000108   0x00000108   0x0000001a   Code   RO         1607    !!handler_copy      c_p.l(__scatter_copy.o)
    0x00000122   0x00000122   0x00000006   PAD
    0x00000128   0x00000128   0x0000001c   Code   RO         1609    !!handler_zi        c_p.l(__scatter_zi.o)
    0x00000144   0x00000144   0x00000002   Code   RO         1239    .ARM.Collect$$_printf_percent$$00000000  c_p.l(_printf_percent.o)
    0x00000146   0x00000146   0x0000000a   Code   RO         1238    .ARM.Collect$$_printf_percent$$00000003  c_p.l(_printf_f.o)
    0x00000150   0x00000150   0x0000000a   Code   RO         1236    .ARM.Collect$$_printf_percent$$00000009  c_p.l(_printf_d.o)
    0x0000015a   0x0000015a   0x0000000a   Code   RO         1237    .ARM.Collect$$_printf_percent$$0000000A  c_p.l(_printf_u.o)
    0x00000164   0x00000164   0x00000004   Code   RO         1349    .ARM.Collect$$_printf_percent$$00000017  c_p.l(_printf_percent_end.o)
    0x00000168   0x00000168   0x00000002   Code   RO         1459    .ARM.Collect$$libinit$$00000000  c_p.l(libinit.o)
    0x0000016a   0x0000016a   0x00000000   Code   RO         1461    .ARM.Collect$$libinit$$00000002  c_p.l(libinit2.o)
    0x0000016a   0x0000016a   0x00000000   Code   RO         1463    .ARM.Collect$$libinit$$00000004  c_p.l(libinit2.o)
    0x0000016a   0x0000016a   0x00000000   Code   RO         1465    .ARM.Collect$$libinit$$00000006  c_p.l(libinit2.o)
    0x0000016a   0x0000016a   0x00000000   Code   RO         1468    .ARM.Collect$$libinit$$0000000C  c_p.l(libinit2.o)
    0x0000016a   0x0000016a   0x00000000   Code   RO         1470    .ARM.Collect$$libinit$$0000000E  c_p.l(libinit2.o)
    0x0000016a   0x0000016a   0x00000000   Code   RO         1472    .ARM.Collect$$libinit$$00000010  c_p.l(libinit2.o)
    0x0000016a   0x0000016a   0x00000006   Code   RO         1473    .ARM.Collect$$libinit$$00000011  c_p.l(libinit2.o)
    0x00000170   0x00000170   0x00000000   Code   RO         1475    .ARM.Collect$$libinit$$00000013  c_p.l(libinit2.o)
    0x00000170   0x00000170   0x00000000   Code   RO         1477    .ARM.Collect$$libinit$$00000015  c_p.l(libinit2.o)
    0x00000170   0x00000170   0x00000000   Code   RO         1479    .ARM.Collect$$libinit$$00000017  c_p.l(libinit2.o)
    0x00000170   0x00000170   0x0000000a   Code   RO         1480    .ARM.Collect$$libinit$$00000018  c_p.l(libinit2.o)
    0x0000017a   0x0000017a   0x00000000   Code   RO         1481    .ARM.Collect$$libinit$$00000019  c_p.l(libinit2.o)
    0x0000017a   0x0000017a   0x00000000   Code   RO         1483    .ARM.Collect$$libinit$$0000001B  c_p.l(libinit2.o)
    0x0000017a   0x0000017a   0x00000000   Code   RO         1485    .ARM.Collect$$libinit$$0000001D  c_p.l(libinit2.o)
    0x0000017a   0x0000017a   0x00000000   Code   RO         1487    .ARM.Collect$$libinit$$0000001F  c_p.l(libinit2.o)
    0x0000017a   0x0000017a   0x00000000   Code   RO         1489    .ARM.Collect$$libinit$$00000021  c_p.l(libinit2.o)
    0x0000017a   0x0000017a   0x00000000   Code   RO         1491    .ARM.Collect$$libinit$$00000023  c_p.l(libinit2.o)
    0x0000017a   0x0000017a   0x00000000   Code   RO         1493    .ARM.Collect$$libinit$$00000025  c_p.l(libinit2.o)
    0x0000017a   0x0000017a   0x00000000   Code   RO         1495    .ARM.Collect$$libinit$$00000027  c_p.l(libinit2.o)
    0x0000017a   0x0000017a   0x00000000   Code   RO         1499    .ARM.Collect$$libinit$$0000002E  c_p.l(libinit2.o)
    0x0000017a   0x0000017a   0x00000000   Code   RO         1501    .ARM.Collect$$libinit$$00000030  c_p.l(libinit2.o)
    0x0000017a   0x0000017a   0x00000000   Code   RO         1503    .ARM.Collect$$libinit$$00000032  c_p.l(libinit2.o)
    0x0000017a   0x0000017a   0x00000000   Code   RO         1505    .ARM.Collect$$libinit$$00000034  c_p.l(libinit2.o)
    0x0000017a   0x0000017a   0x00000002   Code   RO         1506    .ARM.Collect$$libinit$$00000035  c_p.l(libinit2.o)
    0x0000017c   0x0000017c   0x00000002   Code   RO         1570    .ARM.Collect$$libshutdown$$00000000  c_p.l(libshutdown.o)
    0x0000017e   0x0000017e   0x00000000   Code   RO         1588    .ARM.Collect$$libshutdown$$00000002  c_p.l(libshutdown2.o)
    0x0000017e   0x0000017e   0x00000000   Code   RO         1590    .ARM.Collect$$libshutdown$$00000004  c_p.l(libshutdown2.o)
    0x0000017e   0x0000017e   0x00000000   Code   RO         1593    .ARM.Collect$$libshutdown$$00000007  c_p.l(libshutdown2.o)
    0x0000017e   0x0000017e   0x00000000   Code   RO         1596    .ARM.Collect$$libshutdown$$0000000A  c_p.l(libshutdown2.o)
    0x0000017e   0x0000017e   0x00000000   Code   RO         1598    .ARM.Collect$$libshutdown$$0000000C  c_p.l(libshutdown2.o)
    0x0000017e   0x0000017e   0x00000000   Code   RO         1601    .ARM.Collect$$libshutdown$$0000000F  c_p.l(libshutdown2.o)
    0x0000017e   0x0000017e   0x00000002   Code   RO         1602    .ARM.Collect$$libshutdown$$00000010  c_p.l(libshutdown2.o)
    0x00000180   0x00000180   0x00000000   Code   RO         1328    .ARM.Collect$$rtentry$$00000000  c_p.l(__rtentry.o)
    0x00000180   0x00000180   0x00000000   Code   RO         1386    .ARM.Collect$$rtentry$$00000002  c_p.l(__rtentry2.o)
    0x00000180   0x00000180   0x00000006   Code   RO         1398    .ARM.Collect$$rtentry$$00000004  c_p.l(__rtentry4.o)
    0x00000186   0x00000186   0x00000000   Code   RO         1388    .ARM.Collect$$rtentry$$00000009  c_p.l(__rtentry2.o)
    0x00000186   0x00000186   0x00000004   Code   RO         1389    .ARM.Collect$$rtentry$$0000000A  c_p.l(__rtentry2.o)
    0x0000018a   0x0000018a   0x00000000   Code   RO         1391    .ARM.Collect$$rtentry$$0000000C  c_p.l(__rtentry2.o)
    0x0000018a   0x0000018a   0x00000008   Code   RO         1392    .ARM.Collect$$rtentry$$0000000D  c_p.l(__rtentry2.o)
    0x00000192   0x00000192   0x00000002   Code   RO         1514    .ARM.Collect$$rtexit$$00000000  c_p.l(rtexit.o)
    0x00000194   0x00000194   0x00000000   Code   RO         1535    .ARM.Collect$$rtexit$$00000002  c_p.l(rtexit2.o)
    0x00000194   0x00000194   0x00000004   Code   RO         1536    .ARM.Collect$$rtexit$$00000003  c_p.l(rtexit2.o)
    0x00000198   0x00000198   0x00000006   Code   RO         1537    .ARM.Collect$$rtexit$$00000004  c_p.l(rtexit2.o)
    0x0000019e   0x0000019e   0x00000002   PAD
    0x000001a0   0x000001a0   0x00000038   Code   RO         1240    .emb_text           c_p.l(rt_memcpy.o)
    0x000001d8   0x000001d8   0x0000002c   Code   RO            4    .text               startup_mspm0g351x_uvision.o
    0x00000204   0x00000204   0x00000030   Code   RO         1204    .text               c_p.l(llmul.o)
    0x00000234   0x00000234   0x00000028   Code   RO         1210    .text               c_p.l(noretval__2sprintf.o)
    0x0000025c   0x0000025c   0x0000006c   Code   RO         1214    .text               c_p.l(_printf_dec.o)
    0x000002c8   0x000002c8   0x0000010e   Code   RO         1224    .text               c_p.l(__printf_wp.o)
    0x000003d6   0x000003d6   0x00000082   Code   RO         1241    .text               c_p.l(rt_memcpy.o)
    0x00000458   0x00000458   0x00000012   Code   RO         1246    .text               c_p.l(aeabi_memset4.o)
    0x0000046a   0x0000046a   0x00000040   Code   RO         1248    .text               c_p.l(rt_memclr.o)
    0x000004aa   0x000004aa   0x00000002   PAD
    0x000004ac   0x000004ac   0x000001f8   Code   RO         1250    .text               c_p.l(aeabi_sdivfast.o)
    0x000006a4   0x000006a4   0x00000006   Code   RO         1258    .text               c_p.l(heapauxi.o)
    0x000006aa   0x000006aa   0x00000002   PAD
    0x000006ac   0x000006ac   0x00000358   Code   RO         1262    .text               fz_ps.l(daddsub.o)
    0x00000a04   0x00000a04   0x00000448   Code   RO         1276    .text               fz_ps.l(ddiv.o)
    0x00000e4c   0x00000e4c   0x0000006c   Code   RO         1279    .text               fz_ps.l(dfixi.o)
    0x00000eb8   0x00000eb8   0x00000058   Code   RO         1281    .text               fz_ps.l(dflti.o)
    0x00000f10   0x00000f10   0x00000248   Code   RO         1283    .text               fz_ps.l(dmul.o)
    0x00001158   0x00001158   0x00000054   Code   RO         1285    .text               fz_ps.l(f2d.o)
    0x000011ac   0x000011ac   0x00000160   Code   RO         1305    .text               fz_ps.l(fdiv.o)
    0x0000130c   0x0000130c   0x0000004c   Code   RO         1308    .text               fz_ps.l(ffixi.o)
    0x00001358   0x00001358   0x0000005e   Code   RO         1310    .text               fz_ps.l(fflti.o)
    0x000013b6   0x000013b6   0x00000016   Code   RO         1337    .text               c_p.l(_rserrno.o)
    0x000013cc   0x000013cc   0x000000b0   Code   RO         1339    .text               c_p.l(_printf_intcommon.o)
    0x0000147c   0x0000147c   0x00000414   Code   RO         1341    .text               c_p.l(_printf_fp_dec.o)
    0x00001890   0x00001890   0x00000030   Code   RO         1345    .text               c_p.l(_printf_char_common.o)
    0x000018c0   0x000018c0   0x0000000a   Code   RO         1347    .text               c_p.l(_sputc.o)
    0x000018ca   0x000018ca   0x00000028   Code   RO         1350    .text               c_p.l(rtudiv10.o)
    0x000018f2   0x000018f2   0x00000002   PAD
    0x000018f4   0x000018f4   0x00000044   Code   RO         1364    .text               fz_ps.l(fscalbn.o)
    0x00001938   0x00001938   0x00000090   Code   RO         1366    .text               fz_ps.l(fsqrt.o)
    0x000019c8   0x000019c8   0x00000008   Code   RO         1405    .text               c_p.l(rt_locale_intlibspace.o)
    0x000019d0   0x000019d0   0x00000008   Code   RO         1410    .text               c_p.l(rt_errno_addr_intlibspace.o)
    0x000019d8   0x000019d8   0x0000007a   Code   RO         1412    .text               c_p.l(lludiv10.o)
    0x00001a52   0x00001a52   0x00000002   PAD
    0x00001a54   0x00001a54   0x00000088   Code   RO         1414    .text               c_p.l(_printf_fp_infnan.o)
    0x00001adc   0x00001adc   0x000000d8   Code   RO         1418    .text               c_p.l(bigflt0.o)
    0x00001bb4   0x00001bb4   0x00000580   Code   RO         1421    .text               c_p.l(btod.o)
    0x00002134   0x00002134   0x000000a0   Code   RO         1430    .text               fz_ps.l(dcmpin.o)
    0x000021d4   0x000021d4   0x00000064   Code   RO         1432    .text               fz_ps.l(fcmpin.o)
    0x00002238   0x00002238   0x00000008   Code   RO         1438    .text               c_p.l(libspace.o)
    0x00002240   0x00002240   0x0000003e   Code   RO         1441    .text               c_p.l(sys_stackheap_outer.o)
    0x0000227e   0x0000227e   0x00000010   Code   RO         1446    .text               c_p.l(exit.o)
    0x0000228e   0x0000228e   0x00000002   PAD
    0x00002290   0x00002290   0x000000b0   Code   RO         1452    .text               c_p.l(strcmpv6m.o)
    0x00002340   0x00002340   0x0000002e   Code   RO         1507    .text               fz_ps.l(cmpret.o)
    0x0000236e   0x0000236e   0x00000002   PAD
    0x00002370   0x00002370   0x00000014   Code   RO         1509    .text               fz_ps.l(dnan2.o)
    0x00002384   0x00002384   0x00000010   Code   RO         1511    .text               fz_ps.l(fnan2.o)
    0x00002394   0x00002394   0x0000005e   Code   RO         1528    .text               fz_ps.l(retnan.o)
    0x000023f2   0x000023f2   0x00000002   PAD
    0x000023f4   0x000023f4   0x0000000c   Code   RO         1530    .text               c_p.l(sys_exit.o)
    0x00002400   0x00002400   0x00000002   Code   RO         1557    .text               c_p.l(use_no_semi.o)
    0x00002402   0x00002402   0x00000000   Code   RO         1559    .text               c_p.l(indicate_semi.o)
    0x00002402   0x00002402   0x00000002   PAD
    0x00002404   0x00002404   0x00000030   Code   RO          260    .text.Bluetooth_Init  blue.o
    0x00002434   0x00002434   0x00000090   Code   RO          262    .text.Bluetooth_Process_Byte  blue.o
    0x000024c4   0x000024c4   0x00000016   Code   RO           86    .text.ChassisTask   main.o
    0x000024da   0x000024da   0x00000002   PAD
    0x000024dc   0x000024dc   0x00000040   Code   RO          924    .text.DL_ADC12_setClockConfig  driverlib.a(dl_adc12.o)
    0x0000251c   0x0000251c   0x0000000a   Code   RO          936    .text.DL_Common_delayCycles  driverlib.a(dl_common.o)
    0x00002526   0x00002526   0x00000026   Code   RO          945    .text.DL_I2C_setClockConfig  driverlib.a(dl_i2c.o)
    0x0000254c   0x0000254c   0x00000044   Code   RO          977    .text.DL_SPI_init   driverlib.a(dl_spi.o)
    0x00002590   0x00002590   0x00000012   Code   RO          979    .text.DL_SPI_setClockConfig  driverlib.a(dl_spi.o)
    0x000025a2   0x000025a2   0x00000002   PAD
    0x000025a4   0x000025a4   0x0000001c   Code   RO         1187    .text.DL_SYSCTL_configFCC  driverlib.a(dl_sysctl_mspm0g1x0x_g3x0x.o)
    0x000025c0   0x000025c0   0x000000ec   Code   RO         1171    .text.DL_SYSCTL_configSYSPLL  driverlib.a(dl_sysctl_mspm0g1x0x_g3x0x.o)
    0x000026ac   0x000026ac   0x00000050   Code   RO         1179    .text.DL_SYSCTL_switchMCLKfromSYSOSCtoHSCLK  driverlib.a(dl_sysctl_mspm0g1x0x_g3x0x.o)
    0x000026fc   0x000026fc   0x00000110   Code   RO         1111    .text.DL_Timer_initFourCCPWMMode  driverlib.a(dl_timer.o)
    0x0000280c   0x0000280c   0x0000001c   Code   RO         1077    .text.DL_Timer_setCaptCompUpdateMethod  driverlib.a(dl_timer.o)
    0x00002828   0x00002828   0x00000018   Code   RO         1085    .text.DL_Timer_setCaptureCompareOutCtl  driverlib.a(dl_timer.o)
    0x00002840   0x00002840   0x00000010   Code   RO         1037    .text.DL_Timer_setCaptureCompareValue  driverlib.a(dl_timer.o)
    0x00002850   0x00002850   0x0000001c   Code   RO         1031    .text.DL_Timer_setClockConfig  driverlib.a(dl_timer.o)
    0x0000286c   0x0000286c   0x00000048   Code   RO         1131    .text.DL_UART_init  driverlib.a(dl_uart.o)
    0x000028b4   0x000028b4   0x00000012   Code   RO         1133    .text.DL_UART_setClockConfig  driverlib.a(dl_uart.o)
    0x000028c6   0x000028c6   0x00000002   PAD
    0x000028c8   0x000028c8   0x00000040   Code   RO          221    .text.DRV8873_Init  drv8873.o
    0x00002908   0x00002908   0x00000070   Code   RO          227    .text.DRV8873_Set_Speed  drv8873.o
    0x00002978   0x00002978   0x00000038   Code   RO          223    .text.DRV8873_Stop_All  drv8873.o
    0x000029b0   0x000029b0   0x000002a8   Code   RO           90    .text.DisplayTask   main.o
    0x00002c58   0x00002c58   0x00000024   Code   RO          249    .text.Encode_Get_Delta  encode.o
    0x00002c7c   0x00002c7c   0x00000040   Code   RO          243    .text.Encode_Init   encode.o
    0x00002cbc   0x00002cbc   0x0000001c   Code   RO          283    .text.FollowLine_Init  follow_line.o
    0x00002cd8   0x00002cd8   0x00000024   Code   RO          171    .text.GROUP1_IRQHandler  zf_device_imu660rc.o
    0x00002cfc   0x00002cfc   0x00000006   Code   RO          203    .text.Grayscale_Get_Digital  grayscale.o
    0x00002d02   0x00002d02   0x00000002   PAD
    0x00002d04   0x00002d04   0x0000016c   Code   RO          197    .text.Grayscale_Init  grayscale.o
    0x00002e70   0x00002e70   0x0000003c   Code   RO          195    .text.Grayscale_Init_First  grayscale.o
    0x00002eac   0x00002eac   0x0000046c   Code   RO          201    .text.Grayscale_Update  grayscale.o
    0x00003318   0x00003318   0x00000098   Code   RO          345    .text.MG513XGMR_Init  mg513xgmr.o
    0x000033b0   0x000033b0   0x00000174   Code   RO          367    .text.MG513XGMR_Update  mg513xgmr.o
    0x00003524   0x00003524   0x00000210   Code   RO          335    .text.PID_calc      q_pid.o
    0x00003734   0x00003734   0x00000010   Code   RO          333    .text.PID_clear     q_pid.o
    0x00003744   0x00003744   0x00000028   Code   RO          331    .text.PID_init      q_pid.o
    0x0000376c   0x0000376c   0x00000004   PAD
    0x00003770   0x00003770   0x00000044   Code   RO          862    .text.PendSV_Handler  portasm.o
    0x000037b4   0x000037b4   0x0000000c   PAD
    0x000037c0   0x000037c0   0x00000024   Code   RO          864    .text.SVC_Handler   portasm.o
    0x000037e4   0x000037e4   0x00000040   Code   RO           25    .text.SYSCFG_DL_AB1_init  ti_msp_dl_config.o
    0x00003824   0x00003824   0x0000004c   Code   RO           27    .text.SYSCFG_DL_AB2_init  ti_msp_dl_config.o
    0x00003870   0x00003870   0x00000028   Code   RO           41    .text.SYSCFG_DL_ADC0_xunji_init  ti_msp_dl_config.o
    0x00003898   0x00003898   0x00000054   Code   RO           39    .text.SYSCFG_DL_ADC1_init  ti_msp_dl_config.o
    0x000038ec   0x000038ec   0x0000008c   Code   RO           21    .text.SYSCFG_DL_DRV8873_init  ti_msp_dl_config.o
    0x00003978   0x00003978   0x000001ac   Code   RO           15    .text.SYSCFG_DL_GPIO_init  ti_msp_dl_config.o
    0x00003b24   0x00003b24   0x00000048   Code   RO           37    .text.SYSCFG_DL_IMU660RC_init  ti_msp_dl_config.o
    0x00003b6c   0x00003b6c   0x00000054   Code   RO           29    .text.SYSCFG_DL_OLED_init  ti_msp_dl_config.o
    0x00003bc0   0x00003bc0   0x0000002c   Code   RO           43    .text.SYSCFG_DL_SYSCTL_CLK_init  ti_msp_dl_config.o
    0x00003bec   0x00003bec   0x000000a0   Code   RO           49    .text.SYSCFG_DL_SYSCTL_SYSPLL_init  ti_msp_dl_config.o
    0x00003c8c   0x00003c8c   0x000000a4   Code   RO           17    .text.SYSCFG_DL_SYSCTL_init  ti_msp_dl_config.o
    0x00003d30   0x00003d30   0x0000008c   Code   RO           19    .text.SYSCFG_DL_TB6612PWM_init  ti_msp_dl_config.o
    0x00003dbc   0x00003dbc   0x0000004c   Code   RO           35    .text.SYSCFG_DL_TFT_SPI0_init  ti_msp_dl_config.o
    0x00003e08   0x00003e08   0x00000078   Code   RO           33    .text.SYSCFG_DL_UART_4_init  ti_msp_dl_config.o
    0x00003e80   0x00003e80   0x0000007c   Code   RO           31    .text.SYSCFG_DL_blue_init  ti_msp_dl_config.o
    0x00003efc   0x00003efc   0x00000074   Code   RO           11    .text.SYSCFG_DL_init  ti_msp_dl_config.o
    0x00003f70   0x00003f70   0x000000c4   Code   RO           13    .text.SYSCFG_DL_initPower  ti_msp_dl_config.o
    0x00004034   0x00004034   0x000000d4   Code   RO           23    .text.SYSCFG_DL_servo_init  ti_msp_dl_config.o
    0x00004108   0x00004108   0x0000002c   Code   RO           88    .text.SensorTask    main.o
    0x00004134   0x00004134   0x00000024   Code   RO          822    .text.SysTick_Handler  port.o
    0x00004158   0x00004158   0x0000002c   Code   RO          270    .text.UART1_IRQHandler  blue.o
    0x00004184   0x00004184   0x00000048   Code   RO          499    .text.eTaskConfirmSleepModeStatus  tasks.o
    0x000041cc   0x000041cc   0x00001680   Code   RO          381    .text.icm42688p_init  icm42688p.o
    0x0000584c   0x0000584c   0x00000264   Code   RO          379    .text.icm42688p_read_id  icm42688p.o
    0x00005ab0   0x00005ab0   0x00001790   Code   RO          383    .text.icm42688p_update  icm42688p.o
    0x00007240   0x00007240   0x000004d4   Code   RO          167    .text.imu660rc_get_quarternion  zf_device_imu660rc.o
    0x00007714   0x00007714   0x00000130   Code   RO          163    .text.imu660rc_read_registers  zf_device_imu660rc.o
    0x00007844   0x00007844   0x000000bc   Code   RO          169    .text.imu660rc_write_register  zf_device_imu660rc.o
    0x00007900   0x00007900   0x00000104   Code   RO           84    .text.main          main.o
    0x00007a04   0x00007a04   0x00000080   Code   RO          421    .text.prvAddCurrentTaskToDelayedList  tasks.o
    0x00007a84   0x00007a84   0x00000128   Code   RO          411    .text.prvAddNewTaskToReadyList  tasks.o
    0x00007bac   0x00007bac   0x00000068   Code   RO          449    .text.prvCheckTasksWaitingTermination  tasks.o
    0x00007c14   0x00007c14   0x000000b8   Code   RO          541    .text.prvIdleTask   tasks.o
    0x00007ccc   0x00007ccc   0x00000106   Code   RO          539    .text.prvInitialiseNewTask  tasks.o
    0x00007dd2   0x00007dd2   0x00000002   PAD
    0x00007dd4   0x00007dd4   0x00000098   Code   RO          703    .text.prvSampleTimeNow  timers.o
    0x00007e6c   0x00007e6c   0x00000034   Code   RO          828    .text.prvTaskExitError  port.o
    0x00007ea0   0x00007ea0   0x00000204   Code   RO          663    .text.prvTimerTask  timers.o
    0x000080a4   0x000080a4   0x0000007e   Code   RO          597    .text.prvUnlockQueue  queue.o
    0x00008122   0x00008122   0x00000002   PAD
    0x00008124   0x00008124   0x000001bc   Code   RO          873    .text.pvPortMalloc  heap_4.o
    0x000082e0   0x000082e0   0x000000bc   Code   RO          826    .text.pxPortInitialiseStack  port.o
    0x0000839c   0x0000839c   0x000001b0   Code   RO          102    .text.tft180_clear  zf_device_tft180.o
    0x0000854c   0x0000854c   0x000010d0   Code   RO          142    .text.tft180_init   zf_device_tft180.o
    0x0000961c   0x0000961c   0x00000014   Code   RO          112    .text.tft180_set_color  zf_device_tft180.o
    0x00009630   0x00009630   0x000003f8   Code   RO          104    .text.tft180_set_region  zf_device_tft180.o
    0x00009a28   0x00009a28   0x000003bc   Code   RO          118    .text.tft180_show_char  zf_device_tft180.o
    0x00009de4   0x00009de4   0x00000180   Code   RO          126    .text.tft180_show_float  zf_device_tft180.o
    0x00009f64   0x00009f64   0x0000012c   Code   RO          122    .text.tft180_show_int  zf_device_tft180.o
    0x0000a090   0x0000a090   0x00000070   Code   RO          120    .text.tft180_show_string  zf_device_tft180.o
    0x0000a100   0x0000a100   0x00000130   Code   RO          124    .text.tft180_show_uint  zf_device_tft180.o
    0x0000a230   0x0000a230   0x00000008   Code   RO          858    .text.ulSetInterruptMask  portasm.o
    0x0000a238   0x0000a238   0x00000020   Code   RO          651    .text.uxListRemove  list.o
    0x0000a258   0x0000a258   0x00000018   Code   RO          908    .text.vApplicationGetIdleTaskMemory  freertos_hooks.o
    0x0000a270   0x0000a270   0x00000018   Code   RO          910    .text.vApplicationGetTimerTaskMemory  freertos_hooks.o
    0x0000a288   0x0000a288   0x00000002   Code   RO          906    .text.vApplicationStackOverflowHook  freertos_hooks.o
    0x0000a28a   0x0000a28a   0x00000006   Code   RO          860    .text.vClearInterruptMask  portasm.o
    0x0000a290   0x0000a290   0x00000010   Code   RO          643    .text.vListInitialise  list.o
    0x0000a2a0   0x0000a2a0   0x00000006   Code   RO          645    .text.vListInitialiseItem  list.o
    0x0000a2a6   0x0000a2a6   0x0000003c   Code   RO          649    .text.vListInsert   list.o
    0x0000a2e2   0x0000a2e2   0x00000002   PAD
    0x0000a2e4   0x0000a2e4   0x00000014   Code   RO          818    .text.vPortEnterCritical  port.o
    0x0000a2f8   0x0000a2f8   0x00000024   Code   RO          820    .text.vPortExitCritical  port.o
    0x0000a31c   0x0000a31c   0x000000fc   Code   RO          875    .text.vPortFree     heap_4.o
    0x0000a418   0x0000a418   0x00000016   Code   RO          824    .text.vPortSVCHandler_C  port.o
    0x0000a42e   0x0000a42e   0x00000002   PAD
    0x0000a430   0x0000a430   0x00000028   Code   RO          814    .text.vPortSetupTimerInterrupt  port.o
    0x0000a458   0x0000a458   0x00000144   Code   RO          812    .text.vPortSuppressTicksAndSleep  port.o
    0x0000a59c   0x0000a59c   0x00000018   Code   RO          816    .text.vPortYield    port.o
    0x0000a5b4   0x0000a5b4   0x00000044   Code   RO          633    .text.vQueueWaitForMessageRestricted  queue.o
    0x0000a5f8   0x0000a5f8   0x00000008   PAD
    0x0000a600   0x0000a600   0x00000024   Code   RO          848    .text.vRestoreContextOfFirstTask  portasm.o
    0x0000a624   0x0000a624   0x0000000c   PAD
    0x0000a630   0x0000a630   0x00000010   Code   RO          856    .text.vStartFirstTask  portasm.o
    0x0000a640   0x0000a640   0x00000078   Code   RO          425    .text.vTaskDelay    tasks.o
    0x0000a6b8   0x0000a6b8   0x00000014   Code   RO          489    .text.vTaskInternalSetTimeOutState  tasks.o
    0x0000a6cc   0x0000a6cc   0x00000008   Code   RO          493    .text.vTaskMissedYield  tasks.o
    0x0000a6d4   0x0000a6d4   0x00000020   Code   RO          477    .text.vTaskPlaceOnEventList  tasks.o
    0x0000a6f4   0x0000a6f4   0x00000048   Code   RO          481    .text.vTaskPlaceOnEventListRestricted  tasks.o
    0x0000a73c   0x0000a73c   0x000000c4   Code   RO          445    .text.vTaskStartScheduler  tasks.o
    0x0000a800   0x0000a800   0x00000058   Code   RO          465    .text.vTaskStepTick  tasks.o
    0x0000a858   0x0000a858   0x0000000c   Code   RO          419    .text.vTaskSuspendAll  tasks.o
    0x0000a864   0x0000a864   0x000000dc   Code   RO          441    .text.vTaskSwitchContext  tasks.o
    0x0000a940   0x0000a940   0x00000088   Code   RO          830    .text.xPortStartScheduler  port.o
    0x0000a9c8   0x0000a9c8   0x000000a6   Code   RO          575    .text.xQueueGenericCreateStatic  queue.o
    0x0000aa6e   0x0000aa6e   0x0000012e   Code   RO          603    .text.xQueueReceive  queue.o
    0x0000ab9c   0x0000ab9c   0x00000068   Code   RO          491    .text.xTaskCheckForTimeOut  tasks.o
    0x0000ac04   0x0000ac04   0x00000064   Code   RO          413    .text.xTaskCreate   tasks.o
    0x0000ac68   0x0000ac68   0x0000006a   Code   RO          409    .text.xTaskCreateStatic  tasks.o
    0x0000acd2   0x0000acd2   0x00000002   PAD
    0x0000acd4   0x0000acd4   0x000000a4   Code   RO          417    .text.xTaskDelayUntil  tasks.o
    0x0000ad78   0x0000ad78   0x0000001c   Code   RO          511    .text.xTaskGetSchedulerState  tasks.o
    0x0000ad94   0x0000ad94   0x00000008   Code   RO          453    .text.xTaskGetTickCount  tasks.o
    0x0000ad9c   0x0000ad9c   0x00000140   Code   RO          451    .text.xTaskIncrementTick  tasks.o
    0x0000aedc   0x0000aedc   0x000000d4   Code   RO          483    .text.xTaskRemoveFromEventList  tasks.o
    0x0000afb0   0x0000afb0   0x00000144   Code   RO          423    .text.xTaskResumeAll  tasks.o
    0x0000b0f4   0x0000b0f4   0x000000ac   Code   RO          661    .text.xTimerCreateTimerTask  timers.o
    0x0000b1a0   0x0000b1a0   0x000001f6   Code   RO         1251    .text_divfast       c_p.l(aeabi_sdivfast.o)
    0x0000b396   0x0000b396   0x00000030   Code   RO         1423    i.__ARM_common_ll_muluu  c_p.l(btod.o)
    0x0000b3c6   0x0000b3c6   0x00000002   PAD
    0x0000b3c8   0x0000b3c8   0x0000002c   Code   RO         1436    i.__ARM_fpclassify  m_ps.l(fpclassify.o)
    0x0000b3f4   0x0000b3f4   0x00000022   Code   RO         1369    i.__ARM_fpclassifyf  m_ps.l(fpclassifyf.o)
    0x0000b416   0x0000b416   0x0000000a   Code   RO         1372    i.__mathlib_flt_infnan  m_ps.l(funder.o)
    0x0000b420   0x0000b420   0x00000008   Code   RO         1373    i.__mathlib_flt_infnan2  m_ps.l(funder.o)
    0x0000b428   0x0000b428   0x0000000c   Code   RO         1374    i.__mathlib_flt_invalid  m_ps.l(funder.o)
    0x0000b434   0x0000b434   0x0000000e   Code   RO         1377    i.__mathlib_flt_underflow  m_ps.l(funder.o)
    0x0000b442   0x0000b442   0x00000016   Code   RO         1266    i._dgr              fz_ps.l(dcmp.o)
    0x0000b458   0x0000b458   0x00000016   Code   RO         1293    i._feq              fz_ps.l(fcmp.o)
    0x0000b46e   0x0000b46e   0x00000016   Code   RO         1294    i._fgeq             fz_ps.l(fcmp.o)
    0x0000b484   0x0000b484   0x00000016   Code   RO         1295    i._fgr              fz_ps.l(fcmp.o)
    0x0000b49a   0x0000b49a   0x0000001a   Code   RO         1296    i._fleq             fz_ps.l(fcmp.o)
    0x0000b4b4   0x0000b4b4   0x00000016   Code   RO         1297    i._fls              fz_ps.l(fcmp.o)
    0x0000b4ca   0x0000b4ca   0x0000000e   Code   RO         1226    i._is_digit         c_p.l(__printf_wp.o)
    0x0000b4d8   0x0000b4d8   0x00000118   Code   RO         1317    i.asinf             m_ps.l(asinf.o)
    0x0000b5f0   0x0000b5f0   0x0000029c   Code   RO         1321    i.atan2f            m_ps.l(atan2f.o)
    0x0000b88c   0x0000b88c   0x0000002c   Code   RO         1325    i.sqrtf             m_ps.l(sqrtf.o)
    0x0000b8b8   0x0000b8b8   0x0000002c   Code   RO         1428    locale$$code        c_p.l(lc_numeric_c.o)
    0x0000b8e4   0x0000b8e4   0x00000064   Code   RO         1354    x$fpl$dgeqf         fz_ps.l(dgef.o)
    0x0000b948   0x0000b948   0x0000008c   Code   RO         1287    x$fpl$fadd          fz_ps.l(faddsub.o)
    0x0000b9d4   0x0000b9d4   0x00000054   Code   RO         1358    x$fpl$feqf          fz_ps.l(feqf.o)
    0x0000ba28   0x0000ba28   0x00000054   Code   RO         1360    x$fpl$fgeqf         fz_ps.l(fgef.o)
    0x0000ba7c   0x0000ba7c   0x00000054   Code   RO         1362    x$fpl$fleqf         fz_ps.l(flef.o)
    0x0000bad0   0x0000bad0   0x000000b0   Code   RO         1312    x$fpl$fmul          fz_ps.l(fmul.o)
    0x0000bb80   0x0000bb80   0x00000018   Code   RO         1288    x$fpl$frsb          fz_ps.l(faddsub.o)
    0x0000bb98   0x0000bb98   0x000000d0   Code   RO         1289    x$fpl$fsub          fz_ps.l(faddsub.o)
    0x0000bc68   0x0000bc68   0x00000010   Code   RO         1314    x$fpl$printf1       fz_ps.l(printf1.o)
    0x0000bc78   0x0000bc78   0x00000000   Code   RO         1368    x$fpl$usenofp       fz_ps.l(usenofp.o)
    0x0000bc78   0x0000bc78   0x00000080   Data   RO         1277    .constdata          fz_ps.l(ddiv.o)
    0x0000bcf8   0x0000bcf8   0x00000040   Data   RO         1306    .constdata          fz_ps.l(fdiv.o)
    0x0000bd38   0x0000bd38   0x00000094   Data   RO         1419    .constdata          c_p.l(bigflt0.o)
    0x0000bdcc   0x0000bdcc   0x0000023a   Data   RO          151    .rodata.ascii_font_6x8  zf_device_tft180.o
    0x0000c006   0x0000c006   0x000005f0   Data   RO          152    .rodata.ascii_font_8x16  zf_device_tft180.o
    0x0000c5f6   0x0000c5f6   0x00000003   Data   RO           63    .rodata.gAB1ClockConfig  ti_msp_dl_config.o
    0x0000c5f9   0x0000c5f9   0x00000003   Data   RO           64    .rodata.gAB2ClockConfig  ti_msp_dl_config.o
    0x0000c5fc   0x0000c5fc   0x00000008   Data   RO           75    .rodata.gADC0_xunjiClockConfig  ti_msp_dl_config.o
    0x0000c604   0x0000c604   0x00000008   Data   RO           74    .rodata.gADC1ClockConfig  ti_msp_dl_config.o
    0x0000c60c   0x0000c60c   0x00000003   Data   RO           59    .rodata.gDRV8873ClockConfig  ti_msp_dl_config.o
    0x0000c60f   0x0000c60f   0x00000001   PAD
    0x0000c610   0x0000c610   0x00000008   Data   RO           60    .rodata.gDRV8873Config  ti_msp_dl_config.o
    0x0000c618   0x0000c618   0x00000002   Data   RO           72    .rodata.gIMU660RC_clockConfig  ti_msp_dl_config.o
    0x0000c61a   0x0000c61a   0x0000000a   Data   RO           73    .rodata.gIMU660RC_config  ti_msp_dl_config.o
    0x0000c624   0x0000c624   0x00000002   Data   RO           65    .rodata.gOLEDClockConfig  ti_msp_dl_config.o
    0x0000c626   0x0000c626   0x00000002   PAD
    0x0000c628   0x0000c628   0x00000028   Data   RO           56    .rodata.gSYSPLLConfig  ti_msp_dl_config.o
    0x0000c650   0x0000c650   0x00000003   Data   RO           57    .rodata.gTB6612PWMClockConfig  ti_msp_dl_config.o
    0x0000c653   0x0000c653   0x00000001   PAD
    0x0000c654   0x0000c654   0x00000008   Data   RO           58    .rodata.gTB6612PWMConfig  ti_msp_dl_config.o
    0x0000c65c   0x0000c65c   0x00000002   Data   RO           70    .rodata.gTFT_SPI0_clockConfig  ti_msp_dl_config.o
    0x0000c65e   0x0000c65e   0x0000000a   Data   RO           71    .rodata.gTFT_SPI0_config  ti_msp_dl_config.o
    0x0000c668   0x0000c668   0x00000002   Data   RO           68    .rodata.gUART_4ClockConfig  ti_msp_dl_config.o
    0x0000c66a   0x0000c66a   0x0000000a   Data   RO           69    .rodata.gUART_4Config  ti_msp_dl_config.o
    0x0000c674   0x0000c674   0x00000002   Data   RO           66    .rodata.gblueClockConfig  ti_msp_dl_config.o
    0x0000c676   0x0000c676   0x0000000a   Data   RO           67    .rodata.gblueConfig  ti_msp_dl_config.o
    0x0000c680   0x0000c680   0x00000003   Data   RO           61    .rodata.gservoClockConfig  ti_msp_dl_config.o
    0x0000c683   0x0000c683   0x00000001   PAD
    0x0000c684   0x0000c684   0x00000008   Data   RO           62    .rodata.gservoConfig  ti_msp_dl_config.o
    0x0000c68c   0x0000c68c   0x00000004   Data   RO          559    .rodata.uxTopUsedPriority  tasks.o
    0x0000c690   0x0000c690   0x00000020   Data   RO         1604    Region$$Table       anon$$obj.o
    0x0000c6b0   0x0000c6b0   0x0000001c   Data   RO         1427    locale$$data        c_p.l(lc_numeric_c.o)


    Execution Region RW_IRAM1 (Exec base: 0x20200000, Load base: 0x0000c6d0, Size: 0x000060d8, Max: 0x00010000, ABSOLUTE)

    Exec Addr    Load Addr    Size         Type   Attr      Idx    E Section Name        Object

    0x20200000   0x0000c6d0   0x00000001   Data   RW          273    .data.g_bt_speed_grade  blue.o
    0x20200001   0x0000c6d1   0x00000003   PAD
    0x20200004   0x0000c6d4   0x0000001c   Data   RW          295    .data.g_line_controller  follow_line.o
    0x20200020   0x0000c6f0   0x00000004   Data   RW          394    .data.q0            icm42688p.o
    0x20200024   0x0000c6f4   0x00000002   Data   RW          146    .data.tft180_bgcolor  zf_device_tft180.o
    0x20200026   0x0000c6f6   0x00000002   Data   RW          149    .data.tft180_pencolor  zf_device_tft180.o
    0x20200028   0x0000c6f8   0x00000004   Data   RW          839    .data.ulCriticalNesting  port.o
    0x2020002c   0x0000c6fc   0x00000004   PAD
    0x20200030        -       0x00000060   Zero   RW         1439    .bss                c_p.l(libspace.o)
    0x20200090        -       0x000000a0   Zero   RW           53    .bss.gAB1Backup     ti_msp_dl_config.o
    0x20200130        -       0x00000028   Zero   RW           55    .bss.gIMU660RCBackup  ti_msp_dl_config.o
    0x20200158        -       0x000000bc   Zero   RW           51    .bss.gTB6612PWMBackup  ti_msp_dl_config.o
    0x20200214        -       0x00000028   Zero   RW           54    .bss.gTFT_SPI0Backup  ti_msp_dl_config.o
    0x2020023c        -       0x00000004   Zero   RW          391    .bss.g_bias_x       icm42688p.o
    0x20200240        -       0x00000004   Zero   RW          392    .bss.g_bias_y       icm42688p.o
    0x20200244        -       0x00000004   Zero   RW          393    .bss.g_bias_z       icm42688p.o
    0x20200248        -       0x00000001   Zero   RW          272    .bss.g_bluetooth_data  blue.o
    0x20200249        -       0x00000001   Zero   RW          274    .bss.g_bt_running_flag  blue.o
    0x2020024a        -       0x00000004   Zero   RW          251    .bss.g_encode_last  encode.o
    0x2020024e   0x0000c6fc   0x00000002   PAD
    0x20200250        -       0x000000a8   Zero   RW           92    .bss.g_grayscale_sensor  main.o
    0x202002f8        -       0x000000b4   Zero   RW          369    .bss.g_motor_left   mg513xgmr.o
    0x202003ac        -       0x000000b4   Zero   RW          370    .bss.g_motor_right  mg513xgmr.o
    0x20200460        -       0x000000bc   Zero   RW           52    .bss.gservoBackup   ti_msp_dl_config.o
    0x2020051c        -       0x00000002   Zero   RW          385    .bss.icm42688p_acc_x  icm42688p.o
    0x2020051e        -       0x00000002   Zero   RW          386    .bss.icm42688p_acc_y  icm42688p.o
    0x20200520        -       0x00000002   Zero   RW          387    .bss.icm42688p_acc_z  icm42688p.o
    0x20200522        -       0x00000002   Zero   RW          388    .bss.icm42688p_gyro_x  icm42688p.o
    0x20200524        -       0x00000002   Zero   RW          389    .bss.icm42688p_gyro_y  icm42688p.o
    0x20200526        -       0x00000002   Zero   RW          390    .bss.icm42688p_gyro_z  icm42688p.o
    0x20200528        -       0x00000004   Zero   RW          399    .bss.icm42688p_pitch  icm42688p.o
    0x2020052c        -       0x00000004   Zero   RW          398    .bss.icm42688p_roll  icm42688p.o
    0x20200530        -       0x00000004   Zero   RW          400    .bss.icm42688p_yaw  icm42688p.o
    0x20200534        -       0x00000002   Zero   RW          178    .bss.imu660rc_acc_x  zf_device_imu660rc.o
    0x20200536        -       0x00000002   Zero   RW          179    .bss.imu660rc_acc_y  zf_device_imu660rc.o
    0x20200538        -       0x00000002   Zero   RW          180    .bss.imu660rc_acc_z  zf_device_imu660rc.o
    0x2020053a        -       0x00000002   Zero   RW          175    .bss.imu660rc_gyro_x  zf_device_imu660rc.o
    0x2020053c        -       0x00000002   Zero   RW          176    .bss.imu660rc_gyro_y  zf_device_imu660rc.o
    0x2020053e        -       0x00000002   Zero   RW          177    .bss.imu660rc_gyro_z  zf_device_imu660rc.o
    0x20200540        -       0x00000004   Zero   RW          182    .bss.imu660rc_pitch  zf_device_imu660rc.o
    0x20200544        -       0x00000010   Zero   RW          185    .bss.imu660rc_quarternion  zf_device_imu660rc.o
    0x20200554        -       0x00000001   Zero   RW          184    .bss.imu660rc_quarternion_rate  zf_device_imu660rc.o
    0x20200555   0x0000c6fc   0x00000003   PAD
    0x20200558        -       0x00000004   Zero   RW          181    .bss.imu660rc_roll  zf_device_imu660rc.o
    0x2020055c        -       0x00000004   Zero   RW          183    .bss.imu660rc_yaw   zf_device_imu660rc.o
    0x20200560        -       0x00000078   Zero   RW          713    .bss.prvCheckForValidListAndQueue.ucStaticTimerQueueStorage  timers.o
    0x202005d8        -       0x00000050   Zero   RW          712    .bss.prvCheckForValidListAndQueue.xStaticTimerQueue  timers.o
    0x20200628        -       0x00000004   Zero   RW          709    .bss.prvSampleTimeNow.xLastTime  timers.o
    0x2020062c        -       0x00000004   Zero   RW          543    .bss.pxCurrentTCB   tasks.o
    0x20200630        -       0x00000004   Zero   RW          707    .bss.pxCurrentTimerList  timers.o
    0x20200634        -       0x00000004   Zero   RW          551    .bss.pxDelayedTaskList  tasks.o
    0x20200638        -       0x00000004   Zero   RW          891    .bss.pxEnd          heap_4.o
    0x2020063c        -       0x00000004   Zero   RW          552    .bss.pxOverflowDelayedTaskList  tasks.o
    0x20200640        -       0x00000004   Zero   RW          708    .bss.pxOverflowTimerList  timers.o
    0x20200644        -       0x000000c8   Zero   RW          555    .bss.pxReadyTasksLists  tasks.o
    0x2020070c        -       0x00000004   Zero   RW          395    .bss.q1             icm42688p.o
    0x20200710        -       0x00000004   Zero   RW          396    .bss.q2             icm42688p.o
    0x20200714        -       0x00000004   Zero   RW          397    .bss.q3             icm42688p.o
    0x20200718        -       0x00000001   Zero   RW          147    .bss.tft180_display_dir  zf_device_tft180.o
    0x20200719        -       0x00000001   Zero   RW          148    .bss.tft180_display_font  zf_device_tft180.o
    0x2020071a        -       0x00000001   Zero   RW          144    .bss.tft180_x_max   zf_device_tft180.o
    0x2020071b        -       0x00000001   Zero   RW          145    .bss.tft180_y_max   zf_device_tft180.o
    0x2020071c        -       0x00003000   Zero   RW          894    .bss.ucHeap         heap_4.o
    0x2020371c        -       0x00000001   Zero   RW          838    .bss.ulStoppedTimerCompensation  port.o
    0x2020371d   0x0000c6fc   0x00000003   PAD
    0x20203720        -       0x00000001   Zero   RW          837    .bss.ulTimerCountsForOneTick  port.o
    0x20203721   0x0000c6fc   0x00000003   PAD
    0x20203724        -       0x00000004   Zero   RW          548    .bss.uxCurrentNumberOfTasks  tasks.o
    0x20203728        -       0x00000004   Zero   RW          547    .bss.uxDeletedTasksWaitingCleanUp  tasks.o
    0x2020372c        -       0x00000004   Zero   RW          549    .bss.uxSchedulerSuspended  tasks.o
    0x20203730        -       0x00000004   Zero   RW          544    .bss.uxTaskNumber   tasks.o
    0x20203734        -       0x00000004   Zero   RW          556    .bss.uxTopReadyPriority  tasks.o
    0x20203738        -       0x00000400   Zero   RW          913    .bss.vApplicationGetIdleTaskMemory.uxIdleTaskStack  freertos_hooks.o
    0x20203b38        -       0x00000068   Zero   RW          912    .bss.vApplicationGetIdleTaskMemory.xIdleTaskTCB  freertos_hooks.o
    0x20203ba0        -       0x00000400   Zero   RW          915    .bss.vApplicationGetTimerTaskMemory.uxTimerTaskStack  freertos_hooks.o
    0x20203fa0        -       0x00000068   Zero   RW          914    .bss.vApplicationGetTimerTaskMemory.xTimerTaskTCB  freertos_hooks.o
    0x20204008        -       0x00000014   Zero   RW          710    .bss.xActiveTimerList1  timers.o
    0x2020401c        -       0x00000014   Zero   RW          711    .bss.xActiveTimerList2  timers.o
    0x20204030        -       0x00000014   Zero   RW          563    .bss.xDelayedTaskList1  tasks.o
    0x20204044        -       0x00000014   Zero   RW          564    .bss.xDelayedTaskList2  tasks.o
    0x20204058        -       0x00000004   Zero   RW          892    .bss.xFreeBytesRemaining  heap_4.o
    0x2020405c        -       0x00000004   Zero   RW          558    .bss.xIdleTaskHandles.0  tasks.o
    0x20204060        -       0x00000001   Zero   RW          836    .bss.xMaximumPossibleSuppressedTicks  port.o
    0x20204061   0x0000c6fc   0x00000003   PAD
    0x20204064        -       0x00000004   Zero   RW          895    .bss.xMinimumEverFreeBytesRemaining  heap_4.o
    0x20204068        -       0x00000004   Zero   RW          557    .bss.xNextTaskUnblockTime  tasks.o
    0x2020406c        -       0x00000004   Zero   RW          562    .bss.xNumOfOverflows  tasks.o
    0x20204070        -       0x00000004   Zero   RW          896    .bss.xNumberOfSuccessfulAllocations  heap_4.o
    0x20204074        -       0x00000004   Zero   RW          897    .bss.xNumberOfSuccessfulFrees  heap_4.o
    0x20204078        -       0x00000004   Zero   RW          561    .bss.xPendedTicks   tasks.o
    0x2020407c        -       0x00000014   Zero   RW          553    .bss.xPendingReadyList  tasks.o
    0x20204090        -       0x00000004   Zero   RW          545    .bss.xSchedulerRunning  tasks.o
    0x20204094        -       0x00000008   Zero   RW          893    .bss.xStart         heap_4.o
    0x2020409c        -       0x00000014   Zero   RW          554    .bss.xSuspendedTaskList  tasks.o
    0x202040b0        -       0x00000014   Zero   RW          546    .bss.xTasksWaitingTermination  tasks.o
    0x202040c4        -       0x00000004   Zero   RW          550    .bss.xTickCount     tasks.o
    0x202040c8        -       0x00000004   Zero   RW          705    .bss.xTimerQueue    timers.o
    0x202040cc        -       0x00000004   Zero   RW          706    .bss.xTimerTaskHandle  timers.o
    0x202040d0        -       0x00000004   Zero   RW          560    .bss.xYieldPendings  tasks.o
    0x202040d4   0x0000c6fc   0x00000004   PAD
    0x202040d8        -       0x00000000   Zero   RW            2    HEAP                startup_mspm0g351x_uvision.o
    0x202040d8        -       0x00002000   Zero   RW            1    STACK               startup_mspm0g351x_uvision.o


    Execution Region RW_IRAM2 (Exec base: 0x20210000, Load base: 0x0000c700, Size: 0x00000000, Max: 0x00010000, ABSOLUTE)

    **** No section assigned to this execution region ****



  Load Region LR_BCR (Base: 0x41c00000, Size: 0x00000000, Max: 0x00000100, ABSOLUTE)

    Execution Region BCR_CONFIG (Exec base: 0x41c00000, Load base: 0x41c00000, Size: 0x00000000, Max: 0x000000ff, ABSOLUTE)

    **** No section assigned to this execution region ****



  Load Region LR_BSL (Base: 0x41c00100, Size: 0x00000000, Max: 0x00000100, ABSOLUTE)

    Execution Region BSL_CONFIG (Exec base: 0x41c00100, Load base: 0x41c00100, Size: 0x00000000, Max: 0x00000080, ABSOLUTE)

    **** No section assigned to this execution region ****



  Load Region LR_DATA (Base: 0x41d00000, Size: 0x00000000, Max: 0x00004000, ABSOLUTE)

    Execution Region DATA (Exec base: 0x41d00000, Load base: 0x41d00000, Size: 0x00000000, Max: 0x00004000, ABSOLUTE)

    **** No section assigned to this execution region ****


==============================================================================

Image component sizes


      Code (inc. data)   RO Data    RW Data    ZI Data      Debug   Object Name

       236         76          0          1          2       6647   blue.o
       232         28          0          0          0      12800   drv8873.o
       100         20          0          0          4       5134   encode.o
        28          8          0         28          0       3583   follow_line.o
        50         16          0          0       2256       2239   freertos_hooks.o
      1562         44          0          0          0      12521   grayscale.o
       696         52          0          0      12316       5385   heap_4.o
     12404        276          0          4         48      85706   icm42688p.o
       114          0          0          0          0       2220   list.o
      1006        216          0          0        168       2886   main.o
       524         40          0          0        360       6053   mg513xgmr.o
       878        112          0          4          3       4651   port.o
       170         12          0          0          0       1269   portasm.o
       584          0          0          0          0       2265   q_pid.o
       662          0          0          0          0      23107   queue.o
        44         18        192          0       8192        656   startup_mspm0g351x_uvision.o
      3180        224          4          0        360      45761   tasks.o
      2340        436        145          0        616      51029   ti_msp_dl_config.o
       840         70          0          0        260      15355   timers.o
      1764        108          0          0         41      22711   zf_device_imu660rc.o
      7828        264       2090          4          4      95998   zf_device_tft180.o

    ----------------------------------------------------------------------
     35292       2044       2468         44      24652     407976   Object Totals
         0          0         32          0          0          0   (incl. Generated)
        50         24          5          3         22          0   (incl. Padding)

    ----------------------------------------------------------------------

      Code (inc. data)   RO Data    RW Data    ZI Data      Debug   Library Member Name

         8          0          0          0          0         68   __main.o
       284          0          0          0          0        136   __printf_wp.o
         0          0          0          0          0          0   __rtentry.o
        12          0          0          0          0          0   __rtentry2.o
         6          0          0          0          0          0   __rtentry4.o
        60          8          0          0          0          0   __scatter.o
        26          0          0          0          0          0   __scatter_copy.o
        28          0          0          0          0          0   __scatter_zi.o
        48          6          0          0          0         88   _printf_char_common.o
        10          0          0          0          0          0   _printf_d.o
       108         18          0          0          0         76   _printf_dec.o
        10          0          0          0          0          0   _printf_f.o
      1044         12          0          0          0        116   _printf_fp_dec.o
       136         16          0          0          0         76   _printf_fp_infnan.o
       176          0          0          0          0         84   _printf_intcommon.o
         2          0          0          0          0          0   _printf_percent.o
         4          0          0          0          0          0   _printf_percent_end.o
        10          0          0          0          0          0   _printf_u.o
        10          0          0          0          0         60   _sputc.o
        18          0          0          0          0         68   aeabi_memset4.o
      1006          4          0          0          0        184   aeabi_sdivfast.o
       216          6        148          0          0         80   bigflt0.o
      1456         30          0          0          0        336   btod.o
        16          0          0          0          0         68   exit.o
         6          0          0          0          0        136   heapauxi.o
         0          0          0          0          0          0   indicate_semi.o
        44         10         28          0          0         76   lc_numeric_c.o
         2          0          0          0          0          0   libinit.o
        18          0          0          0          0          0   libinit2.o
         2          0          0          0          0          0   libshutdown.o
         2          0          0          0          0          0   libshutdown2.o
         8          4          0          0         96         68   libspace.o
        48          0          0          0          0         72   llmul.o
       122          0          0          0          0         72   lludiv10.o
        40          4          0          0          0         84   noretval__2sprintf.o
         8          4          0          0          0         68   rt_locale_intlibspace.o
        64          0          0          0          0        108   rt_memclr.o
       186          0          0          0          0        144   rt_memcpy.o
         2          0          0          0          0          0   rtexit.o
        10          0          0          0          0          0   rtexit2.o
        40          0          0          0          0         60   rtudiv10.o
       176          4          0          0          0         80   strcmpv6m.o
        12          4          0          0          0         60   sys_exit.o
        62          0          0          0          0         80   sys_stackheap_outer.o
         2          0          0          0          0         68   use_no_semi.o
        64          8          0          0          0       4738   dl_adc12.o
        10          0          0          0          0        812   dl_common.o
        38          0          0          0          0       9861   dl_i2c.o
        86          8          0          0          0      16260   dl_spi.o
       344         28          0          0          0      13649   dl_sysctl_mspm0g1x0x_g3x0x.o
       368         44          0          0          0      38985   dl_timer.o
        90          8          0          0          0      14712   dl_uart.o
        46          0          0          0          0         60   cmpret.o
       856         20          0          0          0        208   daddsub.o
        22          0          0          0          0         68   dcmp.o
       160          6          0          0          0         76   dcmpin.o
      1096         26        128          0          0        112   ddiv.o
       108         10          0          0          0         72   dfixi.o
        88          0          0          0          0         92   dflti.o
       100          4          0          0          0         92   dgef.o
       584         26          0          0          0         84   dmul.o
        20          6          0          0          0         68   dnan2.o
        84          4          0          0          0         60   f2d.o
       372          8          0          0          0        240   faddsub.o
       114          0          0          0          0        340   fcmp.o
       100          4          0          0          0         68   fcmpin.o
       352         10         64          0          0         92   fdiv.o
        84          4          0          0          0         76   feqf.o
        84          4          0          0          0         76   feqf.o
        76          0          0          0          0         68   ffixi.o
        94          0          0          0          0         92   fflti.o
        94          0          0          0          0         92   fflti.o
        84          4          0          0          0         76   fgef.o
        84          4          0          0          0         76   flef.o
       176          4          0          0          0         80   fmul.o
        16          6          0          0          0         68   fnan2.o
        16          4          0          0          0         76   printf1.o
        94          0          0          0          0         68   retnan.o
         0          0          0          0          0          0   usenofp.o
        44          4          0          0          0         60   fpclassify.o

    ----------------------------------------------------------------------
     12764        510        368          0         96     105005   Library Totals
        34          4          0          0          0          0   (incl. Padding)

    ----------------------------------------------------------------------

      Code (inc. data)   RO Data    RW Data    ZI Data      Debug   Library Name

      5578        134        176          0         96       2776   c_p.l
      1000         96          0          0          0      99017   driverlib.a
      5038        158        192          0          0       2552   fz_ps.l
      1114        118          0          0          0        660   m_ps.l

    ----------------------------------------------------------------------
     12764        510        368          0         96     105005   Library Totals

    ----------------------------------------------------------------------

==============================================================================


      Code (inc. data)   RO Data    RW Data    ZI Data      Debug   

     48056       2554       2836         44      24748     509293   Grand Totals
     48056       2554       2836         44      24748     509293   ELF Image Totals
     48056       2554       2836         44          0          0   ROM Totals

==============================================================================

    Total RO  Size (Code + RO Data)                50892 (  49.70kB)
    Total RW  Size (RW Data + ZI Data)             24792 (  24.21kB)
    Total ROM Size (Code + RO Data + RW Data)      50936 (  49.74kB)

==============================================================================

