Component: Arm Compiler for Embedded 6.24 Tool: armlink [5f371500]

==============================================================================

Section Cross References

    startup_mspm0g351x_uvision.o(STACK) refers (Special) to heapauxi.o(.text) for __use_two_region_memory
    startup_mspm0g351x_uvision.o(HEAP) refers (Special) to heapauxi.o(.text) for __use_two_region_memory
    startup_mspm0g351x_uvision.o(RESET) refers (Special) to heapauxi.o(.text) for __use_two_region_memory
    startup_mspm0g351x_uvision.o(RESET) refers to startup_mspm0g351x_uvision.o(STACK) for __initial_sp
    startup_mspm0g351x_uvision.o(RESET) refers to startup_mspm0g351x_uvision.o(.text) for Reset_Handler
    startup_mspm0g351x_uvision.o(RESET) refers to portasm.o(.text.SVC_Handler) for SVC_Handler
    startup_mspm0g351x_uvision.o(RESET) refers to portasm.o(.text.PendSV_Handler) for PendSV_Handler
    startup_mspm0g351x_uvision.o(RESET) refers to port.o(.text.SysTick_Handler) for SysTick_Handler
    startup_mspm0g351x_uvision.o(RESET) refers to zf_device_imu660rc.o(.text.GROUP1_IRQHandler) for GROUP1_IRQHandler
    startup_mspm0g351x_uvision.o(.text) refers (Special) to heapauxi.o(.text) for __use_two_region_memory
    startup_mspm0g351x_uvision.o(.text) refers to __main.o(!!!main) for __main
    startup_mspm0g351x_uvision.o(.text) refers to startup_mspm0g351x_uvision.o(HEAP) for Heap_Mem
    startup_mspm0g351x_uvision.o(.text) refers to startup_mspm0g351x_uvision.o(STACK) for Stack_Mem
    ti_msp_dl_config.o(.text.SYSCFG_DL_init) refers to ti_msp_dl_config.o(.text.SYSCFG_DL_initPower) for SYSCFG_DL_initPower
    ti_msp_dl_config.o(.text.SYSCFG_DL_init) refers to ti_msp_dl_config.o(.text.SYSCFG_DL_GPIO_init) for SYSCFG_DL_GPIO_init
    ti_msp_dl_config.o(.text.SYSCFG_DL_init) refers to ti_msp_dl_config.o(.text.SYSCFG_DL_SYSCTL_init) for SYSCFG_DL_SYSCTL_init
    ti_msp_dl_config.o(.text.SYSCFG_DL_init) refers to ti_msp_dl_config.o(.text.SYSCFG_DL_TB6612PWM_init) for SYSCFG_DL_TB6612PWM_init
    ti_msp_dl_config.o(.text.SYSCFG_DL_init) refers to ti_msp_dl_config.o(.text.SYSCFG_DL_DRV8873_init) for SYSCFG_DL_DRV8873_init
    ti_msp_dl_config.o(.text.SYSCFG_DL_init) refers to ti_msp_dl_config.o(.text.SYSCFG_DL_servo_init) for SYSCFG_DL_servo_init
    ti_msp_dl_config.o(.text.SYSCFG_DL_init) refers to ti_msp_dl_config.o(.text.SYSCFG_DL_AB1_init) for SYSCFG_DL_AB1_init
    ti_msp_dl_config.o(.text.SYSCFG_DL_init) refers to ti_msp_dl_config.o(.text.SYSCFG_DL_AB2_init) for SYSCFG_DL_AB2_init
    ti_msp_dl_config.o(.text.SYSCFG_DL_init) refers to ti_msp_dl_config.o(.text.SYSCFG_DL_OLED_init) for SYSCFG_DL_OLED_init
    ti_msp_dl_config.o(.text.SYSCFG_DL_init) refers to ti_msp_dl_config.o(.text.SYSCFG_DL_UART_1_init) for SYSCFG_DL_UART_1_init
    ti_msp_dl_config.o(.text.SYSCFG_DL_init) refers to ti_msp_dl_config.o(.text.SYSCFG_DL_UART_4_init) for SYSCFG_DL_UART_4_init
    ti_msp_dl_config.o(.text.SYSCFG_DL_init) refers to ti_msp_dl_config.o(.text.SYSCFG_DL_TFT_SPI0_init) for SYSCFG_DL_TFT_SPI0_init
    ti_msp_dl_config.o(.text.SYSCFG_DL_init) refers to ti_msp_dl_config.o(.text.SYSCFG_DL_IMU660RC_init) for SYSCFG_DL_IMU660RC_init
    ti_msp_dl_config.o(.text.SYSCFG_DL_init) refers to ti_msp_dl_config.o(.text.SYSCFG_DL_ADC1_init) for SYSCFG_DL_ADC1_init
    ti_msp_dl_config.o(.text.SYSCFG_DL_init) refers to ti_msp_dl_config.o(.text.SYSCFG_DL_ADC0_xunji_init) for SYSCFG_DL_ADC0_xunji_init
    ti_msp_dl_config.o(.text.SYSCFG_DL_init) refers to ti_msp_dl_config.o(.text.SYSCFG_DL_SYSCTL_CLK_init) for SYSCFG_DL_SYSCTL_CLK_init
    ti_msp_dl_config.o(.text.SYSCFG_DL_init) refers to ti_msp_dl_config.o(.bss.gservoBackup) for gservoBackup
    ti_msp_dl_config.o(.text.SYSCFG_DL_init) refers to ti_msp_dl_config.o(.bss.gTB6612PWMBackup) for gTB6612PWMBackup
    ti_msp_dl_config.o(.text.SYSCFG_DL_init) refers to ti_msp_dl_config.o(.bss.gAB1Backup) for gAB1Backup
    ti_msp_dl_config.o(.text.SYSCFG_DL_init) refers to ti_msp_dl_config.o(.bss.gTFT_SPI0Backup) for gTFT_SPI0Backup
    ti_msp_dl_config.o(.text.SYSCFG_DL_init) refers to ti_msp_dl_config.o(.bss.gIMU660RCBackup) for gIMU660RCBackup
    ti_msp_dl_config.o(.ARM.exidx.text.SYSCFG_DL_init) refers to ti_msp_dl_config.o(.text.SYSCFG_DL_init) for [Anonymous Symbol]
    ti_msp_dl_config.o(.text.SYSCFG_DL_initPower) refers to dl_common.o(.text.DL_Common_delayCycles) for DL_Common_delayCycles
    ti_msp_dl_config.o(.ARM.exidx.text.SYSCFG_DL_initPower) refers to ti_msp_dl_config.o(.text.SYSCFG_DL_initPower) for [Anonymous Symbol]
    ti_msp_dl_config.o(.ARM.exidx.text.SYSCFG_DL_GPIO_init) refers to ti_msp_dl_config.o(.text.SYSCFG_DL_GPIO_init) for [Anonymous Symbol]
    ti_msp_dl_config.o(.text.SYSCFG_DL_SYSCTL_init) refers to dl_sysctl_mspm0g1x0x_g3x0x.o(.text.DL_SYSCTL_configSYSPLL) for DL_SYSCTL_configSYSPLL
    ti_msp_dl_config.o(.text.SYSCFG_DL_SYSCTL_init) refers to ti_msp_dl_config.o(.text.SYSCFG_DL_SYSCTL_SYSPLL_init) for SYSCFG_DL_SYSCTL_SYSPLL_init
[...]
    [Anonymous Symbol]                       0x20201ac4   Section        0  heap_4.o(.bss.xNumberOfSuccessfulAllocations)
    xNumberOfSuccessfulFrees                 0x20201ac8   Data           4  heap_4.o(.bss.xNumberOfSuccessfulFrees)
    [Anonymous Symbol]                       0x20201ac8   Section        0  heap_4.o(.bss.xNumberOfSuccessfulFrees)
    xPendedTicks                             0x20201acc   Data           4  tasks.o(.bss.xPendedTicks)
    [Anonymous Symbol]                       0x20201acc   Section        0  tasks.o(.bss.xPendedTicks)
    xPendingReadyList                        0x20201ad0   Data          20  tasks.o(.bss.xPendingReadyList)
    [Anonymous Symbol]                       0x20201ad0   Section        0  tasks.o(.bss.xPendingReadyList)
    xSchedulerRunning                        0x20201ae4   Data           4  tasks.o(.bss.xSchedulerRunning)
    [Anonymous Symbol]                       0x20201ae4   Section        0  tasks.o(.bss.xSchedulerRunning)
    xStart                                   0x20201ae8   Data           8  heap_4.o(.bss.xStart)
    [Anonymous Symbol]                       0x20201ae8   Section        0  heap_4.o(.bss.xStart)
    xSuspendedTaskList                       0x20201af0   Data          20  tasks.o(.bss.xSuspendedTaskList)
    [Anonymous Symbol]                       0x20201af0   Section        0  tasks.o(.bss.xSuspendedTaskList)
    xTasksWaitingTermination                 0x20201b04   Data          20  tasks.o(.bss.xTasksWaitingTermination)
    [Anonymous Symbol]                       0x20201b04   Section        0  tasks.o(.bss.xTasksWaitingTermination)
    xTickCount                               0x20201b18   Data           4  tasks.o(.bss.xTickCount)
    [Anonymous Symbol]                       0x20201b18   Section        0  tasks.o(.bss.xTickCount)
    xTimerQueue                              0x20201b1c   Data           4  timers.o(.bss.xTimerQueue)
    [Anonymous Symbol]                       0x20201b1c   Section        0  timers.o(.bss.xTimerQueue)
    xTimerTaskHandle                         0x20201b20   Data           4  timers.o(.bss.xTimerTaskHandle)
    [Anonymous Symbol]                       0x20201b20   Section        0  timers.o(.bss.xTimerTaskHandle)
    xYieldPendings                           0x20201b24   Data           4  tasks.o(.bss.xYieldPendings)
    [Anonymous Symbol]                       0x20201b24   Section        0  tasks.o(.bss.xYieldPendings)
    Heap_Mem                                 0x20201b28   Data           0  startup_mspm0g351x_uvision.o(HEAP)
    Stack_Mem                                0x20201b28   Data        2048  startup_mspm0g351x_uvision.o(STACK)
    HEAP                                     0x20201b28   Section        0  startup_mspm0g351x_uvision.o(HEAP)
    STACK                                    0x20201b28   Section     2048  startup_mspm0g351x_uvision.o(STACK)
    __initial_sp                             0x20202328   Data           0  startup_mspm0g351x_uvision.o(STACK)

    Global Symbols

    Symbol Name                              Value     Ov Type        Size  Object(Section)

    BuildAttributes$$THM_ISAv3M$S$PE$A:L22$X:L11$S22$IEEE1$IW$~IW$USESV6$~STKCKD$USESV7$~SHL$OTIME$ROPI$IEEEX$EBA8$UX$STANDARDLIB$REQ8$PRES8$EABIv2 0x00000000   Number         0  anon$$obj.o ABSOLUTE
    __Vectors                                0x00000000   Data           4  startup_mspm0g351x_uvision.o(RESET)
    _printf_flags                            0x00000000   Number         0  printf_stubs.o ABSOLUTE
    _printf_return_value                     0x00000000   Number         0  printf_stubs.o ABSOLUTE
    _printf_sizespec                         0x00000000   Number         0  printf_stubs.o ABSOLUTE
    _printf_widthprec                        0x00000000   Number         0  printf_stubs.o ABSOLUTE
    __ARM_exceptions_init                     - Undefined Weak Reference
    __alloca_initialize                       - Undefined Weak Reference
    __arm_preinit_                            - Undefined Weak Reference
    __arm_relocate_pie_                       - Undefined Weak Reference
    __cpp_initialize__aeabi_                  - Undefined Weak Reference
    __cxa_finalize                            - Undefined Weak Reference
    __sigvec_lookup                           - Undefined Weak Reference
    _atexit_init                              - Undefined Weak Reference
    _call_atexit_fns                          - Undefined Weak Reference
    _clock_init                               - Undefined Weak Reference
    _fp_trap_init                             - Undefined Weak Reference
    _fp_trap_shutdown                         - Undefined Weak Reference
    _get_lc_collate                           - Undefined Weak Reference
    _get_lc_ctype                             - Undefined Weak Reference
    _get_lc_monetary                          - Undefined Weak Reference
    _get_lc_time                              - Undefined Weak Reference
    _getenv_init                              - Undefined Weak Reference
    _handle_redirection                       - Undefined Weak Reference
    _init_alloc                               - Undefined Weak Reference
    _init_user_alloc                          - Undefined Weak Reference
    _initio                                   - Undefined Weak Reference
    _printf_post_padding                      - Undefined Weak Reference
    _printf_pre_padding                       - Undefined Weak Reference
    _printf_truncate_signed                   - Undefined Weak Reference
    _printf_truncate_unsigned                 - Undefined Weak Reference
    _rand_init                                - Undefined Weak Reference
    _signal_finish                            - Undefined Weak Reference
    _signal_init                              - Undefined Weak Reference
    _terminate_alloc                          - Undefined Weak Reference
    _terminate_user_alloc                     - Undefined Weak Reference
    _terminateio                              - Undefined Weak Reference
    __Vectors_End                            0x000000c0   Data           0  startup_mspm0g351x_uvision.o(RESET)
    __Vectors_Size                           0x000000c0   Number         0  startup_mspm0g351x_uvision.o ABSOLUTE
    __main                                   0x000000c1   Thumb Code     8  __main.o(!!!main)
    __scatterload                            0x000000c9   Thumb Code     0  __scatter.o(!!!scatter)
    __scatterload_rt2                        0x000000c9   Thumb Code    74  __scatter.o(!!!scatter)
    __scatterload_rt2_thumb_only             0x000000c9   Thumb Code     0  __scatter.o(!!!scatter)
    __scatterload_loop                       0x000000d3   Thumb Code     0  __scatter.o(!!!scatter)
    __scatterload_copy                       0x00000121   Thumb Code    26  __scatter_copy.o(!!handler_copy)
    __scatterload_null                       0x00000141   Thumb Code     2  __scatter.o(!!handler_null)
    __scatterload_zeroinit                   0x00000149   Thumb Code    28  __scatter_zi.o(!!handler_zi)
    _printf_percent                          0x00000165   Thumb Code     0  _printf_percent.o(.ARM.Collect$$_printf_percent$$00000000)
    _printf_f                                0x00000167   Thumb Code     0  _printf_f.o(.ARM.Collect$$_printf_percent$$00000003)
    _printf_d                                0x00000171   Thumb Code     0  _printf_d.o(.ARM.Collect$$_printf_percent$$00000009)
    _printf_u                                0x0000017b   Thumb Code     0  _printf_u.o(.ARM.Collect$$_printf_percent$$0000000A)
    _printf_percent_end                      0x00000185   Thumb Code     0  _printf_percent_end.o(.ARM.Collect$$_printf_percent$$00000017)
    __rt_lib_init                            0x00000189   Thumb Code     0  libinit.o(.ARM.Collect$$libinit$$00000000)
    __rt_lib_init_fp_1                       0x0000018b   Thumb Code     0  libinit2.o(.ARM.Collect$$libinit$$00000002)
    __rt_lib_init_heap_1                     0x0000018b   Thumb Code     0  libinit2.o(.ARM.Collect$$libinit$$0000000C)
    __rt_lib_init_lc_common                  0x0000018b   Thumb Code     0  libinit2.o(.ARM.Collect$$libinit$$00000011)
    __rt_lib_init_preinit_1                  0x0000018b   Thumb Code     0  libinit2.o(.ARM.Collect$$libinit$$00000006)
    __rt_lib_init_rand_1                     0x0000018b   Thumb Code     0  libinit2.o(.ARM.Collect$$libinit$$00000010)
    __rt_lib_init_relocate_pie_1             0x0000018b   Thumb Code     0  libinit2.o(.ARM.Collect$$libinit$$00000004)
    __rt_lib_init_user_alloc_1               0x0000018b   Thumb Code     0  libinit2.o(.ARM.Collect$$libinit$$0000000E)
    __rt_lib_init_lc_collate_1               0x00000191   Thumb Code     0  libinit2.o(.ARM.Collect$$libinit$$00000013)
    __rt_lib_init_lc_ctype_1                 0x00000191   Thumb Code     0  libinit2.o(.ARM.Collect$$libinit$$00000015)
    __rt_lib_init_lc_monetary_1              0x00000191   Thumb Code     0  libinit2.o(.ARM.Collect$$libinit$$00000017)
    __rt_lib_init_lc_numeric_2               0x00000191   Thumb Code     0  libinit2.o(.ARM.Collect$$libinit$$00000018)
    __rt_lib_init_alloca_1                   0x0000019b   Thumb Code     0  libinit2.o(.ARM.Collect$$libinit$$00000030)
    __rt_lib_init_argv_1                     0x0000019b   Thumb Code     0  libinit2.o(.ARM.Collect$$libinit$$0000002E)
    __rt_lib_init_atexit_1                   0x0000019b   Thumb Code     0  libinit2.o(.ARM.Collect$$libinit$$0000001D)
    __rt_lib_init_clock_1                    0x0000019b   Thumb Code     0  libinit2.o(.ARM.Collect$$libinit$$00000023)
    __rt_lib_init_cpp_1                      0x0000019b   Thumb Code     0  libinit2.o(.ARM.Collect$$libinit$$00000034)
    __rt_lib_init_exceptions_1               0x0000019b   Thumb Code     0  libinit2.o(.ARM.Collect$$libinit$$00000032)
    __rt_lib_init_fp_trap_1                  0x0000019b   Thumb Code     0  libinit2.o(.ARM.Collect$$libinit$$00000021)
    __rt_lib_init_getenv_1                   0x0000019b   Thumb Code     0  libinit2.o(.ARM.Collect$$libinit$$00000025)
    __rt_lib_init_lc_numeric_1               0x0000019b   Thumb Code     0  libinit2.o(.ARM.Collect$$libinit$$00000019)
    __rt_lib_init_lc_time_1                  0x0000019b   Thumb Code     0  libinit2.o(.ARM.Collect$$libinit$$0000001B)
    __rt_lib_init_return                     0x0000019b   Thumb Code     0  libinit2.o(.ARM.Collect$$libinit$$00000035)
    __rt_lib_init_signal_1                   0x0000019b   Thumb Code     0  libinit2.o(.ARM.Collect$$libinit$$0000001F)
    __rt_lib_init_stdio_1                    0x0000019b   Thumb Code     0  libinit2.o(.ARM.Collect$$libinit$$00000027)
    __rt_lib_shutdown                        0x0000019d   Thumb Code     0  libshutdown.o(.ARM.Collect$$libshutdown$$00000000)
    __rt_lib_shutdown_cpp_1                  0x0000019f   Thumb Code     0  libshutdown2.o(.ARM.Collect$$libshutdown$$00000002)
    __rt_lib_shutdown_fp_trap_1              0x0000019f   Thumb Code     0  libshutdown2.o(.ARM.Collect$$libshutdown$$00000007)
    __rt_lib_shutdown_heap_1                 0x0000019f   Thumb Code     0  libshutdown2.o(.ARM.Collect$$libshutdown$$0000000F)
    __rt_lib_shutdown_return                 0x0000019f   Thumb Code     0  libshutdown2.o(.ARM.Collect$$libshutdown$$00000010)
    __rt_lib_shutdown_signal_1               0x0000019f   Thumb Code     0  libshutdown2.o(.ARM.Collect$$libshutdown$$0000000A)
    __rt_lib_shutdown_stdio_1                0x0000019f   Thumb Code     0  libshutdown2.o(.ARM.Collect$$libshutdown$$00000004)
    __rt_lib_shutdown_user_alloc_1           0x0000019f   Thumb Code     0  libshutdown2.o(.ARM.Collect$$libshutdown$$0000000C)
    __rt_entry                               0x000001a1   Thumb Code     0  __rtentry.o(.ARM.Collect$$rtentry$$00000000)
    __rt_entry_presh_1                       0x000001a1   Thumb Code     0  __rtentry2.o(.ARM.Collect$$rtentry$$00000002)
    __rt_entry_sh                            0x000001a1   Thumb Code     0  __rtentry4.o(.ARM.Collect$$rtentry$$00000004)
    __rt_entry_li                            0x000001a7   Thumb Code     0  __rtentry2.o(.ARM.Collect$$rtentry$$0000000A)
    __rt_entry_postsh_1                      0x000001a7   Thumb Code     0  __rtentry2.o(.ARM.Collect$$rtentry$$00000009)
    __rt_entry_main                          0x000001ab   Thumb Code     0  __rtentry2.o(.ARM.Collect$$rtentry$$0000000D)
    __rt_entry_postli_1                      0x000001ab   Thumb Code     0  __rtentry2.o(.ARM.Collect$$rtentry$$0000000C)
    __rt_exit                                0x000001b3   Thumb Code     0  rtexit.o(.ARM.Collect$$rtexit$$00000000)
    __rt_exit_ls                             0x000001b5   Thumb Code     0  rtexit2.o(.ARM.Collect$$rtexit$$00000003)
    __rt_exit_prels_1                        0x000001b5   Thumb Code     0  rtexit2.o(.ARM.Collect$$rtexit$$00000002)
    __rt_exit_exit                           0x000001b9   Thumb Code     0  rtexit2.o(.ARM.Collect$$rtexit$$00000004)
    __aeabi_memcpy4                          0x000001c1   Thumb Code    56  rt_memcpy.o(.emb_text)
    __aeabi_memcpy8                          0x000001c1   Thumb Code     0  rt_memcpy.o(.emb_text)
    Reset_Handler                            0x000001f9   Thumb Code     4  startup_mspm0g351x_uvision.o(.text)
    NMI_Handler                              0x000001fd   Thumb Code     2  startup_mspm0g351x_uvision.o(.text)
    HardFault_Handler                        0x000001ff   Thumb Code     2  startup_mspm0g351x_uvision.o(.text)
    ADC0_IRQHandler                          0x00000207   Thumb Code     0  startup_mspm0g351x_uvision.o(.text)
    ADC1_IRQHandler                          0x00000207   Thumb Code     0  startup_mspm0g351x_uvision.o(.text)
    AESADV_IRQHandler                        0x00000207   Thumb Code     0  startup_mspm0g351x_uvision.o(.text)
    CANFD0_IRQHandler                        0x00000207   Thumb Code     0  startup_mspm0g351x_uvision.o(.text)
    CANFD1_IRQHandler                        0x00000207   Thumb Code     0  startup_mspm0g351x_uvision.o(.text)
    DAC0_IRQHandler                          0x00000207   Thumb Code     0  startup_mspm0g351x_uvision.o(.text)
    DMA_IRQHandler                           0x00000207   Thumb Code     0  startup_mspm0g351x_uvision.o(.text)
    Default_Handler                          0x00000207   Thumb Code     2  startup_mspm0g351x_uvision.o(.text)
    GROUP0_IRQHandler                        0x00000207   Thumb Code     0  startup_mspm0g351x_uvision.o(.text)
    I2C0_IRQHandler                          0x00000207   Thumb Code     0  startup_mspm0g351x_uvision.o(.text)
    I2C1_IRQHandler                          0x00000207   Thumb Code     0  startup_mspm0g351x_uvision.o(.text)
    I2C2_IRQHandler                          0x00000207   Thumb Code     0  startup_mspm0g351x_uvision.o(.text)
    LFSS_IRQHandler                          0x00000207   Thumb Code     0  startup_mspm0g351x_uvision.o(.text)
    SPI0_IRQHandler                          0x00000207   Thumb Code     0  startup_mspm0g351x_uvision.o(.text)
    SPI1_IRQHandler                          0x00000207   Thumb Code     0  startup_mspm0g351x_uvision.o(.text)
    SPI2_IRQHandler                          0x00000207   Thumb Code     0  startup_mspm0g351x_uvision.o(.text)
    TIMA0_IRQHandler                         0x00000207   Thumb Code     0  startup_mspm0g351x_uvision.o(.text)
    TIMA1_IRQHandler                         0x00000207   Thumb Code     0  startup_mspm0g351x_uvision.o(.text)
    TIMG0_IRQHandler                         0x00000207   Thumb Code     0  startup_mspm0g351x_uvision.o(.text)
    TIMG12_IRQHandler                        0x00000207   Thumb Code     0  startup_mspm0g351x_uvision.o(.text)
    TIMG14_IRQHandler                        0x00000207   Thumb Code     0  startup_mspm0g351x_uvision.o(.text)
    TIMG6_IRQHandler                         0x00000207   Thumb Code     0  startup_mspm0g351x_uvision.o(.text)
    TIMG7_IRQHandler                         0x00000207   Thumb Code     0  startup_mspm0g351x_uvision.o(.text)
    TIMG8_IRQHandler                         0x00000207   Thumb Code     0  startup_mspm0g351x_uvision.o(.text)
    TIMG9_IRQHandler                         0x00000207   Thumb Code     0  startup_mspm0g351x_uvision.o(.text)
    UART0_IRQHandler                         0x00000207   Thumb Code     0  startup_mspm0g351x_uvision.o(.text)
    UART1_IRQHandler                         0x00000207   Thumb Code     0  startup_mspm0g351x_uvision.o(.text)
    UART3_IRQHandler                         0x00000207   Thumb Code     0  startup_mspm0g351x_uvision.o(.text)
    UART4_IRQHandler                         0x00000207   Thumb Code     0  startup_mspm0g351x_uvision.o(.text)
    UART5_IRQHandler                         0x00000207   Thumb Code     0  startup_mspm0g351x_uvision.o(.text)
    UART6_IRQHandler                         0x00000207   Thumb Code     0  startup_mspm0g351x_uvision.o(.text)
    UART7_IRQHandler                         0x00000207   Thumb Code     0  startup_mspm0g351x_uvision.o(.text)
    __user_initial_stackheap                 0x00000209   Thumb Code    10  startup_mspm0g351x_uvision.o(.text)
    __aeabi_lmul                             0x00000225   Thumb Code    48  llmul.o(.text)
    _ll_mul                                  0x00000225   Thumb Code     0  llmul.o(.text)
    __2sprintf                               0x00000255   Thumb Code    36  noretval__2sprintf.o(.text)
    _printf_int_dec                          0x0000027d   Thumb Code    90  _printf_dec.o(.text)
    __printf                                 0x000002e9   Thumb Code   270  __printf_wp.o(.text)
    __aeabi_memcpy                           0x000003f7   Thumb Code   130  rt_memcpy.o(.text)
    __rt_memcpy                              0x000003f7   Thumb Code     0  rt_memcpy.o(.text)
    __aeabi_memset4                          0x00000479   Thumb Code    18  aeabi_memset4.o(.text)
    __aeabi_memset8                          0x00000479   Thumb Code     0  aeabi_memset4.o(.text)
    _memset_w                                0x0000048b   Thumb Code    26  rt_memclr.o(.text)
    _memset                                  0x000004a5   Thumb Code    30  rt_memclr.o(.text)
    __aeabi_memclr                           0x000004c3   Thumb Code     4  rt_memclr.o(.text)
    __rt_memclr                              0x000004c3   Thumb Code     0  rt_memclr.o(.text)
    __aeabi_memclr4                          0x000004c7   Thumb Code     0  rt_memclr.o(.text)
    __aeabi_memclr8                          0x000004c7   Thumb Code     0  rt_memclr.o(.text)
    __rt_memclr_w                            0x000004c7   Thumb Code     4  rt_memclr.o(.text)
    __aeabi_uidivmod                         0x000004cd   Thumb Code    28  aeabi_sdivfast.o(.text)
    __aeabi_idivmod                          0x000004e9   Thumb Code   472  aeabi_sdivfast.o(.text)
    __use_two_region_memory                  0x000006c5   Thumb Code     2  heapauxi.o(.text)
    __rt_heap_escrow$2region                 0x000006c7   Thumb Code     2  heapauxi.o(.text)
    __rt_heap_expand$2region                 0x000006c9   Thumb Code     2  heapauxi.o(.text)
    __adddf3                                 0x000009c5   Thumb Code     0  daddsub.o(.text)
    __aeabi_dadd                             0x000009c5   Thumb Code     0  daddsub.o(.text)
    _dadd                                    0x000009c5   Thumb Code    26  daddsub.o(.text)
    __aeabi_dsub                             0x000009df   Thumb Code     0  daddsub.o(.text)
    __subdf3                                 0x000009df   Thumb Code     0  daddsub.o(.text)
    _dsub                                    0x000009df   Thumb Code    22  daddsub.o(.text)
    __aeabi_drsub                            0x000009f5   Thumb Code     0  daddsub.o(.text)
    _drsb                                    0x000009f5   Thumb Code    28  daddsub.o(.text)
    __aeabi_ddiv                             0x00000a25   Thumb Code     0  ddiv.o(.text)
    __divdf3                                 0x00000a25   Thumb Code     0  ddiv.o(.text)
    _ddiv                                    0x00000a25   Thumb Code  1072  ddiv.o(.text)
    _drdiv                                   0x00000e55   Thumb Code    20  ddiv.o(.text)
    __aeabi_d2iz                             0x00000e6d   Thumb Code     0  dfixi.o(.text)
    _dfix                                    0x00000e6d   Thumb Code    98  dfixi.o(.text)
    __aeabi_i2d_normalise                    0x00000ed9   Thumb Code    66  dflti.o(.text)
    __aeabi_i2d                              0x00000f1b   Thumb Code    16  dflti.o(.text)
    _dflt                                    0x00000f1b   Thumb Code     0  dflti.o(.text)
    __aeabi_ui2d                             0x00000f2b   Thumb Code     6  dflti.o(.text)
    _dfltu                                   0x00000f2b   Thumb Code     0  dflti.o(.text)
    __aeabi_dmul                             0x00000f31   Thumb Code     0  dmul.o(.text)
    __muldf3                                 0x00000f31   Thumb Code     0  dmul.o(.text)
    _dmul                                    0x00000f31   Thumb Code   558  dmul.o(.text)
    __aeabi_f2d                              0x00001179   Thumb Code     0  f2d.o(.text)
    __extendsfdf2                            0x00001179   Thumb Code     0  f2d.o(.text)
    _f2d                                     0x00001179   Thumb Code    80  f2d.o(.text)
    __aeabi_fdiv                             0x000011cd   Thumb Code     0  fdiv.o(.text)
    __divsf3                                 0x000011cd   Thumb Code     0  fdiv.o(.text)
    _fdiv                                    0x000011cd   Thumb Code   334  fdiv.o(.text)
    _frdiv                                   0x0000131b   Thumb Code     8  fdiv.o(.text)
    __read_errno                             0x0000132d   Thumb Code    10  _rserrno.o(.text)
    __set_errno                              0x00001337   Thumb Code    12  _rserrno.o(.text)
    _printf_int_common                       0x00001343   Thumb Code   176  _printf_intcommon.o(.text)
    _printf_fp_dec_real                      0x00001591   Thumb Code   620  _printf_fp_dec.o(.text)
    _printf_char_common                      0x00001813   Thumb Code    32  _printf_char_common.o(.text)
    _sputc                                   0x00001839   Thumb Code    10  _sputc.o(.text)
    __rt_udiv10                              0x00001843   Thumb Code    40  rtudiv10.o(.text)
    __ARM_scalbnf                            0x0000186d   Thumb Code    64  fscalbn.o(.text)
    _fsqrt                                   0x000018b1   Thumb Code   140  fsqrt.o(.text)
    __rt_locale                              0x00001941   Thumb Code     8  rt_locale_intlibspace.o(.text)
    __aeabi_errno_addr                       0x00001949   Thumb Code     8  rt_errno_addr_intlibspace.o(.text)
    __errno$intlibspace                      0x00001949   Thumb Code     0  rt_errno_addr_intlibspace.o(.text)
    __rt_errno_addr$intlibspace              0x00001949   Thumb Code     0  rt_errno_addr_intlibspace.o(.text)
    _ll_udiv10                               0x00001951   Thumb Code   122  lludiv10.o(.text)
    _printf_fp_infnan                        0x000019cd   Thumb Code   120  _printf_fp_infnan.o(.text)
    _btod_etento                             0x00001a55   Thumb Code   210  bigflt0.o(.text)
    _btod_d2e                                0x00001b2d   Thumb Code    64  btod.o(.text)
    _btod_emul                               0x00001f61   Thumb Code    28  btod.o(.text)
    _btod_emuld                              0x00001f7d   Thumb Code   144  btod.o(.text)
    _btod_ediv                               0x0000200d   Thumb Code    26  btod.o(.text)
    _btod_edivd                              0x00002027   Thumb Code   124  btod.o(.text)
    __fpl_dcmp_InfNaN                        0x000020ad   Thumb Code   154  dcmpin.o(.text)
    __fpl_fcmp_InfNaN                        0x0000214d   Thumb Code    96  fcmpin.o(.text)
    __user_libspace                          0x000021b1   Thumb Code     8  libspace.o(.text)
    __user_perproc_libspace                  0x000021b1   Thumb Code     0  libspace.o(.text)
    __user_perthread_libspace                0x000021b1   Thumb Code     0  libspace.o(.text)
    __user_setup_stackheap                   0x000021b9   Thumb Code    62  sys_stackheap_outer.o(.text)
    exit                                     0x000021f7   Thumb Code    16  exit.o(.text)
    strcmp                                   0x00002209   Thumb Code   176  strcmpv6m.o(.text)
    __fpl_cmpreturn                          0x000022b9   Thumb Code    46  cmpret.o(.text)
    __fpl_dcheck_NaN2                        0x000022e9   Thumb Code    14  dnan2.o(.text)
    __fpl_fcheck_NaN2                        0x000022fd   Thumb Code    10  fnan2.o(.text)
    __fpl_return_NaN                         0x0000230d   Thumb Code    94  retnan.o(.text)
    _sys_exit                                0x0000236d   Thumb Code     8  sys_exit.o(.text)
    __I$use$semihosting                      0x00002379   Thumb Code     0  use_no_semi.o(.text)
    __use_no_semihosting_swi                 0x00002379   Thumb Code     2  use_no_semi.o(.text)
    __semihosting_library_function           0x0000237b   Thumb Code     0  indicate_semi.o(.text)
    DL_ADC12_setClockConfig                  0x0000237d   Thumb Code    56  dl_adc12.o(.text.DL_ADC12_setClockConfig)
    DL_Common_delayCycles                    0x000023bd   Thumb Code    10  dl_common.o(.text.DL_Common_delayCycles)
    DL_I2C_setClockConfig                    0x000023c7   Thumb Code    38  dl_i2c.o(.text.DL_I2C_setClockConfig)
    DL_SPI_init                              0x000023ed   Thumb Code    60  dl_spi.o(.text.DL_SPI_init)
    DL_SPI_setClockConfig                    0x00002431   Thumb Code    18  dl_spi.o(.text.DL_SPI_setClockConfig)
    DL_SYSCTL_configFCC                      0x00002445   Thumb Code    24  dl_sysctl_mspm0g1x0x_g3x0x.o(.text.DL_SYSCTL_configFCC)
    DL_SYSCTL_configSYSPLL                   0x00002461   Thumb Code   220  dl_sysctl_mspm0g1x0x_g3x0x.o(.text.DL_SYSCTL_configSYSPLL)
    DL_SYSCTL_switchMCLKfromSYSOSCtoHSCLK    0x0000254d   Thumb Code    72  dl_sysctl_mspm0g1x0x_g3x0x.o(.text.DL_SYSCTL_switchMCLKfromSYSOSCtoHSCLK)
    DL_Timer_initFourCCPWMMode               0x0000259d   Thumb Code   244  dl_timer.o(.text.DL_Timer_initFourCCPWMMode)
    DL_Timer_setCaptCompUpdateMethod         0x000026ad   Thumb Code    24  dl_timer.o(.text.DL_Timer_setCaptCompUpdateMethod)
    DL_Timer_setCaptureCompareOutCtl         0x000026c9   Thumb Code    20  dl_timer.o(.text.DL_Timer_setCaptureCompareOutCtl)
    DL_Timer_setCaptureCompareValue          0x000026e1   Thumb Code    12  dl_timer.o(.text.DL_Timer_setCaptureCompareValue)
    DL_Timer_setClockConfig                  0x000026f1   Thumb Code    24  dl_timer.o(.text.DL_Timer_setClockConfig)
    DL_UART_init                             0x0000270d   Thumb Code    64  dl_uart.o(.text.DL_UART_init)
    DL_UART_setClockConfig                   0x00002755   Thumb Code    18  dl_uart.o(.text.DL_UART_setClockConfig)
    DRV8873_Init                             0x00002769   Thumb Code    56  drv8873.o(.text.DRV8873_Init)
    Encode_Get_Delta                         0x000029cd   Thumb Code    28  encode.o(.text.Encode_Get_Delta)
    Encode_Init                              0x000029f1   Thumb Code    52  encode.o(.text.Encode_Init)
    GROUP1_IRQHandler                        0x00002a31   Thumb Code    32  zf_device_imu660rc.o(.text.GROUP1_IRQHandler)
    Grayscale_Get_Digital                    0x00002a55   Thumb Code     6  grayscale.o(.text.Grayscale_Get_Digital)
    Grayscale_Init                           0x00002a5d   Thumb Code   368  grayscale.o(.text.Grayscale_Init)
    Grayscale_Init_First                     0x00002bd5   Thumb Code    56  grayscale.o(.text.Grayscale_Init_First)
    Grayscale_Update                         0x00002c11   Thumb Code  1304  grayscale.o(.text.Grayscale_Update)
    PendSV_Handler                           0x00003141   Thumb Code    64  portasm.o(.text.PendSV_Handler)
    SVC_Handler                              0x00003191   Thumb Code    32  portasm.o(.text.SVC_Handler)
    SYSCFG_DL_AB1_init                       0x000031b5   Thumb Code    44  ti_msp_dl_config.o(.text.SYSCFG_DL_AB1_init)
    SYSCFG_DL_AB2_init                       0x000031f5   Thumb Code    44  ti_msp_dl_config.o(.text.SYSCFG_DL_AB2_init)
    SYSCFG_DL_ADC0_xunji_init                0x00003241   Thumb Code    28  ti_msp_dl_config.o(.text.SYSCFG_DL_ADC0_xunji_init)
    SYSCFG_DL_ADC1_init                      0x00003269   Thumb Code    60  ti_msp_dl_config.o(.text.SYSCFG_DL_ADC1_init)
    SYSCFG_DL_DRV8873_init                   0x000032bd   Thumb Code   116  ti_msp_dl_config.o(.text.SYSCFG_DL_DRV8873_init)
    SYSCFG_DL_GPIO_init                      0x00003349   Thumb Code   364  ti_msp_dl_config.o(.text.SYSCFG_DL_GPIO_init)
    SYSCFG_DL_IMU660RC_init                  0x000034f5   Thumb Code    56  ti_msp_dl_config.o(.text.SYSCFG_DL_IMU660RC_init)
    SYSCFG_DL_OLED_init                      0x0000353d   Thumb Code    72  ti_msp_dl_config.o(.text.SYSCFG_DL_OLED_init)
    SYSCFG_DL_SYSCTL_CLK_init                0x00003591   Thumb Code    40  ti_msp_dl_config.o(.text.SYSCFG_DL_SYSCTL_CLK_init)
    SYSCFG_DL_SYSCTL_SYSPLL_init             0x000035bd   Thumb Code   140  ti_msp_dl_config.o(.text.SYSCFG_DL_SYSCTL_SYSPLL_init)
    SYSCFG_DL_SYSCTL_init                    0x0000365d   Thumb Code   144  ti_msp_dl_config.o(.text.SYSCFG_DL_SYSCTL_init)
    SYSCFG_DL_TB6612PWM_init                 0x00003701   Thumb Code   120  ti_msp_dl_config.o(.text.SYSCFG_DL_TB6612PWM_init)
    SYSCFG_DL_TFT_SPI0_init                  0x0000378d   Thumb Code    56  ti_msp_dl_config.o(.text.SYSCFG_DL_TFT_SPI0_init)
    SYSCFG_DL_UART_1_init                    0x000037d9   Thumb Code   104  ti_msp_dl_config.o(.text.SYSCFG_DL_UART_1_init)
    SYSCFG_DL_UART_4_init                    0x00003851   Thumb Code   104  ti_msp_dl_config.o(.text.SYSCFG_DL_UART_4_init)
    SYSCFG_DL_init                           0x000038cd   Thumb Code    96  ti_msp_dl_config.o(.text.SYSCFG_DL_init)
    SYSCFG_DL_initPower                      0x00003941   Thumb Code   128  ti_msp_dl_config.o(.text.SYSCFG_DL_initPower)
    SYSCFG_DL_servo_init                     0x00003a05   Thumb Code   188  ti_msp_dl_config.o(.text.SYSCFG_DL_servo_init)
    SysTick_Handler                          0x00003b15   Thumb Code    32  port.o(.text.SysTick_Handler)
    eTaskConfirmSleepModeStatus              0x00003b39   Thumb Code    52  tasks.o(.text.eTaskConfirmSleepModeStatus)
    imu660rc_get_quarternion                 0x00003b81   Thumb Code  1160  zf_device_imu660rc.o(.text.imu660rc_get_quarternion)
    imu660rc_init                            0x00004055   Thumb Code   644  zf_device_imu660rc.o(.text.imu660rc_init)
    main                                     0x00004505   Thumb Code    88  main.o(.text.main)
    pvPortMalloc                             0x00004c79   Thumb Code   400  heap_4.o(.text.pvPortMalloc)
    pxPortInitialiseStack                    0x00004e25   Thumb Code   136  port.o(.text.pxPortInitialiseStack)
    tft180_clear                             0x00004ee1   Thumb Code   424  zf_device_tft180.o(.text.tft180_clear)
    tft180_init                              0x00005091   Thumb Code  4356  zf_device_tft180.o(.text.tft180_init)
    tft180_set_color                         0x00006195   Thumb Code    12  zf_device_tft180.o(.text.tft180_set_color)
    tft180_show_char                         0x0000659d   Thumb Code   916  zf_device_tft180.o(.text.tft180_show_char)
    tft180_show_float                        0x00006955   Thumb Code   336  zf_device_tft180.o(.text.tft180_show_float)
    tft180_show_string                       0x00006ad5   Thumb Code   112  zf_device_tft180.o(.text.tft180_show_string)
    tft180_show_uint                         0x00006b45   Thumb Code   264  zf_device_tft180.o(.text.tft180_show_uint)
    ulSetInterruptMask                       0x00006c75   Thumb Code     8  portasm.o(.text.ulSetInterruptMask)
    uxListRemove                             0x00006c7d   Thumb Code    30  list.o(.text.uxListRemove)
    vApplicationGetIdleTaskMemory            0x00006c9d   Thumb Code    16  freertos_hooks.o(.text.vApplicationGetIdleTaskMemory)
    vApplicationGetTimerTaskMemory           0x00006cb5   Thumb Code    16  freertos_hooks.o(.text.vApplicationGetTimerTaskMemory)
    vApplicationStackOverflowHook            0x00006ccd   Thumb Code     2  freertos_hooks.o(.text.vApplicationStackOverflowHook)
    vClearInterruptMask                      0x00006ccf   Thumb Code     6  portasm.o(.text.vClearInterruptMask)
    vListInitialise                          0x00006cd5   Thumb Code    16  list.o(.text.vListInitialise)
    vListInitialiseItem                      0x00006ce5   Thumb Code     6  list.o(.text.vListInitialiseItem)
    vListInsert                              0x00006ceb   Thumb Code    60  list.o(.text.vListInsert)
    vPortEnterCritical                       0x00006d29   Thumb Code    20  port.o(.text.vPortEnterCritical)
    vPortExitCritical                        0x00006d3d   Thumb Code    32  port.o(.text.vPortExitCritical)
    vPortFree                                0x00006d61   Thumb Code   228  heap_4.o(.text.vPortFree)
    vPortSVCHandler_C                        0x00006e5d   Thumb Code    22  port.o(.text.vPortSVCHandler_C)
    vPortSetupTimerInterrupt                 0x00006e75   Thumb Code    36  port.o(.text.vPortSetupTimerInterrupt)
    vPortSuppressTicksAndSleep               0x00006e9d   Thumb Code   300  port.o(.text.vPortSuppressTicksAndSleep)
    vPortYield                               0x00006fe1   Thumb Code    20  port.o(.text.vPortYield)
    vQueueWaitForMessageRestricted           0x00006ff9   Thumb Code    68  queue.o(.text.vQueueWaitForMessageRestricted)
    vRestoreContextOfFirstTask               0x00007041   Thumb Code    32  portasm.o(.text.vRestoreContextOfFirstTask)
    vStartFirstTask                          0x00007071   Thumb Code    16  portasm.o(.text.vStartFirstTask)
    vTaskDelay                               0x00007081   Thumb Code   112  tasks.o(.text.vTaskDelay)
    vTaskInternalSetTimeOutState             0x000070f9   Thumb Code    16  tasks.o(.text.vTaskInternalSetTimeOutState)
    vTaskMissedYield                         0x0000710d   Thumb Code     8  tasks.o(.text.vTaskMissedYield)
    vTaskPlaceOnEventList                    0x00007115   Thumb Code    32  tasks.o(.text.vTaskPlaceOnEventList)
    vTaskPlaceOnEventListRestricted          0x00007135   Thumb Code    64  tasks.o(.text.vTaskPlaceOnEventListRestricted)
    vTaskStartScheduler                      0x00007175   Thumb Code   176  tasks.o(.text.vTaskStartScheduler)
    vTaskStepTick                            0x00007239   Thumb Code    76  tasks.o(.text.vTaskStepTick)
    vTaskSuspendAll                          0x00007291   Thumb Code    12  tasks.o(.text.vTaskSuspendAll)
    vTaskSwitchContext                       0x0000729d   Thumb Code   224  tasks.o(.text.vTaskSwitchContext)
    xPortStartScheduler                      0x00007395   Thumb Code   120  port.o(.text.xPortStartScheduler)
    xQueueGenericCreateStatic                0x0000741d   Thumb Code   170  queue.o(.text.xQueueGenericCreateStatic)
    xQueueReceive                            0x000074c7   Thumb Code   378  queue.o(.text.xQueueReceive)
    xTaskCheckForTimeOut                     0x00007641   Thumb Code    96  tasks.o(.text.xTaskCheckForTimeOut)
    xTaskCreate                              0x000076a1   Thumb Code   100  tasks.o(.text.xTaskCreate)
    xTaskCreateStatic                        0x00007705   Thumb Code   108  tasks.o(.text.xTaskCreateStatic)
    xTaskDelayUntil                          0x00007771   Thumb Code   164  tasks.o(.text.xTaskDelayUntil)
    xTaskGetSchedulerState                   0x00007815   Thumb Code    24  tasks.o(.text.xTaskGetSchedulerState)
    xTaskGetTickCount                        0x00007831   Thumb Code     8  tasks.o(.text.xTaskGetTickCount)
    xTaskIncrementTick                       0x00007839   Thumb Code   292  tasks.o(.text.xTaskIncrementTick)
    xTaskRemoveFromEventList                 0x00007969   Thumb Code   192  tasks.o(.text.xTaskRemoveFromEventList)
    xTaskResumeAll                           0x00007a2d   Thumb Code   276  tasks.o(.text.xTaskResumeAll)
    xTimerCreateTimerTask                    0x00007b69   Thumb Code   128  timers.o(.text.xTimerCreateTimerTask)
    __aeabi_uidiv                            0x00007c15   Thumb Code    68  aeabi_sdivfast.o(.text_divfast)
    __aeabi_idiv                             0x00007c59   Thumb Code   434  aeabi_sdivfast.o(.text_divfast)
    __ARM_common_ll_muluu                    0x00007e0b   Thumb Code    48  btod.o(i.__ARM_common_ll_muluu)
    __ARM_fpclassify                         0x00007e3d   Thumb Code    40  fpclassify.o(i.__ARM_fpclassify)
    __ARM_fpclassifyf                        0x00007e69   Thumb Code    34  fpclassifyf.o(i.__ARM_fpclassifyf)
    __mathlib_flt_infnan                     0x00007e8b   Thumb Code    10  funder.o(i.__mathlib_flt_infnan)
    __mathlib_flt_infnan2                    0x00007e95   Thumb Code     8  funder.o(i.__mathlib_flt_infnan2)
    __mathlib_flt_invalid                    0x00007e9d   Thumb Code    12  funder.o(i.__mathlib_flt_invalid)
    __mathlib_flt_underflow                  0x00007ea9   Thumb Code    14  funder.o(i.__mathlib_flt_underflow)
    __aeabi_dcmpgt                           0x00007eb7   Thumb Code     0  dcmp.o(i._dgr)
    _dgr                                     0x00007eb7   Thumb Code    22  dcmp.o(i._dgr)
    __aeabi_fcmpgt                           0x00007ecd   Thumb Code     0  fcmp.o(i._fgr)
    _fgr                                     0x00007ecd   Thumb Code    22  fcmp.o(i._fgr)
    __aeabi_fcmplt                           0x00007ee3   Thumb Code     0  fcmp.o(i._fls)
    _fls                                     0x00007ee3   Thumb Code    22  fcmp.o(i._fls)
    _is_digit                                0x00007ef9   Thumb Code    14  __printf_wp.o(i._is_digit)
    asinf                                    0x00007f09   Thumb Code   242  asinf.o(i.asinf)
    atan2f                                   0x00008021   Thumb Code   592  atan2f.o(i.atan2f)
    sqrtf                                    0x000082bd   Thumb Code    44  sqrtf.o(i.sqrtf)
    _get_lc_numeric                          0x000082e9   Thumb Code    44  lc_numeric_c.o(locale$$code)
    _dcmpge                                  0x00008315   Thumb Code    94  dgef.o(x$fpl$dgeqf)
    __aeabi_fadd                             0x00008379   Thumb Code     0  faddsub.o(x$fpl$fadd)
    _fadd                                    0x00008379   Thumb Code   134  faddsub.o(x$fpl$fadd)
    _fcmpge                                  0x00008405   Thumb Code    78  fgef.o(x$fpl$fgeqf)
    __aeabi_cfcmple                          0x00008459   Thumb Code     0  flef.o(x$fpl$fleqf)
    _fcmple                                  0x00008459   Thumb Code    78  flef.o(x$fpl$fleqf)
    __aeabi_fmul                             0x000084ad   Thumb Code     0  fmul.o(x$fpl$fmul)
    _fmul                                    0x000084ad   Thumb Code   172  fmul.o(x$fpl$fmul)
    __aeabi_frsub                            0x0000855d   Thumb Code     0  faddsub.o(x$fpl$frsb)
    _frsb                                    0x0000855d   Thumb Code    24  faddsub.o(x$fpl$frsb)
    __aeabi_fsub                             0x00008575   Thumb Code     0  faddsub.o(x$fpl$fsub)
    _fsub                                    0x00008575   Thumb Code   204  faddsub.o(x$fpl$fsub)
    _printf_fp_dec                           0x00008645   Thumb Code    16  printf1.o(x$fpl$printf1)
    __I$use$fp                               0x00008654   Number         0  usenofp.o(x$fpl$usenofp)
    Region$$Table$$Base                      0x00009070   Number         0  anon$$obj.o(Region$$Table)
    Region$$Table$$Limit                     0x00009090   Number         0  anon$$obj.o(Region$$Table)
    __libspace_start                         0x20200010   Data          96  libspace.o(.bss)
    __temporary_stack_top$libspace           0x20200070   Data           0  libspace.o(.bss)
    gAB1Backup                               0x20200070   Data         160  ti_msp_dl_config.o(.bss.gAB1Backup)
    gIMU660RCBackup                          0x20200110   Data          40  ti_msp_dl_config.o(.bss.gIMU660RCBackup)
    gTB6612PWMBackup                         0x20200138   Data         188  ti_msp_dl_config.o(.bss.gTB6612PWMBackup)
    gTFT_SPI0Backup                          0x202001f4   Data          40  ti_msp_dl_config.o(.bss.gTFT_SPI0Backup)
    g_encoder_left_delta                     0x20200220   Data           2  main.o(.bss.g_encoder_left_delta)
    g_encoder_right_delta                    0x20200222   Data           2  main.o(.bss.g_encoder_right_delta)
    g_grayscale_sensor                       0x20200228   Data         168  main.o(.bss.g_grayscale_sensor)
    gservoBackup                             0x202002d0   Data         188  ti_msp_dl_config.o(.bss.gservoBackup)
    imu660rc_acc_x                           0x2020038c   Data           2  zf_device_imu660rc.o(.bss.imu660rc_acc_x)
    imu660rc_acc_y                           0x2020038e   Data           2  zf_device_imu660rc.o(.bss.imu660rc_acc_y)
    imu660rc_acc_z                           0x20200390   Data           2  zf_device_imu660rc.o(.bss.imu660rc_acc_z)
    imu660rc_gyro_x                          0x20200392   Data           2  zf_device_imu660rc.o(.bss.imu660rc_gyro_x)
    imu660rc_gyro_y                          0x20200394   Data           2  zf_device_imu660rc.o(.bss.imu660rc_gyro_y)
    imu660rc_gyro_z                          0x20200396   Data           2  zf_device_imu660rc.o(.bss.imu660rc_gyro_z)
    imu660rc_pitch                           0x20200398   Data           4  zf_device_imu660rc.o(.bss.imu660rc_pitch)
    imu660rc_quarternion                     0x2020039c   Data          16  zf_device_imu660rc.o(.bss.imu660rc_quarternion)
    imu660rc_roll                            0x202003b0   Data           4  zf_device_imu660rc.o(.bss.imu660rc_roll)
    imu660rc_transition_factor               0x202003b4   Data           8  zf_device_imu660rc.o(.bss.imu660rc_transition_factor)
    imu660rc_yaw                             0x202003bc   Data           4  zf_device_imu660rc.o(.bss.imu660rc_yaw)
    pxCurrentTCB                             0x2020048c   Data           4  tasks.o(.bss.pxCurrentTCB)



==============================================================================

Memory Map of the image

  Image Entry point : 0x000000c1

  Load Region LR_IROM1 (Base: 0x00000000, Size: 0x000090c0, Max: 0x00080000, ABSOLUTE)

    Execution Region ER_IROM1 (Exec base: 0x00000000, Load base: 0x00000000, Size: 0x000090ac, Max: 0x00080000, ABSOLUTE)

    Exec Addr    Load Addr    Size         Type   Attr      Idx    E Section Name        Object

    0x00000000   0x00000000   0x000000c0   Data   RO            3    RESET               startup_mspm0g351x_uvision.o
    0x000000c0   0x000000c0   0x00000008   Code   RO         1111  * !!!main             c_p.l(__main.o)
    0x000000c8   0x000000c8   0x00000054   Code   RO         1480    !!!scatter          c_p.l(__scatter.o)
    0x0000011c   0x0000011c   0x00000004   PAD
    0x00000120   0x00000120   0x0000001a   Code   RO         1484    !!handler_copy      c_p.l(__scatter_copy.o)
    0x0000013a   0x0000013a   0x00000006   PAD
    0x00000140   0x00000140   0x00000002   Code   RO         1481    !!handler_null      c_p.l(__scatter.o)
    0x00000142   0x00000142   0x00000006   PAD
    0x00000148   0x00000148   0x0000001c   Code   RO         1486    !!handler_zi        c_p.l(__scatter_zi.o)
    0x00000164   0x00000164   0x00000002   Code   RO         1090    .ARM.Collect$$_printf_percent$$00000000  c_p.l(_printf_percent.o)
    0x00000166   0x00000166   0x0000000a   Code   RO         1089    .ARM.Collect$$_printf_percent$$00000003  c_p.l(_printf_f.o)
    0x00000170   0x00000170   0x0000000a   Code   RO         1087    .ARM.Collect$$_printf_percent$$00000009  c_p.l(_printf_d.o)
    0x0000017a   0x0000017a   0x0000000a   Code   RO         1088    .ARM.Collect$$_printf_percent$$0000000A  c_p.l(_printf_u.o)
    0x00000184   0x00000184   0x00000004   Code   RO         1224    .ARM.Collect$$_printf_percent$$00000017  c_p.l(_printf_percent_end.o)
    0x00000188   0x00000188   0x00000002   Code   RO         1334    .ARM.Collect$$libinit$$00000000  c_p.l(libinit.o)
    0x0000018a   0x0000018a   0x00000000   Code   RO         1336    .ARM.Collect$$libinit$$00000002  c_p.l(libinit2.o)
    0x0000018a   0x0000018a   0x00000000   Code   RO         1338    .ARM.Collect$$libinit$$00000004  c_p.l(libinit2.o)
    0x0000018a   0x0000018a   0x00000000   Code   RO         1340    .ARM.Collect$$libinit$$00000006  c_p.l(libinit2.o)
    0x0000018a   0x0000018a   0x00000000   Code   RO         1343    .ARM.Collect$$libinit$$0000000C  c_p.l(libinit2.o)
    0x0000018a   0x0000018a   0x00000000   Code   RO         1345    .ARM.Collect$$libinit$$0000000E  c_p.l(libinit2.o)
    0x0000018a   0x0000018a   0x00000000   Code   RO         1347    .ARM.Collect$$libinit$$00000010  c_p.l(libinit2.o)
    0x0000018a   0x0000018a   0x00000006   Code   RO         1348    .ARM.Collect$$libinit$$00000011  c_p.l(libinit2.o)
    0x00000190   0x00000190   0x00000000   Code   RO         1350    .ARM.Collect$$libinit$$00000013  c_p.l(libinit2.o)
    0x00000190   0x00000190   0x00000000   Code   RO         1352    .ARM.Collect$$libinit$$00000015  c_p.l(libinit2.o)
    0x00000190   0x00000190   0x00000000   Code   RO         1354    .ARM.Collect$$libinit$$00000017  c_p.l(libinit2.o)
    0x00000190   0x00000190   0x0000000a   Code   RO         1355    .ARM.Collect$$libinit$$00000018  c_p.l(libinit2.o)
    0x0000019a   0x0000019a   0x00000000   Code   RO         1356    .ARM.Collect$$libinit$$00000019  c_p.l(libinit2.o)
    0x0000019a   0x0000019a   0x00000000   Code   RO         1358    .ARM.Collect$$libinit$$0000001B  c_p.l(libinit2.o)
    0x0000019a   0x0000019a   0x00000000   Code   RO         1360    .ARM.Collect$$libinit$$0000001D  c_p.l(libinit2.o)
    0x0000019a   0x0000019a   0x00000000   Code   RO         1362    .ARM.Collect$$libinit$$0000001F  c_p.l(libinit2.o)
    0x0000019a   0x0000019a   0x00000000   Code   RO         1364    .ARM.Collect$$libinit$$00000021  c_p.l(libinit2.o)
    0x0000019a   0x0000019a   0x00000000   Code   RO         1366    .ARM.Collect$$libinit$$00000023  c_p.l(libinit2.o)
    0x0000019a   0x0000019a   0x00000000   Code   RO         1368    .ARM.Collect$$libinit$$00000025  c_p.l(libinit2.o)
    0x0000019a   0x0000019a   0x00000000   Code   RO         1370    .ARM.Collect$$libinit$$00000027  c_p.l(libinit2.o)
    0x0000019a   0x0000019a   0x00000000   Code   RO         1374    .ARM.Collect$$libinit$$0000002E  c_p.l(libinit2.o)
    0x0000019a   0x0000019a   0x00000000   Code   RO         1376    .ARM.Collect$$libinit$$00000030  c_p.l(libinit2.o)
    0x0000019a   0x0000019a   0x00000000   Code   RO         1378    .ARM.Collect$$libinit$$00000032  c_p.l(libinit2.o)
    0x0000019a   0x0000019a   0x00000000   Code   RO         1380    .ARM.Collect$$libinit$$00000034  c_p.l(libinit2.o)
    0x0000019a   0x0000019a   0x00000002   Code   RO         1381    .ARM.Collect$$libinit$$00000035  c_p.l(libinit2.o)
    0x0000019c   0x0000019c   0x00000002   Code   RO         1445    .ARM.Collect$$libshutdown$$00000000  c_p.l(libshutdown.o)
    0x0000019e   0x0000019e   0x00000000   Code   RO         1463    .ARM.Collect$$libshutdown$$00000002  c_p.l(libshutdown2.o)
    0x0000019e   0x0000019e   0x00000000   Code   RO         1465    .ARM.Collect$$libshutdown$$00000004  c_p.l(libshutdown2.o)
    0x0000019e   0x0000019e   0x00000000   Code   RO         1468    .ARM.Collect$$libshutdown$$00000007  c_p.l(libshutdown2.o)
    0x0000019e   0x0000019e   0x00000000   Code   RO         1471    .ARM.Collect$$libshutdown$$0000000A  c_p.l(libshutdown2.o)
    0x0000019e   0x0000019e   0x00000000   Code   RO         1473    .ARM.Collect$$libshutdown$$0000000C  c_p.l(libshutdown2.o)
    0x0000019e   0x0000019e   0x00000000   Code   RO         1476    .ARM.Collect$$libshutdown$$0000000F  c_p.l(libshutdown2.o)
    0x0000019e   0x0000019e   0x00000002   Code   RO         1477    .ARM.Collect$$libshutdown$$00000010  c_p.l(libshutdown2.o)
    0x000001a0   0x000001a0   0x00000000   Code   RO         1203    .ARM.Collect$$rtentry$$00000000  c_p.l(__rtentry.o)
    0x000001a0   0x000001a0   0x00000000   Code   RO         1261    .ARM.Collect$$rtentry$$00000002  c_p.l(__rtentry2.o)
    0x000001a0   0x000001a0   0x00000006   Code   RO         1273    .ARM.Collect$$rtentry$$00000004  c_p.l(__rtentry4.o)
    0x000001a6   0x000001a6   0x00000000   Code   RO         1263    .ARM.Collect$$rtentry$$00000009  c_p.l(__rtentry2.o)
    0x000001a6   0x000001a6   0x00000004   Code   RO         1264    .ARM.Collect$$rtentry$$0000000A  c_p.l(__rtentry2.o)
    0x000001aa   0x000001aa   0x00000000   Code   RO         1266    .ARM.Collect$$rtentry$$0000000C  c_p.l(__rtentry2.o)
    0x000001aa   0x000001aa   0x00000008   Code   RO         1267    .ARM.Collect$$rtentry$$0000000D  c_p.l(__rtentry2.o)
    0x000001b2   0x000001b2   0x00000002   Code   RO         1389    .ARM.Collect$$rtexit$$00000000  c_p.l(rtexit.o)
    0x000001b4   0x000001b4   0x00000000   Code   RO         1410    .ARM.Collect$$rtexit$$00000002  c_p.l(rtexit2.o)
    0x000001b4   0x000001b4   0x00000004   Code   RO         1411    .ARM.Collect$$rtexit$$00000003  c_p.l(rtexit2.o)
    0x000001b8   0x000001b8   0x00000006   Code   RO         1412    .ARM.Collect$$rtexit$$00000004  c_p.l(rtexit2.o)
    0x000001be   0x000001be   0x00000002   PAD
    0x000001c0   0x000001c0   0x00000038   Code   RO         1091    .emb_text           c_p.l(rt_memcpy.o)
    0x000001f8   0x000001f8   0x0000002c   Code   RO            4    .text               startup_mspm0g351x_uvision.o
    0x00000224   0x00000224   0x00000030   Code   RO         1055    .text               c_p.l(llmul.o)
    0x00000254   0x00000254   0x00000028   Code   RO         1061    .text               c_p.l(noretval__2sprintf.o)
    0x0000027c   0x0000027c   0x0000006c   Code   RO         1065    .text               c_p.l(_printf_dec.o)
    0x000002e8   0x000002e8   0x0000010e   Code   RO         1075    .text               c_p.l(__printf_wp.o)
    0x000003f6   0x000003f6   0x00000082   Code   RO         1092    .text               c_p.l(rt_memcpy.o)
    0x00000478   0x00000478   0x00000012   Code   RO         1097    .text               c_p.l(aeabi_memset4.o)
    0x0000048a   0x0000048a   0x00000040   Code   RO         1099    .text               c_p.l(rt_memclr.o)
    0x000004ca   0x000004ca   0x00000002   PAD
    0x000004cc   0x000004cc   0x000001f8   Code   RO         1101    .text               c_p.l(aeabi_sdivfast.o)
    0x000006c4   0x000006c4   0x00000006   Code   RO         1109    .text               c_p.l(heapauxi.o)
    0x000006ca   0x000006ca   0x00000002   PAD
    0x000006cc   0x000006cc   0x00000358   Code   RO         1113    .text               fz_ps.l(daddsub.o)
    0x00000a24   0x00000a24   0x00000448   Code   RO         1139    .text               fz_ps.l(ddiv.o)
    0x00000e6c   0x00000e6c   0x0000006c   Code   RO         1142    .text               fz_ps.l(dfixi.o)
    0x00000ed8   0x00000ed8   0x00000058   Code   RO         1144    .text               fz_ps.l(dflti.o)
    0x00000f30   0x00000f30   0x00000248   Code   RO         1146    .text               fz_ps.l(dmul.o)
    0x00001178   0x00001178   0x00000054   Code   RO         1148    .text               fz_ps.l(f2d.o)
    0x000011cc   0x000011cc   0x00000160   Code   RO         1180    .text               fz_ps.l(fdiv.o)
    0x0000132c   0x0000132c   0x00000016   Code   RO         1212    .text               c_p.l(_rserrno.o)
    0x00001342   0x00001342   0x000000b0   Code   RO         1214    .text               c_p.l(_printf_intcommon.o)
    0x000013f2   0x000013f2   0x00000002   PAD
    0x000013f4   0x000013f4   0x00000414   Code   RO         1216    .text               c_p.l(_printf_fp_dec.o)
    0x00001808   0x00001808   0x00000030   Code   RO         1220    .text               c_p.l(_printf_char_common.o)
    0x00001838   0x00001838   0x0000000a   Code   RO         1222    .text               c_p.l(_sputc.o)
    0x00001842   0x00001842   0x00000028   Code   RO         1225    .text               c_p.l(rtudiv10.o)
    0x0000186a   0x0000186a   0x00000002   PAD
    0x0000186c   0x0000186c   0x00000044   Code   RO         1239    .text               fz_ps.l(fscalbn.o)
    0x000018b0   0x000018b0   0x00000090   Code   RO         1241    .text               fz_ps.l(fsqrt.o)
    0x00001940   0x00001940   0x00000008   Code   RO         1280    .text               c_p.l(rt_locale_intlibspace.o)
    0x00001948   0x00001948   0x00000008   Code   RO         1285    .text               c_p.l(rt_errno_addr_intlibspace.o)
    0x00001950   0x00001950   0x0000007a   Code   RO         1287    .text               c_p.l(lludiv10.o)
    0x000019ca   0x000019ca   0x00000002   PAD
    0x000019cc   0x000019cc   0x00000088   Code   RO         1289    .text               c_p.l(_printf_fp_infnan.o)
    0x00001a54   0x00001a54   0x000000d8   Code   RO         1293    .text               c_p.l(bigflt0.o)
    0x00001b2c   0x00001b2c   0x00000580   Code   RO         1296    .text               c_p.l(btod.o)
    0x000020ac   0x000020ac   0x000000a0   Code   RO         1305    .text               fz_ps.l(dcmpin.o)
    0x0000214c   0x0000214c   0x00000064   Code   RO         1307    .text               fz_ps.l(fcmpin.o)
    0x000021b0   0x000021b0   0x00000008   Code   RO         1313    .text               c_p.l(libspace.o)
    0x000021b8   0x000021b8   0x0000003e   Code   RO         1316    .text               c_p.l(sys_stackheap_outer.o)
    0x000021f6   0x000021f6   0x00000010   Code   RO         1321    .text               c_p.l(exit.o)
    0x00002206   0x00002206   0x00000002   PAD
    0x00002208   0x00002208   0x000000b0   Code   RO         1327    .text               c_p.l(strcmpv6m.o)
    0x000022b8   0x000022b8   0x0000002e   Code   RO         1382    .text               fz_ps.l(cmpret.o)
    0x000022e6   0x000022e6   0x00000002   PAD
    0x000022e8   0x000022e8   0x00000014   Code   RO         1384    .text               fz_ps.l(dnan2.o)
    0x000022fc   0x000022fc   0x00000010   Code   RO         1386    .text               fz_ps.l(fnan2.o)
    0x0000230c   0x0000230c   0x0000005e   Code   RO         1403    .text               fz_ps.l(retnan.o)
    0x0000236a   0x0000236a   0x00000002   PAD
    0x0000236c   0x0000236c   0x0000000c   Code   RO         1405    .text               c_p.l(sys_exit.o)
    0x00002378   0x00002378   0x00000002   Code   RO         1432    .text               c_p.l(use_no_semi.o)
    0x0000237a   0x0000237a   0x00000000   Code   RO         1434    .text               c_p.l(indicate_semi.o)
    0x0000237a   0x0000237a   0x00000002   PAD
    0x0000237c   0x0000237c   0x00000040   Code   RO          775    .text.DL_ADC12_setClockConfig  driverlib.a(dl_adc12.o)
    0x000023bc   0x000023bc   0x0000000a   Code   RO          787    .text.DL_Common_delayCycles  driverlib.a(dl_common.o)
    0x000023c6   0x000023c6   0x00000026   Code   RO          796    .text.DL_I2C_setClockConfig  driverlib.a(dl_i2c.o)
    0x000023ec   0x000023ec   0x00000044   Code   RO          828    .text.DL_SPI_init   driverlib.a(dl_spi.o)
    0x00002430   0x00002430   0x00000012   Code   RO          830    .text.DL_SPI_setClockConfig  driverlib.a(dl_spi.o)
    0x00002442   0x00002442   0x00000002   PAD
    0x00002444   0x00002444   0x0000001c   Code   RO         1038    .text.DL_SYSCTL_configFCC  driverlib.a(dl_sysctl_mspm0g1x0x_g3x0x.o)
    0x00002460   0x00002460   0x000000ec   Code   RO         1022    .text.DL_SYSCTL_configSYSPLL  driverlib.a(dl_sysctl_mspm0g1x0x_g3x0x.o)
    0x0000254c   0x0000254c   0x00000050   Code   RO         1030    .text.DL_SYSCTL_switchMCLKfromSYSOSCtoHSCLK  driverlib.a(dl_sysctl_mspm0g1x0x_g3x0x.o)
    0x0000259c   0x0000259c   0x00000110   Code   RO          962    .text.DL_Timer_initFourCCPWMMode  driverlib.a(dl_timer.o)
    0x000026ac   0x000026ac   0x0000001c   Code   RO          928    .text.DL_Timer_setCaptCompUpdateMethod  driverlib.a(dl_timer.o)
    0x000026c8   0x000026c8   0x00000018   Code   RO          936    .text.DL_Timer_setCaptureCompareOutCtl  driverlib.a(dl_timer.o)
    0x000026e0   0x000026e0   0x00000010   Code   RO          888    .text.DL_Timer_setCaptureCompareValue  driverlib.a(dl_timer.o)
    0x000026f0   0x000026f0   0x0000001c   Code   RO          882    .text.DL_Timer_setClockConfig  driverlib.a(dl_timer.o)
    0x0000270c   0x0000270c   0x00000048   Code   RO          982    .text.DL_UART_init  driverlib.a(dl_uart.o)
    0x00002754   0x00002754   0x00000012   Code   RO          984    .text.DL_UART_setClockConfig  driverlib.a(dl_uart.o)
    0x00002766   0x00002766   0x00000002   PAD
    0x00002768   0x00002768   0x0000004c   Code   RO          221    .text.DRV8873_Init  drv8873.o
    0x000027b4   0x000027b4   0x00000218   Code   RO           88    .text.DisplayTask   main.o
    0x000029cc   0x000029cc   0x00000024   Code   RO          249    .text.Encode_Get_Delta  encode.o
    0x000029f0   0x000029f0   0x00000040   Code   RO          243    .text.Encode_Init   encode.o
    0x00002a30   0x00002a30   0x00000024   Code   RO          171    .text.GROUP1_IRQHandler  zf_device_imu660rc.o
    0x00002a54   0x00002a54   0x00000006   Code   RO          203    .text.Grayscale_Get_Digital  grayscale.o
    0x00002a5a   0x00002a5a   0x00000002   PAD
    0x00002a5c   0x00002a5c   0x00000178   Code   RO          197    .text.Grayscale_Init  grayscale.o
    0x00002bd4   0x00002bd4   0x0000003c   Code   RO          195    .text.Grayscale_Init_First  grayscale.o
    0x00002c10   0x00002c10   0x00000528   Code   RO          201    .text.Grayscale_Update  grayscale.o
    0x00003138   0x00003138   0x00000008   PAD
    0x00003140   0x00003140   0x00000044   Code   RO          713    .text.PendSV_Handler  portasm.o
    0x00003184   0x00003184   0x0000000c   PAD
    0x00003190   0x00003190   0x00000024   Code   RO          715    .text.SVC_Handler   portasm.o
    0x000031b4   0x000031b4   0x00000040   Code   RO           25    .text.SYSCFG_DL_AB1_init  ti_msp_dl_config.o
    0x000031f4   0x000031f4   0x0000004c   Code   RO           27    .text.SYSCFG_DL_AB2_init  ti_msp_dl_config.o
    0x00003240   0x00003240   0x00000028   Code   RO           41    .text.SYSCFG_DL_ADC0_xunji_init  ti_msp_dl_config.o
    0x00003268   0x00003268   0x00000054   Code   RO           39    .text.SYSCFG_DL_ADC1_init  ti_msp_dl_config.o
    0x000032bc   0x000032bc   0x0000008c   Code   RO           21    .text.SYSCFG_DL_DRV8873_init  ti_msp_dl_config.o
    0x00003348   0x00003348   0x000001ac   Code   RO           15    .text.SYSCFG_DL_GPIO_init  ti_msp_dl_config.o
    0x000034f4   0x000034f4   0x00000048   Code   RO           37    .text.SYSCFG_DL_IMU660RC_init  ti_msp_dl_config.o
    0x0000353c   0x0000353c   0x00000054   Code   RO           29    .text.SYSCFG_DL_OLED_init  ti_msp_dl_config.o
    0x00003590   0x00003590   0x0000002c   Code   RO           43    .text.SYSCFG_DL_SYSCTL_CLK_init  ti_msp_dl_config.o
    0x000035bc   0x000035bc   0x000000a0   Code   RO           49    .text.SYSCFG_DL_SYSCTL_SYSPLL_init  ti_msp_dl_config.o
    0x0000365c   0x0000365c   0x000000a4   Code   RO           17    .text.SYSCFG_DL_SYSCTL_init  ti_msp_dl_config.o
    0x00003700   0x00003700   0x0000008c   Code   RO           19    .text.SYSCFG_DL_TB6612PWM_init  ti_msp_dl_config.o
    0x0000378c   0x0000378c   0x0000004c   Code   RO           35    .text.SYSCFG_DL_TFT_SPI0_init  ti_msp_dl_config.o
    0x000037d8   0x000037d8   0x00000078   Code   RO           31    .text.SYSCFG_DL_UART_1_init  ti_msp_dl_config.o
    0x00003850   0x00003850   0x0000007c   Code   RO           33    .text.SYSCFG_DL_UART_4_init  ti_msp_dl_config.o
    0x000038cc   0x000038cc   0x00000074   Code   RO           11    .text.SYSCFG_DL_init  ti_msp_dl_config.o
    0x00003940   0x00003940   0x000000c4   Code   RO           13    .text.SYSCFG_DL_initPower  ti_msp_dl_config.o
    0x00003a04   0x00003a04   0x000000d4   Code   RO           23    .text.SYSCFG_DL_servo_init  ti_msp_dl_config.o
    0x00003ad8   0x00003ad8   0x0000003c   Code   RO           86    .text.SensorTask    main.o
    0x00003b14   0x00003b14   0x00000024   Code   RO          673    .text.SysTick_Handler  port.o
    0x00003b38   0x00003b38   0x00000048   Code   RO          350    .text.eTaskConfirmSleepModeStatus  tasks.o
    0x00003b80   0x00003b80   0x000004d4   Code   RO          167    .text.imu660rc_get_quarternion  zf_device_imu660rc.o
    0x00004054   0x00004054   0x000002b8   Code   RO          173    .text.imu660rc_init  zf_device_imu660rc.o
    0x0000430c   0x0000430c   0x0000013c   Code   RO          163    .text.imu660rc_read_registers  zf_device_imu660rc.o
    0x00004448   0x00004448   0x000000bc   Code   RO          169    .text.imu660rc_write_register  zf_device_imu660rc.o
    0x00004504   0x00004504   0x0000007c   Code   RO           84    .text.main          main.o
    0x00004580   0x00004580   0x00000080   Code   RO          272    .text.prvAddCurrentTaskToDelayedList  tasks.o
    0x00004600   0x00004600   0x00000124   Code   RO          262    .text.prvAddNewTaskToReadyList  tasks.o
    0x00004724   0x00004724   0x00000068   Code   RO          300    .text.prvCheckTasksWaitingTermination  tasks.o
    0x0000478c   0x0000478c   0x000000b8   Code   RO          392    .text.prvIdleTask   tasks.o
    0x00004844   0x00004844   0x000000e8   Code   RO          390    .text.prvInitialiseNewTask  tasks.o
    0x0000492c   0x0000492c   0x00000098   Code   RO          554    .text.prvSampleTimeNow  timers.o
    0x000049c4   0x000049c4   0x00000034   Code   RO          679    .text.prvTaskExitError  port.o
    0x000049f8   0x000049f8   0x00000200   Code   RO          514    .text.prvTimerTask  timers.o
    0x00004bf8   0x00004bf8   0x0000007e   Code   RO          448    .text.prvUnlockQueue  queue.o
    0x00004c76   0x00004c76   0x00000002   PAD
    0x00004c78   0x00004c78   0x000001ac   Code   RO          724    .text.pvPortMalloc  heap_4.o
    0x00004e24   0x00004e24   0x000000bc   Code   RO          677    .text.pxPortInitialiseStack  port.o
    0x00004ee0   0x00004ee0   0x000001b0   Code   RO          102    .text.tft180_clear  zf_device_tft180.o
    0x00005090   0x00005090   0x00001104   Code   RO          142    .text.tft180_init   zf_device_tft180.o
    0x00006194   0x00006194   0x00000014   Code   RO          112    .text.tft180_set_color  zf_device_tft180.o
    0x000061a8   0x000061a8   0x000003f4   Code   RO          104    .text.tft180_set_region  zf_device_tft180.o
    0x0000659c   0x0000659c   0x000003b8   Code   RO          118    .text.tft180_show_char  zf_device_tft180.o
    0x00006954   0x00006954   0x00000180   Code   RO          126    .text.tft180_show_float  zf_device_tft180.o
    0x00006ad4   0x00006ad4   0x00000070   Code   RO          120    .text.tft180_show_string  zf_device_tft180.o
    0x00006b44   0x00006b44   0x00000130   Code   RO          124    .text.tft180_show_uint  zf_device_tft180.o
    0x00006c74   0x00006c74   0x00000008   Code   RO          709    .text.ulSetInterruptMask  portasm.o
    0x00006c7c   0x00006c7c   0x0000001e   Code   RO          502    .text.uxListRemove  list.o
    0x00006c9a   0x00006c9a   0x00000002   PAD
    0x00006c9c   0x00006c9c   0x00000018   Code   RO          759    .text.vApplicationGetIdleTaskMemory  freertos_hooks.o
    0x00006cb4   0x00006cb4   0x00000018   Code   RO          761    .text.vApplicationGetTimerTaskMemory  freertos_hooks.o
    0x00006ccc   0x00006ccc   0x00000002   Code   RO          757    .text.vApplicationStackOverflowHook  freertos_hooks.o
    0x00006cce   0x00006cce   0x00000006   Code   RO          711    .text.vClearInterruptMask  portasm.o
    0x00006cd4   0x00006cd4   0x00000010   Code   RO          494    .text.vListInitialise  list.o
    0x00006ce4   0x00006ce4   0x00000006   Code   RO          496    .text.vListInitialiseItem  list.o
    0x00006cea   0x00006cea   0x0000003c   Code   RO          500    .text.vListInsert   list.o
    0x00006d26   0x00006d26   0x00000002   PAD
    0x00006d28   0x00006d28   0x00000014   Code   RO          669    .text.vPortEnterCritical  port.o
    0x00006d3c   0x00006d3c   0x00000024   Code   RO          671    .text.vPortExitCritical  port.o
    0x00006d60   0x00006d60   0x000000fc   Code   RO          726    .text.vPortFree     heap_4.o
    0x00006e5c   0x00006e5c   0x00000016   Code   RO          675    .text.vPortSVCHandler_C  port.o
    0x00006e72   0x00006e72   0x00000002   PAD
    0x00006e74   0x00006e74   0x00000028   Code   RO          665    .text.vPortSetupTimerInterrupt  port.o
    0x00006e9c   0x00006e9c   0x00000144   Code   RO          663    .text.vPortSuppressTicksAndSleep  port.o
    0x00006fe0   0x00006fe0   0x00000018   Code   RO          667    .text.vPortYield    port.o
    0x00006ff8   0x00006ff8   0x00000044   Code   RO          484    .text.vQueueWaitForMessageRestricted  queue.o
    0x0000703c   0x0000703c   0x00000004   PAD
    0x00007040   0x00007040   0x00000024   Code   RO          699    .text.vRestoreContextOfFirstTask  portasm.o
    0x00007064   0x00007064   0x0000000c   PAD
    0x00007070   0x00007070   0x00000010   Code   RO          707    .text.vStartFirstTask  portasm.o
    0x00007080   0x00007080   0x00000078   Code   RO          276    .text.vTaskDelay    tasks.o
    0x000070f8   0x000070f8   0x00000014   Code   RO          340    .text.vTaskInternalSetTimeOutState  tasks.o
    0x0000710c   0x0000710c   0x00000008   Code   RO          344    .text.vTaskMissedYield  tasks.o
    0x00007114   0x00007114   0x00000020   Code   RO          328    .text.vTaskPlaceOnEventList  tasks.o
    0x00007134   0x00007134   0x00000040   Code   RO          332    .text.vTaskPlaceOnEventListRestricted  tasks.o
    0x00007174   0x00007174   0x000000c4   Code   RO          296    .text.vTaskStartScheduler  tasks.o
    0x00007238   0x00007238   0x00000058   Code   RO          316    .text.vTaskStepTick  tasks.o
    0x00007290   0x00007290   0x0000000c   Code   RO          270    .text.vTaskSuspendAll  tasks.o
    0x0000729c   0x0000729c   0x000000f8   Code   RO          292    .text.vTaskSwitchContext  tasks.o
    0x00007394   0x00007394   0x00000088   Code   RO          681    .text.xPortStartScheduler  port.o
    0x0000741c   0x0000741c   0x000000aa   Code   RO          426    .text.xQueueGenericCreateStatic  queue.o
    0x000074c6   0x000074c6   0x0000017a   Code   RO          454    .text.xQueueReceive  queue.o
    0x00007640   0x00007640   0x00000060   Code   RO          342    .text.xTaskCheckForTimeOut  tasks.o
    0x000076a0   0x000076a0   0x00000064   Code   RO          264    .text.xTaskCreate   tasks.o
    0x00007704   0x00007704   0x0000006c   Code   RO          260    .text.xTaskCreateStatic  tasks.o
    0x00007770   0x00007770   0x000000a4   Code   RO          268    .text.xTaskDelayUntil  tasks.o
    0x00007814   0x00007814   0x0000001c   Code   RO          362    .text.xTaskGetSchedulerState  tasks.o
    0x00007830   0x00007830   0x00000008   Code   RO          304    .text.xTaskGetTickCount  tasks.o
    0x00007838   0x00007838   0x00000130   Code   RO          302    .text.xTaskIncrementTick  tasks.o
    0x00007968   0x00007968   0x000000c4   Code   RO          334    .text.xTaskRemoveFromEventList  tasks.o
    0x00007a2c   0x00007a2c   0x0000013c   Code   RO          274    .text.xTaskResumeAll  tasks.o
    0x00007b68   0x00007b68   0x000000ac   Code   RO          512    .text.xTimerCreateTimerTask  timers.o
    0x00007c14   0x00007c14   0x000001f6   Code   RO         1102    .text_divfast       c_p.l(aeabi_sdivfast.o)
    0x00007e0a   0x00007e0a   0x00000030   Code   RO         1298    i.__ARM_common_ll_muluu  c_p.l(btod.o)
    0x00007e3a   0x00007e3a   0x00000002   PAD
    0x00007e3c   0x00007e3c   0x0000002c   Code   RO         1311    i.__ARM_fpclassify  m_ps.l(fpclassify.o)
    0x00007e68   0x00007e68   0x00000022   Code   RO         1244    i.__ARM_fpclassifyf  m_ps.l(fpclassifyf.o)
    0x00007e8a   0x00007e8a   0x0000000a   Code   RO         1247    i.__mathlib_flt_infnan  m_ps.l(funder.o)
    0x00007e94   0x00007e94   0x00000008   Code   RO         1248    i.__mathlib_flt_infnan2  m_ps.l(funder.o)
    0x00007e9c   0x00007e9c   0x0000000c   Code   RO         1249    i.__mathlib_flt_invalid  m_ps.l(funder.o)
    0x00007ea8   0x00007ea8   0x0000000e   Code   RO         1252    i.__mathlib_flt_underflow  m_ps.l(funder.o)
    0x00007eb6   0x00007eb6   0x00000016   Code   RO         1123    i._dgr              fz_ps.l(dcmp.o)
    0x00007ecc   0x00007ecc   0x00000016   Code   RO         1164    i._fgr              fz_ps.l(fcmp.o)
    0x00007ee2   0x00007ee2   0x00000016   Code   RO         1166    i._fls              fz_ps.l(fcmp.o)
    0x00007ef8   0x00007ef8   0x0000000e   Code   RO         1077    i._is_digit         c_p.l(__printf_wp.o)
    0x00007f06   0x00007f06   0x00000002   PAD
    0x00007f08   0x00007f08   0x00000118   Code   RO         1192    i.asinf             m_ps.l(asinf.o)
    0x00008020   0x00008020   0x0000029c   Code   RO         1196    i.atan2f            m_ps.l(atan2f.o)
    0x000082bc   0x000082bc   0x0000002c   Code   RO         1200    i.sqrtf             m_ps.l(sqrtf.o)
    0x000082e8   0x000082e8   0x0000002c   Code   RO         1303    locale$$code        c_p.l(lc_numeric_c.o)
    0x00008314   0x00008314   0x00000064   Code   RO         1229    x$fpl$dgeqf         fz_ps.l(dgef.o)
    0x00008378   0x00008378   0x0000008c   Code   RO         1150    x$fpl$fadd          fz_ps.l(faddsub.o)
    0x00008404   0x00008404   0x00000054   Code   RO         1235    x$fpl$fgeqf         fz_ps.l(fgef.o)
    0x00008458   0x00008458   0x00000054   Code   RO         1237    x$fpl$fleqf         fz_ps.l(flef.o)
    0x000084ac   0x000084ac   0x000000b0   Code   RO         1187    x$fpl$fmul          fz_ps.l(fmul.o)
    0x0000855c   0x0000855c   0x00000018   Code   RO         1151    x$fpl$frsb          fz_ps.l(faddsub.o)
    0x00008574   0x00008574   0x000000d0   Code   RO         1152    x$fpl$fsub          fz_ps.l(faddsub.o)
    0x00008644   0x00008644   0x00000010   Code   RO         1189    x$fpl$printf1       fz_ps.l(printf1.o)
    0x00008654   0x00008654   0x00000000   Code   RO         1243    x$fpl$usenofp       fz_ps.l(usenofp.o)
    0x00008654   0x00008654   0x00000080   Data   RO         1140    .constdata          fz_ps.l(ddiv.o)
    0x000086d4   0x000086d4   0x00000040   Data   RO         1181    .constdata          fz_ps.l(fdiv.o)
    0x00008714   0x00008714   0x00000094   Data   RO         1294    .constdata          c_p.l(bigflt0.o)
    0x000087a8   0x000087a8   0x0000023a   Data   RO          151    .rodata.ascii_font_6x8  zf_device_tft180.o
    0x000089e2   0x000089e2   0x000005f0   Data   RO          152    .rodata.ascii_font_8x16  zf_device_tft180.o
    0x00008fd2   0x00008fd2   0x00000003   Data   RO           63    .rodata.gAB1ClockConfig  ti_msp_dl_config.o
    0x00008fd5   0x00008fd5   0x00000003   Data   RO           64    .rodata.gAB2ClockConfig  ti_msp_dl_config.o
    0x00008fd8   0x00008fd8   0x00000008   Data   RO           75    .rodata.gADC0_xunjiClockConfig  ti_msp_dl_config.o
    0x00008fe0   0x00008fe0   0x00000008   Data   RO           74    .rodata.gADC1ClockConfig  ti_msp_dl_config.o
    0x00008fe8   0x00008fe8   0x00000003   Data   RO           59    .rodata.gDRV8873ClockConfig  ti_msp_dl_config.o
    0x00008feb   0x00008feb   0x00000001   PAD
    0x00008fec   0x00008fec   0x00000008   Data   RO           60    .rodata.gDRV8873Config  ti_msp_dl_config.o
    0x00008ff4   0x00008ff4   0x00000002   Data   RO           72    .rodata.gIMU660RC_clockConfig  ti_msp_dl_config.o
    0x00008ff6   0x00008ff6   0x0000000a   Data   RO           73    .rodata.gIMU660RC_config  ti_msp_dl_config.o
    0x00009000   0x00009000   0x00000002   Data   RO           65    .rodata.gOLEDClockConfig  ti_msp_dl_config.o
    0x00009002   0x00009002   0x00000002   PAD
    0x00009004   0x00009004   0x00000028   Data   RO           56    .rodata.gSYSPLLConfig  ti_msp_dl_config.o
    0x0000902c   0x0000902c   0x00000003   Data   RO           57    .rodata.gTB6612PWMClockConfig  ti_msp_dl_config.o
    0x0000902f   0x0000902f   0x00000001   PAD
    0x00009030   0x00009030   0x00000008   Data   RO           58    .rodata.gTB6612PWMConfig  ti_msp_dl_config.o
    0x00009038   0x00009038   0x00000002   Data   RO           70    .rodata.gTFT_SPI0_clockConfig  ti_msp_dl_config.o
    0x0000903a   0x0000903a   0x0000000a   Data   RO           71    .rodata.gTFT_SPI0_config  ti_msp_dl_config.o
    0x00009044   0x00009044   0x00000002   Data   RO           66    .rodata.gUART_1ClockConfig  ti_msp_dl_config.o
    0x00009046   0x00009046   0x0000000a   Data   RO           67    .rodata.gUART_1Config  ti_msp_dl_config.o
    0x00009050   0x00009050   0x00000002   Data   RO           68    .rodata.gUART_4ClockConfig  ti_msp_dl_config.o
    0x00009052   0x00009052   0x0000000a   Data   RO           69    .rodata.gUART_4Config  ti_msp_dl_config.o
    0x0000905c   0x0000905c   0x00000003   Data   RO           61    .rodata.gservoClockConfig  ti_msp_dl_config.o
    0x0000905f   0x0000905f   0x00000001   PAD
    0x00009060   0x00009060   0x00000008   Data   RO           62    .rodata.gservoConfig  ti_msp_dl_config.o
    0x00009068   0x00009068   0x00000004   Data   RO          410    .rodata.uxTopUsedPriority  tasks.o
    0x0000906c   0x0000906c   0x00000004   PAD
    0x00009070   0x00009070   0x00000020   Data   RO         1479    Region$$Table       anon$$obj.o
    0x00009090   0x00009090   0x0000001c   Data   RO         1302    locale$$data        c_p.l(lc_numeric_c.o)


    Execution Region RW_IRAM1 (Exec base: 0x20200000, Load base: 0x000090b0, Size: 0x00002328, Max: 0x00010000, ABSOLUTE)

    Exec Addr    Load Addr    Size         Type   Attr      Idx    E Section Name        Object

    0x20200000   0x000090b0   0x00000002   Data   RW          146    .data.tft180_bgcolor  zf_device_tft180.o
    0x20200002   0x000090b2   0x00000001   Data   RW          148    .data.tft180_display_font  zf_device_tft180.o
    0x20200003   0x000090b3   0x00000001   PAD
    0x20200004   0x000090b4   0x00000002   Data   RW          149    .data.tft180_pencolor  zf_device_tft180.o
    0x20200006   0x000090b6   0x00000002   PAD
    0x20200008   0x000090b8   0x00000004   Data   RW          690    .data.ulCriticalNesting  port.o
    0x2020000c   0x000090bc   0x00000004   PAD
    0x20200010        -       0x00000060   Zero   RW         1314    .bss                c_p.l(libspace.o)
    0x20200070        -       0x000000a0   Zero   RW           53    .bss.gAB1Backup     ti_msp_dl_config.o
    0x20200110        -       0x00000028   Zero   RW           55    .bss.gIMU660RCBackup  ti_msp_dl_config.o
    0x20200138        -       0x000000bc   Zero   RW           51    .bss.gTB6612PWMBackup  ti_msp_dl_config.o
    0x202001f4        -       0x00000028   Zero   RW           54    .bss.gTFT_SPI0Backup  ti_msp_dl_config.o
    0x2020021c        -       0x00000004   Zero   RW          251    .bss.g_encode_last  encode.o
    0x20200220        -       0x00000002   Zero   RW           91    .bss.g_encoder_left_delta  main.o
    0x20200222        -       0x00000002   Zero   RW           92    .bss.g_encoder_right_delta  main.o
    0x20200224   0x000090bc   0x00000004   PAD
    0x20200228        -       0x000000a8   Zero   RW           90    .bss.g_grayscale_sensor  main.o
    0x202002d0        -       0x000000bc   Zero   RW           52    .bss.gservoBackup   ti_msp_dl_config.o
    0x2020038c        -       0x00000002   Zero   RW          178    .bss.imu660rc_acc_x  zf_device_imu660rc.o
    0x2020038e        -       0x00000002   Zero   RW          179    .bss.imu660rc_acc_y  zf_device_imu660rc.o
    0x20200390        -       0x00000002   Zero   RW          180    .bss.imu660rc_acc_z  zf_device_imu660rc.o
    0x20200392        -       0x00000002   Zero   RW          175    .bss.imu660rc_gyro_x  zf_device_imu660rc.o
    0x20200394        -       0x00000002   Zero   RW          176    .bss.imu660rc_gyro_y  zf_device_imu660rc.o
    0x20200396        -       0x00000002   Zero   RW          177    .bss.imu660rc_gyro_z  zf_device_imu660rc.o
    0x20200398        -       0x00000004   Zero   RW          182    .bss.imu660rc_pitch  zf_device_imu660rc.o
    0x2020039c        -       0x00000010   Zero   RW          185    .bss.imu660rc_quarternion  zf_device_imu660rc.o
    0x202003ac        -       0x00000001   Zero   RW          184    .bss.imu660rc_quarternion_rate  zf_device_imu660rc.o
    0x202003ad   0x000090bc   0x00000003   PAD
    0x202003b0        -       0x00000004   Zero   RW          181    .bss.imu660rc_roll  zf_device_imu660rc.o
    0x202003b4        -       0x00000008   Zero   RW          186    .bss.imu660rc_transition_factor  zf_device_imu660rc.o
    0x202003bc        -       0x00000004   Zero   RW          183    .bss.imu660rc_yaw   zf_device_imu660rc.o
    0x202003c0        -       0x00000078   Zero   RW          564    .bss.prvCheckForValidListAndQueue.ucStaticTimerQueueStorage  timers.o
    0x20200438        -       0x00000050   Zero   RW          563    .bss.prvCheckForValidListAndQueue.xStaticTimerQueue  timers.o
    0x20200488        -       0x00000004   Zero   RW          560    .bss.prvSampleTimeNow.xLastTime  timers.o
    0x2020048c        -       0x00000004   Zero   RW          394    .bss.pxCurrentTCB   tasks.o
    0x20200490        -       0x00000004   Zero   RW          558    .bss.pxCurrentTimerList  timers.o
    0x20200494        -       0x00000004   Zero   RW          402    .bss.pxDelayedTaskList  tasks.o
    0x20200498        -       0x00000004   Zero   RW          742    .bss.pxEnd          heap_4.o
    0x2020049c        -       0x00000004   Zero   RW          403    .bss.pxOverflowDelayedTaskList  tasks.o
    0x202004a0        -       0x00000004   Zero   RW          559    .bss.pxOverflowTimerList  timers.o
    0x202004a4        -       0x000000c8   Zero   RW          406    .bss.pxReadyTasksLists  tasks.o
    0x2020056c        -       0x00000001   Zero   RW          147    .bss.tft180_display_dir  zf_device_tft180.o
    0x2020056d        -       0x00000001   Zero   RW          144    .bss.tft180_x_max   zf_device_tft180.o
    0x2020056e        -       0x00000001   Zero   RW          145    .bss.tft180_y_max   zf_device_tft180.o
    0x2020056f        -       0x00000c00   Zero   RW          745    .bss.ucHeap         heap_4.o
    0x2020116f   0x000090bc   0x00000001   PAD
    0x20201170        -       0x00000001   Zero   RW          689    .bss.ulStoppedTimerCompensation  port.o
    0x20201171   0x000090bc   0x00000003   PAD
    0x20201174        -       0x00000001   Zero   RW          688    .bss.ulTimerCountsForOneTick  port.o
    0x20201175   0x000090bc   0x00000003   PAD
    0x20201178        -       0x00000004   Zero   RW          399    .bss.uxCurrentNumberOfTasks  tasks.o
    0x2020117c        -       0x00000004   Zero   RW          398    .bss.uxDeletedTasksWaitingCleanUp  tasks.o
    0x20201180        -       0x00000004   Zero   RW          400    .bss.uxSchedulerSuspended  tasks.o
    0x20201184        -       0x00000004   Zero   RW          395    .bss.uxTaskNumber   tasks.o
    0x20201188        -       0x00000004   Zero   RW          407    .bss.uxTopReadyPriority  tasks.o
    0x2020118c        -       0x00000400   Zero   RW          764    .bss.vApplicationGetIdleTaskMemory.uxIdleTaskStack  freertos_hooks.o
    0x2020158c        -       0x00000068   Zero   RW          763    .bss.vApplicationGetIdleTaskMemory.xIdleTaskTCB  freertos_hooks.o
    0x202015f4        -       0x00000400   Zero   RW          766    .bss.vApplicationGetTimerTaskMemory.uxTimerTaskStack  freertos_hooks.o
    0x202019f4        -       0x00000068   Zero   RW          765    .bss.vApplicationGetTimerTaskMemory.xTimerTaskTCB  freertos_hooks.o
    0x20201a5c        -       0x00000014   Zero   RW          561    .bss.xActiveTimerList1  timers.o
    0x20201a70        -       0x00000014   Zero   RW          562    .bss.xActiveTimerList2  timers.o
    0x20201a84        -       0x00000014   Zero   RW          414    .bss.xDelayedTaskList1  tasks.o
    0x20201a98        -       0x00000014   Zero   RW          415    .bss.xDelayedTaskList2  tasks.o
    0x20201aac        -       0x00000004   Zero   RW          743    .bss.xFreeBytesRemaining  heap_4.o
    0x20201ab0        -       0x00000004   Zero   RW          409    .bss.xIdleTaskHandles.0  tasks.o
    0x20201ab4        -       0x00000001   Zero   RW          687    .bss.xMaximumPossibleSuppressedTicks  port.o
    0x20201ab5   0x000090bc   0x00000003   PAD
    0x20201ab8        -       0x00000004   Zero   RW          746    .bss.xMinimumEverFreeBytesRemaining  heap_4.o
    0x20201abc        -       0x00000004   Zero   RW          408    .bss.xNextTaskUnblockTime  tasks.o
    0x20201ac0        -       0x00000004   Zero   RW          413    .bss.xNumOfOverflows  tasks.o
    0x20201ac4        -       0x00000004   Zero   RW          747    .bss.xNumberOfSuccessfulAllocations  heap_4.o
    0x20201ac8        -       0x00000004   Zero   RW          748    .bss.xNumberOfSuccessfulFrees  heap_4.o
    0x20201acc        -       0x00000004   Zero   RW          412    .bss.xPendedTicks   tasks.o
    0x20201ad0        -       0x00000014   Zero   RW          404    .bss.xPendingReadyList  tasks.o
    0x20201ae4        -       0x00000004   Zero   RW          396    .bss.xSchedulerRunning  tasks.o
    0x20201ae8        -       0x00000008   Zero   RW          744    .bss.xStart         heap_4.o
    0x20201af0        -       0x00000014   Zero   RW          405    .bss.xSuspendedTaskList  tasks.o
    0x20201b04        -       0x00000014   Zero   RW          397    .bss.xTasksWaitingTermination  tasks.o
    0x20201b18        -       0x00000004   Zero   RW          401    .bss.xTickCount     tasks.o
    0x20201b1c        -       0x00000004   Zero   RW          556    .bss.xTimerQueue    timers.o
    0x20201b20        -       0x00000004   Zero   RW          557    .bss.xTimerTaskHandle  timers.o
    0x20201b24        -       0x00000004   Zero   RW          411    .bss.xYieldPendings  tasks.o
    0x20201b28        -       0x00000000   Zero   RW            2    HEAP                startup_mspm0g351x_uvision.o
    0x20201b28        -       0x00000800   Zero   RW            1    STACK               startup_mspm0g351x_uvision.o


    Execution Region RW_IRAM2 (Exec base: 0x20210000, Load base: 0x000090c0, Size: 0x00000000, Max: 0x00010000, ABSOLUTE)

    **** No section assigned to this execution region ****



  Load Region LR_BCR (Base: 0x41c00000, Size: 0x00000000, Max: 0x00000100, ABSOLUTE)

    Execution Region BCR_CONFIG (Exec base: 0x41c00000, Load base: 0x41c00000, Size: 0x00000000, Max: 0x000000ff, ABSOLUTE)

    **** No section assigned to this execution region ****



  Load Region LR_BSL (Base: 0x41c00100, Size: 0x00000000, Max: 0x00000100, ABSOLUTE)

    Execution Region BSL_CONFIG (Exec base: 0x41c00100, Load base: 0x41c00100, Size: 0x00000000, Max: 0x00000080, ABSOLUTE)

    **** No section assigned to this execution region ****



  Load Region LR_DATA (Base: 0x41d00000, Size: 0x00000000, Max: 0x00004000, ABSOLUTE)

    Execution Region DATA (Exec base: 0x41d00000, Load base: 0x41d00000, Size: 0x00000000, Max: 0x00004000, ABSOLUTE)

    **** No section assigned to this execution region ****


==============================================================================

Image component sizes


      Code (inc. data)   RO Data    RW Data    ZI Data      Debug   Object Name

        76         20          0          0          0      12247   drv8873.o
       100         20          0          0          4       5127   encode.o
        50         16          0          0       2256       2258   freertos_hooks.o
      1762         48          0          0          0      13351   grayscale.o
       680         52          0          0       3100       5432   heap_4.o
       112          0          0          0          0       2188   list.o
       720        160          0          0        172       2971   main.o
       878        112          0          4          3       4691   port.o
       170         12          0          0          0       1282   portasm.o
       742          0          0          0          0      23478   queue.o
        44         18        192          0       2048        676   startup_mspm0g351x_uvision.o
      3120        216          4          0        360      46079   tasks.o
      2340        436        145          0        616      51092   ti_msp_dl_config.o
       836         70          0          0        260      15263   timers.o
      2472        168          0          0         49      22790   zf_device_imu660rc.o
      7572        224       2090          5          3      97124   zf_device_tft180.o

    ----------------------------------------------------------------------
     21720       1604       2472         12       8892     306049   Object Totals
         0          0         32          0          0          0   (incl. Generated)
        46         32          9          3         21          0   (incl. Padding)

    ----------------------------------------------------------------------

      Code (inc. data)   RO Data    RW Data    ZI Data      Debug   Library Member Name

         8          0          0          0          0         68   __main.o
       284          0          0          0          0        136   __printf_wp.o
         0          0          0          0          0          0   __rtentry.o
        12          0          0          0          0          0   __rtentry2.o
         6          0          0          0          0          0   __rtentry4.o
        86         10          0          0          0          0   __scatter.o
        26          0          0          0          0          0   __scatter_copy.o
        28          0          0          0          0          0   __scatter_zi.o
        48          6          0          0          0         88   _printf_char_common.o
        10          0          0          0          0          0   _printf_d.o
       108         18          0          0          0         76   _printf_dec.o
        10          0          0          0          0          0   _printf_f.o
      1044         12          0          0          0        116   _printf_fp_dec.o
       136         16          0          0          0         76   _printf_fp_infnan.o
       176          0          0          0          0         84   _printf_intcommon.o
         2          0          0          0          0          0   _printf_percent.o
         4          0          0          0          0          0   _printf_percent_end.o
        10          0          0          0          0          0   _printf_u.o
        22          0          0          0          0         92   _rserrno.o
        10          0          0          0          0         60   _sputc.o
        18          0          0          0          0         68   aeabi_memset4.o
      1006          4          0          0          0        184   aeabi_sdivfast.o
       216          6        148          0          0         80   bigflt0.o
      1456         30          0          0          0        336   btod.o
        16          0          0          0          0         68   exit.o
         6          0          0          0          0        136   heapauxi.o
         0          0          0          0          0          0   indicate_semi.o
        44         10         28          0          0         76   lc_numeric_c.o
         2          0          0          0          0          0   libinit.o
        18          0          0          0          0          0   libinit2.o
         2          0          0          0          0          0   libshutdown.o
         2          0          0          0          0          0   libshutdown2.o
         8          4          0          0         96         68   libspace.o
        48          0          0          0          0         72   llmul.o
       122          0          0          0          0         72   lludiv10.o
        40          4          0          0          0         84   noretval__2sprintf.o
         8          4          0          0          0         68   rt_errno_addr_intlibspace.o
         8          4          0          0          0         68   rt_locale_intlibspace.o
        64          0          0          0          0        108   rt_memclr.o
       186          0          0          0          0        144   rt_memcpy.o
         2          0          0          0          0          0   rtexit.o
        10          0          0          0          0          0   rtexit2.o
        40          0          0          0          0         60   rtudiv10.o
       176          4          0          0          0         80   strcmpv6m.o
        12          4          0          0          0         60   sys_exit.o
        62          0          0          0          0         80   sys_stackheap_outer.o
         2          0          0          0          0         68   use_no_semi.o
        64          8          0          0          0       4738   dl_adc12.o
        10          0          0          0          0        812   dl_common.o
        38          0          0          0          0       9861   dl_i2c.o
        86          8          0          0          0      16260   dl_spi.o
       344         28          0          0          0      13649   dl_sysctl_mspm0g1x0x_g3x0x.o
       368         44          0          0          0      38985   dl_timer.o
        90          8          0          0          0      14712   dl_uart.o
        46          0          0          0          0         60   cmpret.o
       856         20          0          0          0        208   daddsub.o
        22          0          0          0          0         68   dcmp.o
       160          6          0          0          0         76   dcmpin.o
      1096         26        128          0          0        112   ddiv.o
       108         10          0          0          0         72   dfixi.o
        88          0          0          0          0         92   dflti.o
       100          4          0          0          0         92   dgef.o
       584         26          0          0          0         84   dmul.o
        20          6          0          0          0         68   dnan2.o
        84          4          0          0          0         60   f2d.o
       372          8          0          0          0        240   faddsub.o
        44          0          0          0          0        136   fcmp.o
       100          4          0          0          0         68   fcmpin.o
       352         10         64          0          0         92   fdiv.o
        84          4          0          0          0         76   fgef.o
        84          4          0          0          0         76   flef.o
       176          4          0          0          0         80   fmul.o
        16          6          0          0          0         68   fnan2.o
        68          4          0          0          0         68   fscalbn.o
       144          4          0          0          0         72   fsqrt.o
        16          4          0          0          0         76   printf1.o
        94          0          0          0          0         68   retnan.o
         0          0          0          0          0          0   usenofp.o
       280         38          0          0          0         76   asinf.o
       668         76          0          0          0        120   atan2f.o
        44          4          0          0          0         60   fpclassify.o
        34          0          0          0          0         60   fpclassifyf.o
        44          0          0          0          0        272   funder.o
        44          0          0          0          0         72   sqrtf.o

    ----------------------------------------------------------------------
     12476        508        368          0         96     104565   Library Totals
        44          4          0          0          0          0   (incl. Padding)

    ----------------------------------------------------------------------

      Code (inc. data)   RO Data    RW Data    ZI Data      Debug   Library Name

      5604        136        176          0         96       2776   c_p.l
      1000         96          0          0          0      99017   driverlib.a
      4714        154        192          0          0       2112   fz_ps.l
      1114        118          0          0          0        660   m_ps.l

    ----------------------------------------------------------------------
     12476        508        368          0         96     104565   Library Totals

    ----------------------------------------------------------------------

==============================================================================


      Code (inc. data)   RO Data    RW Data    ZI Data      Debug   

     34196       2112       2840         12       8988     407366   Grand Totals
     34196       2112       2840         12       8988     407366   ELF Image Totals
     34196       2112       2840         12          0          0   ROM Totals

==============================================================================

    Total RO  Size (Code + RO Data)                37036 (  36.17kB)
    Total RW  Size (RW Data + ZI Data)              9000 (   8.79kB)
    Total ROM Size (Code + RO Data + RW Data)      37048 (  36.18kB)

==============================================================================

