Component: Arm Compiler for Embedded 6.24 Tool: armlink [5f371500]

==============================================================================

Section Cross References

    startup_mspm0g351x_uvision.o(STACK) refers (Special) to heapauxi.o(.text) for __use_two_region_memory
    startup_mspm0g351x_uvision.o(HEAP) refers (Special) to heapauxi.o(.text) for __use_two_region_memory
    startup_mspm0g351x_uvision.o(RESET) refers (Special) to heapauxi.o(.text) for __use_two_region_memory
    startup_mspm0g351x_uvision.o(RESET) refers to startup_mspm0g351x_uvision.o(STACK) for __initial_sp
    startup_mspm0g351x_uvision.o(RESET) refers to startup_mspm0g351x_uvision.o(.text) for Reset_Handler
    startup_mspm0g351x_uvision.o(.text) refers (Special) to heapauxi.o(.text) for __use_two_region_memory
    startup_mspm0g351x_uvision.o(.text) refers to __main.o(!!!main) for __main
    startup_mspm0g351x_uvision.o(.text) refers to startup_mspm0g351x_uvision.o(HEAP) for Heap_Mem
    startup_mspm0g351x_uvision.o(.text) refers to startup_mspm0g351x_uvision.o(STACK) for Stack_Mem
    ti_msp_dl_config.o(.text.SYSCFG_DL_init) refers to ti_msp_dl_config.o(.text.SYSCFG_DL_initPower) for SYSCFG_DL_initPower
    ti_msp_dl_config.o(.text.SYSCFG_DL_init) refers to ti_msp_dl_config.o(.text.SYSCFG_DL_GPIO_init) for SYSCFG_DL_GPIO_init
    ti_msp_dl_config.o(.text.SYSCFG_DL_init) refers to ti_msp_dl_config.o(.text.SYSCFG_DL_SYSCTL_init) for SYSCFG_DL_SYSCTL_init
    ti_msp_dl_config.o(.text.SYSCFG_DL_init) refers to ti_msp_dl_config.o(.text.SYSCFG_DL_SPI_0_init) for SYSCFG_DL_SPI_0_init
    ti_msp_dl_config.o(.text.SYSCFG_DL_init) refers to ti_msp_dl_config.o(.text.SYSCFG_DL_SYSCTL_CLK_init) for SYSCFG_DL_SYSCTL_CLK_init
    ti_msp_dl_config.o(.text.SYSCFG_DL_init) refers to ti_msp_dl_config.o(.bss.gSPI_0Backup) for gSPI_0Backup
    ti_msp_dl_config.o(.ARM.exidx.text.SYSCFG_DL_init) refers to ti_msp_dl_config.o(.text.SYSCFG_DL_init) for [Anonymous Symbol]
    ti_msp_dl_config.o(.text.SYSCFG_DL_initPower) refers to dl_common.o(.text.DL_Common_delayCycles) for DL_Common_delayCycles
    ti_msp_dl_config.o(.ARM.exidx.text.SYSCFG_DL_initPower) refers to ti_msp_dl_config.o(.text.SYSCFG_DL_initPower) for [Anonymous Symbol]
    ti_msp_dl_config.o(.ARM.exidx.text.SYSCFG_DL_GPIO_init) refers to ti_msp_dl_config.o(.text.SYSCFG_DL_GPIO_init) for [Anonymous Symbol]
    ti_msp_dl_config.o(.ARM.exidx.text.SYSCFG_DL_SYSCTL_init) refers to ti_msp_dl_config.o(.text.SYSCFG_DL_SYSCTL_init) for [Anonymous Symbol]
    ti_msp_dl_config.o(.text.SYSCFG_DL_SPI_0_init) refers to dl_spi.o(.text.DL_SPI_setClockConfig) for DL_SPI_setClockConfig
    ti_msp_dl_config.o(.text.SYSCFG_DL_SPI_0_init) refers to dl_spi.o(.text.DL_SPI_init) for DL_SPI_init
    ti_msp_dl_config.o(.text.SYSCFG_DL_SPI_0_init) refers to ti_msp_dl_config.o(.rodata.gSPI_0_clockConfig) for [Anonymous Symbol]
    ti_msp_dl_config.o(.text.SYSCFG_DL_SPI_0_init) refers to ti_msp_dl_config.o(.rodata.gSPI_0_config) for [Anonymous Symbol]
    ti_msp_dl_config.o(.ARM.exidx.text.SYSCFG_DL_SPI_0_init) refers to ti_msp_dl_config.o(.text.SYSCFG_DL_SPI_0_init) for [Anonymous Symbol]
    ti_msp_dl_config.o(.ARM.exidx.text.SYSCFG_DL_SYSCTL_CLK_init) refers to ti_msp_dl_config.o(.text.SYSCFG_DL_SYSCTL_CLK_init) for [Anonymous Symbol]
    ti_msp_dl_config.o(.text.SYSCFG_DL_saveConfiguration) refers to dl_spi.o(.text.DL_SPI_saveConfiguration) for DL_SPI_saveConfiguration
    ti_msp_dl_config.o(.text.SYSCFG_DL_saveConfiguration) refers to ti_msp_dl_config.o(.bss.gSPI_0Backup) for gSPI_0Backup
    ti_msp_dl_config.o(.ARM.exidx.text.SYSCFG_DL_saveConfiguration) refers to ti_msp_dl_config.o(.text.SYSCFG_DL_saveConfiguration) for [Anonymous Symbol]
    ti_msp_dl_config.o(.text.SYSCFG_DL_restoreConfiguration) refers to dl_spi.o(.text.DL_SPI_restoreConfiguration) for DL_SPI_restoreConfiguration
    ti_msp_dl_config.o(.text.SYSCFG_DL_restoreConfiguration) refers to ti_msp_dl_config.o(.bss.gSPI_0Backup) for gSPI_0Backup
    ti_msp_dl_config.o(.ARM.exidx.text.SYSCFG_DL_restoreConfiguration) refers to ti_msp_dl_config.o(.text.SYSCFG_DL_restoreConfiguration) for [Anonymous Symbol]
    main.o(.text.main) refers to ti_msp_dl_config.o(.text.SYSCFG_DL_init) for SYSCFG_DL_init
    main.o(.text.main) refers to zf_device_tft180.o(.text.tft180_init) for tft180_init
    main.o(.text.main) refers to zf_device_tft180.o(.text.tft180_clear) for tft180_clear
    main.o(.text.main) refers to zf_device_tft180.o(.text.tft180_set_color) for tft180_set_color
    main.o(.text.main) refers to zf_device_tft180.o(.text.tft180_set_font) for tft180_set_font
    main.o(.text.main) refers to zf_device_tft180.o(.text.tft180_show_string) for tft180_show_string
    main.o(.text.main) refers to zf_device_tft180.o(.text.tft180_draw_line) for tft180_draw_line
    main.o(.text.main) refers to zf_device_tft180.o(.text.tft180_show_chinese_str) for tft180_show_chinese_str
[...]
    Removing dl_spi.o(.text.DL_SPI_transmitDataBlocking8), (60 bytes).
    Removing dl_spi.o(.ARM.exidx.text.DL_SPI_transmitDataBlocking8), (8 bytes).
    Removing dl_spi.o(.text.DL_SPI_transmitDataBlocking16), (60 bytes).
    Removing dl_spi.o(.ARM.exidx.text.DL_SPI_transmitDataBlocking16), (8 bytes).
    Removing dl_spi.o(.text.DL_SPI_transmitDataBlocking32), (60 bytes).
    Removing dl_spi.o(.ARM.exidx.text.DL_SPI_transmitDataBlocking32), (8 bytes).
    Removing dl_spi.o(.text.DL_SPI_receiveDataCheck8), (28 bytes).
    Removing dl_spi.o(.ARM.exidx.text.DL_SPI_receiveDataCheck8), (8 bytes).
    Removing dl_spi.o(.text.DL_SPI_receiveDataCheck16), (28 bytes).
    Removing dl_spi.o(.ARM.exidx.text.DL_SPI_receiveDataCheck16), (8 bytes).
    Removing dl_spi.o(.text.DL_SPI_receiveDataCheck32), (28 bytes).
    Removing dl_spi.o(.ARM.exidx.text.DL_SPI_receiveDataCheck32), (8 bytes).
    Removing dl_spi.o(.text.DL_SPI_transmitDataCheck8), (28 bytes).
    Removing dl_spi.o(.ARM.exidx.text.DL_SPI_transmitDataCheck8), (8 bytes).
    Removing dl_spi.o(.text.DL_SPI_transmitDataCheck16), (28 bytes).
    Removing dl_spi.o(.ARM.exidx.text.DL_SPI_transmitDataCheck16), (8 bytes).
    Removing dl_spi.o(.text.DL_SPI_transmitDataCheck32), (28 bytes).
    Removing dl_spi.o(.ARM.exidx.text.DL_SPI_transmitDataCheck32), (8 bytes).
    Removing dl_spi.o(.text.DL_SPI_drainRXFIFO8), (100 bytes).
    Removing dl_spi.o(.ARM.exidx.text.DL_SPI_drainRXFIFO8), (8 bytes).
    Removing dl_spi.o(.text.DL_SPI_drainRXFIFO16), (104 bytes).
    Removing dl_spi.o(.ARM.exidx.text.DL_SPI_drainRXFIFO16), (8 bytes).
    Removing dl_spi.o(.text.DL_SPI_drainRXFIFO32), (104 bytes).
    Removing dl_spi.o(.ARM.exidx.text.DL_SPI_drainRXFIFO32), (8 bytes).
    Removing dl_spi.o(.text.DL_SPI_fillTXFIFO8), (100 bytes).
    Removing dl_spi.o(.ARM.exidx.text.DL_SPI_fillTXFIFO8), (8 bytes).
    Removing dl_spi.o(.text.DL_SPI_fillTXFIFO16), (104 bytes).
    Removing dl_spi.o(.ARM.exidx.text.DL_SPI_fillTXFIFO16), (8 bytes).
    Removing dl_spi.o(.text.DL_SPI_saveConfiguration), (80 bytes).
    Removing dl_spi.o(.ARM.exidx.text.DL_SPI_saveConfiguration), (8 bytes).
    Removing dl_spi.o(.text.DL_SPI_restoreConfiguration), (112 bytes).
    Removing dl_spi.o(.ARM.exidx.text.DL_SPI_restoreConfiguration), (8 bytes).
    Removing dl_spi.o(.text.DL_SPI_fillTXFIFO32), (104 bytes).
    Removing dl_spi.o(.ARM.exidx.text.DL_SPI_fillTXFIFO32), (8 bytes).

91 unused section(s) (total 5412 bytes) removed from the image.

==============================================================================

Image Symbol Table

    Local Symbols

    Symbol Name                              Value     Ov Type        Size  Object(Section)

    ../clib/angel/boardlib.s                 0x00000000   Number         0  boardinit1.o ABSOLUTE
    ../clib/angel/boardlib.s                 0x00000000   Number         0  boardinit2.o ABSOLUTE
    ../clib/angel/boardlib.s                 0x00000000   Number         0  boardinit3.o ABSOLUTE
    ../clib/angel/boardlib.s                 0x00000000   Number         0  boardshut.o ABSOLUTE
    ../clib/angel/handlers.s                 0x00000000   Number         0  __scatter_copy.o ABSOLUTE
    ../clib/angel/handlers.s                 0x00000000   Number         0  __scatter_zi.o ABSOLUTE
    ../clib/angel/kernel.s                   0x00000000   Number         0  __rtentry.o ABSOLUTE
    ../clib/angel/kernel.s                   0x00000000   Number         0  __rtentry2.o ABSOLUTE
    ../clib/angel/kernel.s                   0x00000000   Number         0  __rtentry4.o ABSOLUTE
    ../clib/angel/kernel.s                   0x00000000   Number         0  rtexit.o ABSOLUTE
    ../clib/angel/kernel.s                   0x00000000   Number         0  rtexit2.o ABSOLUTE
    ../clib/angel/rt.s                       0x00000000   Number         0  aeabi_idiv0.o ABSOLUTE
    ../clib/angel/rt.s                       0x00000000   Number         0  aeabi_idiv0_sigfpe.o ABSOLUTE
    ../clib/angel/rt.s                       0x00000000   Number         0  rt_div0.o ABSOLUTE
    ../clib/angel/rt.s                       0x00000000   Number         0  rt_locale.o ABSOLUTE
    ../clib/angel/rt.s                       0x00000000   Number         0  rt_locale_intlibspace.o ABSOLUTE
    ../clib/angel/rt.s                       0x00000000   Number         0  rt_raise.o ABSOLUTE
    ../clib/angel/scatterp.s                 0x00000000   Number         0  __scatter.o ABSOLUTE
    ../clib/angel/startup.s                  0x00000000   Number         0  __main.o ABSOLUTE
    ../clib/angel/sys.s                      0x00000000   Number         0  libspace.o ABSOLUTE
    ../clib/angel/sys.s                      0x00000000   Number         0  sys_stackheap_outer.o ABSOLUTE
    ../clib/angel/sys.s                      0x00000000   Number         0  tempstk.o ABSOLUTE
    ../clib/angel/sys.s                      0x00000000   Number         0  use_no_semi.o ABSOLUTE
    ../clib/angel/sys.s                      0x00000000   Number         0  indicate_semi.o ABSOLUTE
    ../clib/angel/sysapp.c                   0x00000000   Number         0  sys_exit.o ABSOLUTE
    ../clib/angel/sysapp.c                   0x00000000   Number         0  sys_exit_hlt.o ABSOLUTE
    ../clib/angel/sysapp.c                   0x00000000   Number         0  sys_wrch.o ABSOLUTE
    ../clib/angel/sysapp.c                   0x00000000   Number         0  sys_command.o ABSOLUTE
    ../clib/angel/sysapp.c                   0x00000000   Number         0  sys_wrch_hlt.o ABSOLUTE
    ../clib/angel/sysapp.c                   0x00000000   Number         0  sys_command_hlt.o ABSOLUTE
    ../clib/armsys.c                         0x00000000   Number         0  argv_veneer.o ABSOLUTE
    ../clib/armsys.c                         0x00000000   Number         0  _get_argv_nomalloc.o ABSOLUTE
    ../clib/armsys.c                         0x00000000   Number         0  no_argv.o ABSOLUTE
    ../clib/bigflt.c                         0x00000000   Number         0  bigflt0.o ABSOLUTE
    ../clib/btod.c                           0x00000000   Number         0  btod.o ABSOLUTE
    ../clib/btod_accurate.c                  0x00000000   Number         0  btod_accurate.o ABSOLUTE
    ../clib/btod_accurate.c                  0x00000000   Number         0  btod_accurate_common.o ABSOLUTE
    ../clib/division.c                       0x00000000   Number         0  rtudiv10.o ABSOLUTE
    ../clib/division.c                       0x00000000   Number         0  lludiv10.o ABSOLUTE
    ../clib/division.s                       0x00000000   Number         0  aeabi_sdivfast.o ABSOLUTE
    ../clib/division.s                       0x00000000   Number         0  aeabi_sdivfast_div0.o ABSOLUTE
    ../clib/heapalloc.c                      0x00000000   Number         0  hrguard.o ABSOLUTE
    ../clib/heapaux.c                        0x00000000   Number         0  heapauxi.o ABSOLUTE
    ../clib/libinit.s                        0x00000000   Number         0  libinit.o ABSOLUTE
    ../clib/libinit.s                        0x00000000   Number         0  libinit2.o ABSOLUTE
    ../clib/libinit.s                        0x00000000   Number         0  libshutdown.o ABSOLUTE
    ../clib/libinit.s                        0x00000000   Number         0  libshutdown2.o ABSOLUTE
    ../clib/locale.s                         0x00000000   Number         0  lc_numeric_c.o ABSOLUTE
    ../clib/longlong.c                       0x00000000   Number         0  llushr.o ABSOLUTE
    ../clib/memcpset.c                       0x00000000   Number         0  aeabi_memset4.o ABSOLUTE
    ../clib/memcpset.c                       0x00000000   Number         0  rt_memclr.o ABSOLUTE
    ../clib/memcpset.s                       0x00000000   Number         0  strcmpv6m.o ABSOLUTE
    ../clib/misc.s                           0x00000000   Number         0  printf_stubs.o ABSOLUTE
    ../clib/printf.c                         0x00000000   Number         0  __2sprintf.o ABSOLUTE
    ../clib/printf.c                         0x00000000   Number         0  noretval__2sprintf.o ABSOLUTE
    ../clib/printf.c                         0x00000000   Number         0  __printf.o ABSOLUTE
    ../clib/printf.c                         0x00000000   Number         0  _printf_dec.o ABSOLUTE
    ../clib/printf.c                         0x00000000   Number         0  __printf_flags.o ABSOLUTE
    ../clib/printf.c                         0x00000000   Number         0  __printf_ss.o ABSOLUTE
    ../clib/printf.c                         0x00000000   Number         0  __printf_flags_ss.o ABSOLUTE
    ../clib/printf.c                         0x00000000   Number         0  __printf_wp.o ABSOLUTE
    ../clib/printf.c                         0x00000000   Number         0  __printf_flags_wp.o ABSOLUTE
    ../clib/printf.c                         0x00000000   Number         0  __printf_ss_wp.o ABSOLUTE
    ../clib/printf.c                         0x00000000   Number         0  __printf_flags_ss_wp.o ABSOLUTE
    ../clib/printf.c                         0x00000000   Number         0  _printf_intcommon.o ABSOLUTE
    ../clib/printf.c                         0x00000000   Number         0  _printf_fp_dec.o ABSOLUTE
    ../clib/printf.c                         0x00000000   Number         0  _printf_fp_dec_accurate.o ABSOLUTE
    ../clib/printf.c                         0x00000000   Number         0  _printf_char_common.o ABSOLUTE
    ../clib/printf.c                         0x00000000   Number         0  _sputc.o ABSOLUTE
    ../clib/printf.c                         0x00000000   Number         0  _printf_fp_infnan.o ABSOLUTE
    ../clib/printf.c                         0x00000000   Number         0  __printf_nopercent.o ABSOLUTE
    ../clib/printf_percent.s                 0x00000000   Number         0  _printf_d.o ABSOLUTE
    ../clib/printf_percent.s                 0x00000000   Number         0  _printf_u.o ABSOLUTE
    ../clib/printf_percent.s                 0x00000000   Number         0  _printf_f.o ABSOLUTE
    ../clib/printf_percent.s                 0x00000000   Number         0  _printf_percent.o ABSOLUTE
    ../clib/printf_percent.s                 0x00000000   Number         0  _printf_percent_end.o ABSOLUTE
    ../clib/signal.c                         0x00000000   Number         0  defsig_fpe_outer.o ABSOLUTE
    ../clib/signal.c                         0x00000000   Number         0  defsig_fpe_formal.o ABSOLUTE
    ../clib/signal.c                         0x00000000   Number         0  defsig_exit.o ABSOLUTE
    ../clib/signal.c                         0x00000000   Number         0  defsig_fpe_inner.o ABSOLUTE
    ../clib/signal.c                         0x00000000   Number         0  __raise.o ABSOLUTE
    ../clib/signal.c                         0x00000000   Number         0  defsig_general.o ABSOLUTE
    ../clib/signal.c                         0x00000000   Number         0  defsig_rtmem_outer.o ABSOLUTE
    ../clib/signal.c                         0x00000000   Number         0  defsig_rtmem_formal.o ABSOLUTE
    ../clib/signal.c                         0x00000000   Number         0  defsig_abrt_inner.o ABSOLUTE
    ../clib/signal.c                         0x00000000   Number         0  defsig_rtred_inner.o ABSOLUTE
    ../clib/signal.c                         0x00000000   Number         0  defsig_rtmem_inner.o ABSOLUTE
    ../clib/signal.c                         0x00000000   Number         0  defsig_stak_inner.o ABSOLUTE
    ../clib/signal.c                         0x00000000   Number         0  defsig_pvfn_inner.o ABSOLUTE
    ../clib/signal.c                         0x00000000   Number         0  defsig_cppl_inner.o ABSOLUTE
    ../clib/signal.c                         0x00000000   Number         0  defsig_segv_inner.o ABSOLUTE
    ../clib/signal.c                         0x00000000   Number         0  defsig_other.o ABSOLUTE
    ../clib/signal.s                         0x00000000   Number         0  defsig.o ABSOLUTE
    ../clib/stdlib.c                         0x00000000   Number         0  exit.o ABSOLUTE
    ../fplib/cfplib/daddsub.c                0x00000000   Number         0  daddsub.o ABSOLUTE
    ../fplib/cfplib/dmul.c                   0x00000000   Number         0  dmul.o ABSOLUTE
    ../fplib/cfplib/fdiv.c                   0x00000000   Number         0  fdiv.o ABSOLUTE
    ../fplib/cfplib/ffix.c                   0x00000000   Number         0  dfixi.o ABSOLUTE
    ../fplib/cfplib/ffix.c                   0x00000000   Number         0  ffixi.o ABSOLUTE
    ../fplib/cfplib/fflt.c                   0x00000000   Number         0  dflti.o ABSOLUTE
    ../fplib/cfplib/fflt.c                   0x00000000   Number         0  fflti.o ABSOLUTE
    ../fplib/cfplib/fpinit.c                 0x00000000   Number         0  fpinit.o ABSOLUTE
    ../fplib/cfplib/ieee_status.c            0x00000000   Number         0  ieee_status.o ABSOLUTE
    ../fplib/faddsub6m.s                     0x00000000   Number         0  faddsub.o ABSOLUTE
    ../fplib/fmul6m.s                        0x00000000   Number         0  fmul.o ABSOLUTE
    ../fplib/printf1.s                       0x00000000   Number         0  printf1.o ABSOLUTE
    ../fplib/usenofp.s                       0x00000000   Number         0  usenofp.o ABSOLUTE
    ../mathlib/fpclassify.c                  0x00000000   Number         0  fpclassify.o ABSOLUTE
    dc.s                                     0x00000000   Number         0  dc.o ABSOLUTE
    dl_common.c                              0x00000000   Number         0  dl_common.o ABSOLUTE
    dl_spi.c                                 0x00000000   Number         0  dl_spi.o ABSOLUTE
    main.c                                   0x00000000   Number         0  main.o ABSOLUTE
    startup_mspm0g351x_uvision.s             0x00000000   Number         0  startup_mspm0g351x_uvision.o ABSOLUTE
    ti_msp_dl_config.c                       0x00000000   Number         0  ti_msp_dl_config.o ABSOLUTE
    zf_device_tft180.c                       0x00000000   Number         0  zf_device_tft180.o ABSOLUTE
    RESET                                    0x00000000   Section      192  startup_mspm0g351x_uvision.o(RESET)
    !!!main                                  0x000000c0   Section        8  __main.o(!!!main)
    !!!scatter                               0x000000c8   Section       84  __scatter.o(!!!scatter)
    !!handler_copy                           0x00000120   Section       26  __scatter_copy.o(!!handler_copy)
    !!handler_null                           0x00000140   Section        2  __scatter.o(!!handler_null)
    !!handler_zi                             0x00000148   Section       28  __scatter_zi.o(!!handler_zi)
    .ARM.Collect$$_printf_percent$$00000000  0x00000164   Section        2  _printf_percent.o(.ARM.Collect$$_printf_percent$$00000000)
    .ARM.Collect$$_printf_percent$$00000003  0x00000166   Section       10  _printf_f.o(.ARM.Collect$$_printf_percent$$00000003)
    .ARM.Collect$$_printf_percent$$00000009  0x00000170   Section       10  _printf_d.o(.ARM.Collect$$_printf_percent$$00000009)
    .ARM.Collect$$_printf_percent$$0000000A  0x0000017a   Section       10  _printf_u.o(.ARM.Collect$$_printf_percent$$0000000A)
    .ARM.Collect$$_printf_percent$$00000017  0x00000184   Section        4  _printf_percent_end.o(.ARM.Collect$$_printf_percent$$00000017)
    .ARM.Collect$$libinit$$00000000          0x00000188   Section        2  libinit.o(.ARM.Collect$$libinit$$00000000)
    .ARM.Collect$$libinit$$00000002          0x0000018a   Section        0  libinit2.o(.ARM.Collect$$libinit$$00000002)
    .ARM.Collect$$libinit$$00000004          0x0000018a   Section        0  libinit2.o(.ARM.Collect$$libinit$$00000004)
    .ARM.Collect$$libinit$$00000006          0x0000018a   Section        0  libinit2.o(.ARM.Collect$$libinit$$00000006)
    .ARM.Collect$$libinit$$0000000C          0x0000018a   Section        0  libinit2.o(.ARM.Collect$$libinit$$0000000C)
    .ARM.Collect$$libinit$$0000000E          0x0000018a   Section        0  libinit2.o(.ARM.Collect$$libinit$$0000000E)
    .ARM.Collect$$libinit$$00000010          0x0000018a   Section        0  libinit2.o(.ARM.Collect$$libinit$$00000010)
    .ARM.Collect$$libinit$$00000011          0x0000018a   Section        6  libinit2.o(.ARM.Collect$$libinit$$00000011)
    .ARM.Collect$$libinit$$00000013          0x00000190   Section        0  libinit2.o(.ARM.Collect$$libinit$$00000013)
    .ARM.Collect$$libinit$$00000015          0x00000190   Section        0  libinit2.o(.ARM.Collect$$libinit$$00000015)
    .ARM.Collect$$libinit$$00000017          0x00000190   Section        0  libinit2.o(.ARM.Collect$$libinit$$00000017)
    .ARM.Collect$$libinit$$00000018          0x00000190   Section       10  libinit2.o(.ARM.Collect$$libinit$$00000018)
    .ARM.Collect$$libinit$$00000019          0x0000019a   Section        0  libinit2.o(.ARM.Collect$$libinit$$00000019)
    .ARM.Collect$$libinit$$0000001B          0x0000019a   Section        0  libinit2.o(.ARM.Collect$$libinit$$0000001B)
    .ARM.Collect$$libinit$$0000001D          0x0000019a   Section        0  libinit2.o(.ARM.Collect$$libinit$$0000001D)
    .ARM.Collect$$libinit$$0000001F          0x0000019a   Section        0  libinit2.o(.ARM.Collect$$libinit$$0000001F)
    .ARM.Collect$$libinit$$00000021          0x0000019a   Section        0  libinit2.o(.ARM.Collect$$libinit$$00000021)
    .ARM.Collect$$libinit$$00000023          0x0000019a   Section        0  libinit2.o(.ARM.Collect$$libinit$$00000023)
    .ARM.Collect$$libinit$$00000025          0x0000019a   Section        0  libinit2.o(.ARM.Collect$$libinit$$00000025)
    .ARM.Collect$$libinit$$00000027          0x0000019a   Section        0  libinit2.o(.ARM.Collect$$libinit$$00000027)
    .ARM.Collect$$libinit$$0000002E          0x0000019a   Section        0  libinit2.o(.ARM.Collect$$libinit$$0000002E)
    .ARM.Collect$$libinit$$00000030          0x0000019a   Section        0  libinit2.o(.ARM.Collect$$libinit$$00000030)
    .ARM.Collect$$libinit$$00000032          0x0000019a   Section        0  libinit2.o(.ARM.Collect$$libinit$$00000032)
    .ARM.Collect$$libinit$$00000034          0x0000019a   Section        0  libinit2.o(.ARM.Collect$$libinit$$00000034)
    .ARM.Collect$$libinit$$00000035          0x0000019a   Section        2  libinit2.o(.ARM.Collect$$libinit$$00000035)
    .ARM.Collect$$libshutdown$$00000000      0x0000019c   Section        2  libshutdown.o(.ARM.Collect$$libshutdown$$00000000)
    .ARM.Collect$$libshutdown$$00000002      0x0000019e   Section        0  libshutdown2.o(.ARM.Collect$$libshutdown$$00000002)
    .ARM.Collect$$libshutdown$$00000004      0x0000019e   Section        0  libshutdown2.o(.ARM.Collect$$libshutdown$$00000004)
    .ARM.Collect$$libshutdown$$00000007      0x0000019e   Section        0  libshutdown2.o(.ARM.Collect$$libshutdown$$00000007)
    .ARM.Collect$$libshutdown$$0000000A      0x0000019e   Section        0  libshutdown2.o(.ARM.Collect$$libshutdown$$0000000A)
    .ARM.Collect$$libshutdown$$0000000C      0x0000019e   Section        0  libshutdown2.o(.ARM.Collect$$libshutdown$$0000000C)
    .ARM.Collect$$libshutdown$$0000000F      0x0000019e   Section        0  libshutdown2.o(.ARM.Collect$$libshutdown$$0000000F)
    .ARM.Collect$$libshutdown$$00000010      0x0000019e   Section        2  libshutdown2.o(.ARM.Collect$$libshutdown$$00000010)
    .ARM.Collect$$rtentry$$00000000          0x000001a0   Section        0  __rtentry.o(.ARM.Collect$$rtentry$$00000000)
    .ARM.Collect$$rtentry$$00000002          0x000001a0   Section        0  __rtentry2.o(.ARM.Collect$$rtentry$$00000002)
    .ARM.Collect$$rtentry$$00000004          0x000001a0   Section        6  __rtentry4.o(.ARM.Collect$$rtentry$$00000004)
    .ARM.Collect$$rtentry$$00000009          0x000001a6   Section        0  __rtentry2.o(.ARM.Collect$$rtentry$$00000009)
    .ARM.Collect$$rtentry$$0000000A          0x000001a6   Section        4  __rtentry2.o(.ARM.Collect$$rtentry$$0000000A)
    .ARM.Collect$$rtentry$$0000000C          0x000001aa   Section        0  __rtentry2.o(.ARM.Collect$$rtentry$$0000000C)
    .ARM.Collect$$rtentry$$0000000D          0x000001aa   Section        8  __rtentry2.o(.ARM.Collect$$rtentry$$0000000D)
    .ARM.Collect$$rtexit$$00000000           0x000001b2   Section        2  rtexit.o(.ARM.Collect$$rtexit$$00000000)
    .ARM.Collect$$rtexit$$00000002           0x000001b4   Section        0  rtexit2.o(.ARM.Collect$$rtexit$$00000002)
    .ARM.Collect$$rtexit$$00000003           0x000001b4   Section        4  rtexit2.o(.ARM.Collect$$rtexit$$00000003)
    .ARM.Collect$$rtexit$$00000004           0x000001b8   Section        6  rtexit2.o(.ARM.Collect$$rtexit$$00000004)
    .text                                    0x000001c0   Section       44  startup_mspm0g351x_uvision.o(.text)
    .text                                    0x000001ec   Section        0  noretval__2sprintf.o(.text)
    .text                                    0x00000214   Section        0  _printf_dec.o(.text)
    .text                                    0x00000280   Section        0  __printf_wp.o(.text)
    .text                                    0x0000038e   Section        0  aeabi_memset4.o(.text)
    .text                                    0x000003a0   Section      504  aeabi_sdivfast.o(.text)
    .text                                    0x00000598   Section        0  heapauxi.o(.text)
    _dadd1                                   0x000005a1   Thumb Code   290  daddsub.o(.text)
    .text                                    0x000005a0   Section        0  daddsub.o(.text)
    _dsub1                                   0x000006c3   Thumb Code   470  daddsub.o(.text)
    .text                                    0x000008f8   Section        0  dfixi.o(.text)
    .text                                    0x00000964   Section        0  dflti.o(.text)
    .text                                    0x000009bc   Section        0  dmul.o(.text)
    .text                                    0x00000c04   Section        0  fdiv.o(.text)
    .text                                    0x00000d64   Section        0  ffixi.o(.text)
    .text                                    0x00000db0   Section        0  fflti.o(.text)
    .text                                    0x00000e0e   Section        0  _printf_intcommon.o(.text)
    _fp_digits                               0x00000ec1   Thumb Code   412  _printf_fp_dec.o(.text)
    .text                                    0x00000ec0   Section        0  _printf_fp_dec.o(.text)
    _printf_input_char                       0x000012d5   Thumb Code    10  _printf_char_common.o(.text)
    .text                                    0x000012d4   Section        0  _printf_char_common.o(.text)
    .text                                    0x00001304   Section        0  _sputc.o(.text)
    .text                                    0x0000130e   Section        0  rt_memclr.o(.text)
    .text                                    0x0000134e   Section        0  rtudiv10.o(.text)
    .text                                    0x00001378   Section        8  rt_locale_intlibspace.o(.text)
    .text                                    0x00001380   Section        0  lludiv10.o(.text)
    .text                                    0x000013fc   Section        0  _printf_fp_infnan.o(.text)
    .text                                    0x00001484   Section        0  bigflt0.o(.text)
    .text                                    0x0000155c   Section        0  btod.o(.text)
    btod_internal_mul                        0x0000159d   Thumb Code   492  btod.o(.text)
    btod_internal_div                        0x00001789   Thumb Code   520  btod.o(.text)
    .text                                    0x00001adc   Section        8  libspace.o(.text)
    .text                                    0x00001ae4   Section       62  sys_stackheap_outer.o(.text)
    .text                                    0x00001b22   Section        0  exit.o(.text)
    .text                                    0x00001b34   Section      176  strcmpv6m.o(.text)
    .text                                    0x00001be4   Section        0  sys_exit.o(.text)
    .text                                    0x00001bf0   Section        2  use_no_semi.o(.text)
    [Anonymous Symbol]                       0x00001bf2   Section        0  dl_common.o(.text.DL_Common_delayCycles)
    .text                                    0x00001bf2   Section        0  indicate_semi.o(.text)
    [Anonymous Symbol]                       0x00001bfc   Section        0  dl_spi.o(.text.DL_SPI_init)
    __arm_cp.0_0                             0x00001c38   Number         4  dl_spi.o(.text.DL_SPI_init)
    __arm_cp.0_1                             0x00001c3c   Number         4  dl_spi.o(.text.DL_SPI_init)
    [Anonymous Symbol]                       0x00001c40   Section        0  dl_spi.o(.text.DL_SPI_setClockConfig)
    [Anonymous Symbol]                       0x00001c54   Section        0  ti_msp_dl_config.o(.text.SYSCFG_DL_GPIO_init)
    __arm_cp.2_0                             0x00001c9c   Number         4  ti_msp_dl_config.o(.text.SYSCFG_DL_GPIO_init)
    __arm_cp.2_1                             0x00001ca0   Number         4  ti_msp_dl_config.o(.text.SYSCFG_DL_GPIO_init)
    __arm_cp.2_2                             0x00001ca4   Number         4  ti_msp_dl_config.o(.text.SYSCFG_DL_GPIO_init)
    __arm_cp.2_3                             0x00001ca8   Number         4  ti_msp_dl_config.o(.text.SYSCFG_DL_GPIO_init)
    __arm_cp.2_4                             0x00001cac   Number         4  ti_msp_dl_config.o(.text.SYSCFG_DL_GPIO_init)
    __arm_cp.2_5                             0x00001cb0   Number         4  ti_msp_dl_config.o(.text.SYSCFG_DL_GPIO_init)
    __arm_cp.2_6                             0x00001cb4   Number         4  ti_msp_dl_config.o(.text.SYSCFG_DL_GPIO_init)
    __arm_cp.2_7                             0x00001cb8   Number         4  ti_msp_dl_config.o(.text.SYSCFG_DL_GPIO_init)
    __arm_cp.2_8                             0x00001cbc   Number         4  ti_msp_dl_config.o(.text.SYSCFG_DL_GPIO_init)
    [Anonymous Symbol]                       0x00001cc0   Section        0  ti_msp_dl_config.o(.text.SYSCFG_DL_SPI_0_init)
    __arm_cp.4_0                             0x00001cf8   Number         4  ti_msp_dl_config.o(.text.SYSCFG_DL_SPI_0_init)
    __arm_cp.4_1                             0x00001cfc   Number         4  ti_msp_dl_config.o(.text.SYSCFG_DL_SPI_0_init)
    __arm_cp.4_2                             0x00001d00   Number         4  ti_msp_dl_config.o(.text.SYSCFG_DL_SPI_0_init)
    __arm_cp.4_3                             0x00001d04   Number         4  ti_msp_dl_config.o(.text.SYSCFG_DL_SPI_0_init)
    __arm_cp.4_4                             0x00001d08   Number         4  ti_msp_dl_config.o(.text.SYSCFG_DL_SPI_0_init)
    [Anonymous Symbol]                       0x00001d0c   Section        0  ti_msp_dl_config.o(.text.SYSCFG_DL_SYSCTL_CLK_init)
    __arm_cp.5_0                             0x00001d2c   Number         4  ti_msp_dl_config.o(.text.SYSCFG_DL_SYSCTL_CLK_init)
    [Anonymous Symbol]                       0x00001d30   Section        0  ti_msp_dl_config.o(.text.SYSCFG_DL_SYSCTL_init)
    __arm_cp.3_0                             0x00001d44   Number         4  ti_msp_dl_config.o(.text.SYSCFG_DL_SYSCTL_init)
    __arm_cp.3_1                             0x00001d48   Number         4  ti_msp_dl_config.o(.text.SYSCFG_DL_SYSCTL_init)
    [Anonymous Symbol]                       0x00001d4c   Section        0  ti_msp_dl_config.o(.text.SYSCFG_DL_init)
    __arm_cp.0_0                             0x00001d6c   Number         4  ti_msp_dl_config.o(.text.SYSCFG_DL_init)
    [Anonymous Symbol]                       0x00001d70   Section        0  ti_msp_dl_config.o(.text.SYSCFG_DL_initPower)
    __arm_cp.1_0                             0x00001d98   Number         4  ti_msp_dl_config.o(.text.SYSCFG_DL_initPower)
    __arm_cp.1_1                             0x00001d9c   Number         4  ti_msp_dl_config.o(.text.SYSCFG_DL_initPower)
    __arm_cp.1_2                             0x00001da0   Number         4  ti_msp_dl_config.o(.text.SYSCFG_DL_initPower)
    __arm_cp.1_3                             0x00001da4   Number         4  ti_msp_dl_config.o(.text.SYSCFG_DL_initPower)
    __arm_cp.1_4                             0x00001da8   Number         4  ti_msp_dl_config.o(.text.SYSCFG_DL_initPower)
    __arm_cp.1_5                             0x00001dac   Number         4  ti_msp_dl_config.o(.text.SYSCFG_DL_initPower)
    [Anonymous Symbol]                       0x00001db0   Section        0  main.o(.text.main)
    __arm_cp.0_0                             0x00001edc   Number         4  main.o(.text.main)
    __arm_cp.0_5                             0x00001f1c   Number         4  main.o(.text.main)
    __arm_cp.0_6                             0x00001f20   Number         4  main.o(.text.main)
    __arm_cp.0_7                             0x00001f24   Number         4  main.o(.text.main)
    __arm_cp.0_8                             0x00001f28   Number         4  main.o(.text.main)
    __arm_cp.0_10                            0x00001f34   Number         4  main.o(.text.main)
    [Anonymous Symbol]                       0x00001f38   Section        0  zf_device_tft180.o(.text.tft180_clear)
    tft180_draw_chinese_16x16                0x000020e1   Thumb Code   404  zf_device_tft180.o(.text.tft180_draw_chinese_16x16)
    [Anonymous Symbol]                       0x000020e0   Section        0  zf_device_tft180.o(.text.tft180_draw_chinese_16x16)
    __arm_cp.18_0                            0x00002274   Number         4  zf_device_tft180.o(.text.tft180_draw_chinese_16x16)
    __arm_cp.18_1                            0x00002278   Number         4  zf_device_tft180.o(.text.tft180_draw_chinese_16x16)
    __arm_cp.18_2                            0x0000227c   Number         4  zf_device_tft180.o(.text.tft180_draw_chinese_16x16)
    __arm_cp.18_3                            0x00002280   Number         4  zf_device_tft180.o(.text.tft180_draw_chinese_16x16)
    __arm_cp.18_4                            0x00002284   Number         4  zf_device_tft180.o(.text.tft180_draw_chinese_16x16)
    [Anonymous Symbol]                       0x00002288   Section        0  zf_device_tft180.o(.text.tft180_draw_line)
    __arm_cp.7_0                             0x00002778   Number         4  zf_device_tft180.o(.text.tft180_draw_line)
    __arm_cp.7_1                             0x0000277c   Number         4  zf_device_tft180.o(.text.tft180_draw_line)
    __arm_cp.7_2                             0x00002780   Number         4  zf_device_tft180.o(.text.tft180_draw_line)
    [Anonymous Symbol]                       0x00002784   Section        0  zf_device_tft180.o(.text.tft180_draw_point)
    __arm_cp.6_1                             0x00002864   Number         4  zf_device_tft180.o(.text.tft180_draw_point)
    __arm_cp.6_2                             0x00002868   Number         4  zf_device_tft180.o(.text.tft180_draw_point)
    __arm_cp.6_3                             0x0000286c   Number         4  zf_device_tft180.o(.text.tft180_draw_point)
    [Anonymous Symbol]                       0x00002870   Section        0  zf_device_tft180.o(.text.tft180_init)
    __arm_cp.20_10                           0x0000289c   Number         4  zf_device_tft180.o(.text.tft180_init)
    __arm_cp.20_11                           0x000028a0   Number         4  zf_device_tft180.o(.text.tft180_init)
    __arm_cp.20_12                           0x000028cc   Number         4  zf_device_tft180.o(.text.tft180_init)
    __arm_cp.20_13                           0x000028d0   Number         4  zf_device_tft180.o(.text.tft180_init)
    __arm_cp.20_14                           0x000028d4   Number         4  zf_device_tft180.o(.text.tft180_init)
    __arm_cp.20_16                           0x000028dc   Number         4  zf_device_tft180.o(.text.tft180_init)
    __arm_cp.20_17                           0x00003078   Number         4  zf_device_tft180.o(.text.tft180_init)
    __arm_cp.20_20                           0x000033fc   Number         4  zf_device_tft180.o(.text.tft180_init)
    [Anonymous Symbol]                       0x00003974   Section        0  zf_device_tft180.o(.text.tft180_set_color)
    __arm_cp.5_0                             0x00003980   Number         4  zf_device_tft180.o(.text.tft180_set_color)
    __arm_cp.5_1                             0x00003984   Number         4  zf_device_tft180.o(.text.tft180_set_color)
    [Anonymous Symbol]                       0x00003988   Section        0  zf_device_tft180.o(.text.tft180_set_font)
    __arm_cp.4_0                             0x00003990   Number         4  zf_device_tft180.o(.text.tft180_set_font)
    tft180_set_region                        0x00003995   Thumb Code  1000  zf_device_tft180.o(.text.tft180_set_region)
    [Anonymous Symbol]                       0x00003994   Section        0  zf_device_tft180.o(.text.tft180_set_region)
    __arm_cp.1_0                             0x00003d7c   Number         4  zf_device_tft180.o(.text.tft180_set_region)
    __arm_cp.1_1                             0x00003d80   Number         4  zf_device_tft180.o(.text.tft180_set_region)
    __arm_cp.1_2                             0x00003d84   Number         4  zf_device_tft180.o(.text.tft180_set_region)
    [Anonymous Symbol]                       0x00003d88   Section        0  zf_device_tft180.o(.text.tft180_show_char)
    __arm_cp.8_0                             0x0000411c   Number         4  zf_device_tft180.o(.text.tft180_show_char)
    __arm_cp.8_1                             0x00004120   Number         4  zf_device_tft180.o(.text.tft180_show_char)
    __arm_cp.8_2                             0x00004124   Number         4  zf_device_tft180.o(.text.tft180_show_char)
    __arm_cp.8_3                             0x00004128   Number         4  zf_device_tft180.o(.text.tft180_show_char)
    __arm_cp.8_4                             0x0000412c   Number         4  zf_device_tft180.o(.text.tft180_show_char)
    __arm_cp.8_5                             0x00004130   Number         4  zf_device_tft180.o(.text.tft180_show_char)
    __arm_cp.8_6                             0x00004134   Number         4  zf_device_tft180.o(.text.tft180_show_char)
    __arm_cp.8_7                             0x00004138   Number         4  zf_device_tft180.o(.text.tft180_show_char)
    __arm_cp.8_8                             0x0000413c   Number         4  zf_device_tft180.o(.text.tft180_show_char)
    [Anonymous Symbol]                       0x00004140   Section        0  zf_device_tft180.o(.text.tft180_show_chinese_str)
    __arm_cp.19_1                            0x00004308   Number         4  zf_device_tft180.o(.text.tft180_show_chinese_str)
    __arm_cp.19_2                            0x0000430c   Number         4  zf_device_tft180.o(.text.tft180_show_chinese_str)
    [Anonymous Symbol]                       0x00004310   Section        0  zf_device_tft180.o(.text.tft180_show_float)
    __arm_cp.12_0                            0x00004460   Number         4  zf_device_tft180.o(.text.tft180_show_float)
    __arm_cp.12_1                            0x00004464   Number         4  zf_device_tft180.o(.text.tft180_show_float)
    __arm_cp.12_2                            0x00004468   Number         4  zf_device_tft180.o(.text.tft180_show_float)
    __arm_cp.12_3                            0x0000446c   Number         4  zf_device_tft180.o(.text.tft180_show_float)
    __arm_cp.12_4                            0x00004470   Number         4  zf_device_tft180.o(.text.tft180_show_float)
    __arm_cp.12_5                            0x00004474   Number         4  zf_device_tft180.o(.text.tft180_show_float)
    __arm_cp.12_6                            0x00004478   Number         4  zf_device_tft180.o(.text.tft180_show_float)
    __arm_cp.12_7                            0x0000447c   Number         4  zf_device_tft180.o(.text.tft180_show_float)
    __arm_cp.12_8                            0x00004480   Number         4  zf_device_tft180.o(.text.tft180_show_float)
    __arm_cp.12_9                            0x00004484   Number         4  zf_device_tft180.o(.text.tft180_show_float)
    [Anonymous Symbol]                       0x00004490   Section        0  zf_device_tft180.o(.text.tft180_show_string)
    __arm_cp.9_0                             0x00004500   Number         4  zf_device_tft180.o(.text.tft180_show_string)
    __arm_cp.9_2                             0x00004504   Number         4  zf_device_tft180.o(.text.tft180_show_string)
    [Anonymous Symbol]                       0x00004508   Section        0  zf_device_tft180.o(.text.tft180_show_uint)
    __arm_cp.11_0                            0x00004610   Number         4  zf_device_tft180.o(.text.tft180_show_uint)
    __arm_cp.11_1                            0x00004614   Number         4  zf_device_tft180.o(.text.tft180_show_uint)
    __arm_cp.11_2                            0x00004618   Number         4  zf_device_tft180.o(.text.tft180_show_uint)
    __arm_cp.11_3                            0x0000461c   Number         4  zf_device_tft180.o(.text.tft180_show_uint)
    __arm_cp.11_4                            0x00004620   Number         4  zf_device_tft180.o(.text.tft180_show_uint)
    __arm_cp.11_5                            0x00004624   Number         4  zf_device_tft180.o(.text.tft180_show_uint)
    __arm_cp.11_6                            0x00004628   Number         4  zf_device_tft180.o(.text.tft180_show_uint)
    __arm_cp.11_7                            0x0000462c   Number         4  zf_device_tft180.o(.text.tft180_show_uint)
    __arm_cp.11_9                            0x00004634   Number         4  zf_device_tft180.o(.text.tft180_show_uint)
    .text_divfast                            0x00004638   Section      502  aeabi_sdivfast.o(.text_divfast)
    i.__ARM_common_ll_muluu                  0x0000482e   Section        0  btod.o(i.__ARM_common_ll_muluu)
    i.__ARM_fpclassify                       0x00004860   Section        0  fpclassify.o(i.__ARM_fpclassify)
    i._is_digit                              0x0000488c   Section        0  __printf_wp.o(i._is_digit)
    locale$$code                             0x0000489c   Section       44  lc_numeric_c.o(locale$$code)
    x$fpl$fadd                               0x000048c8   Section      140  faddsub.o(x$fpl$fadd)
    _fadd1                                   0x000048d5   Thumb Code     0  faddsub.o(x$fpl$fadd)
    x$fpl$fmul                               0x00004954   Section      176  fmul.o(x$fpl$fmul)
    x$fpl$fsub                               0x00004a04   Section      208  faddsub.o(x$fpl$fsub)
    _fsub1                                   0x00004a11   Thumb Code     0  faddsub.o(x$fpl$fsub)
    x$fpl$printf1                            0x00004ad4   Section       16  printf1.o(x$fpl$printf1)
    fdiv_tab                                 0x00004ae4   Data          64  fdiv.o(.constdata)
    .constdata                               0x00004ae4   Section       64  fdiv.o(.constdata)
    x$fpl$usenofp                            0x00004ae4   Section        0  usenofp.o(x$fpl$usenofp)
    tenpwrs_x                                0x00004b24   Data          60  bigflt0.o(.constdata)
    .constdata                               0x00004b24   Section      148  bigflt0.o(.constdata)
    tenpwrs_i                                0x00004b60   Data          64  bigflt0.o(.constdata)
    ascii_font_6x8                           0x00004bb8   Data         570  zf_device_tft180.o(.rodata.ascii_font_6x8)
    [Anonymous Symbol]                       0x00004bb8   Section        0  zf_device_tft180.o(.rodata.ascii_font_6x8)
    ascii_font_8x16                          0x00004df2   Data        1520  zf_device_tft180.o(.rodata.ascii_font_8x16)
    [Anonymous Symbol]                       0x00004df2   Section        0  zf_device_tft180.o(.rodata.ascii_font_8x16)
    chinese_db                               0x000053e2   Data         296  zf_device_tft180.o(.rodata.chinese_db)
    [Anonymous Symbol]                       0x000053e2   Section        0  zf_device_tft180.o(.rodata.chinese_db)
    gSPI_0_clockConfig                       0x0000550a   Data           2  ti_msp_dl_config.o(.rodata.gSPI_0_clockConfig)
    [Anonymous Symbol]                       0x0000550a   Section        0  ti_msp_dl_config.o(.rodata.gSPI_0_clockConfig)
    gSPI_0_config                            0x0000550c   Data          10  ti_msp_dl_config.o(.rodata.gSPI_0_config)
    [Anonymous Symbol]                       0x0000550c   Section        0  ti_msp_dl_config.o(.rodata.gSPI_0_config)
    locale$$data                             0x00005538   Section       28  lc_numeric_c.o(locale$$data)
    __lcnum_c_name                           0x0000553c   Data           2  lc_numeric_c.o(locale$$data)
    __lcnum_c_start                          0x00005544   Data           0  lc_numeric_c.o(locale$$data)
    __lcnum_c_point                          0x00005550   Data           0  lc_numeric_c.o(locale$$data)
    __lcnum_c_thousands                      0x00005552   Data           0  lc_numeric_c.o(locale$$data)
    __lcnum_c_grouping                       0x00005553   Data           0  lc_numeric_c.o(locale$$data)
    __lcnum_c_end                            0x00005554   Data           0  lc_numeric_c.o(locale$$data)
    tft180_bgcolor                           0x20200000   Data           2  zf_device_tft180.o(.data.tft180_bgcolor)
    [Anonymous Symbol]                       0x20200000   Section        0  zf_device_tft180.o(.data.tft180_bgcolor)
    tft180_display_font                      0x20200002   Data           1  zf_device_tft180.o(.data.tft180_display_font)
    [Anonymous Symbol]                       0x20200002   Section        0  zf_device_tft180.o(.data.tft180_display_font)
    tft180_pencolor                          0x20200004   Data           2  zf_device_tft180.o(.data.tft180_pencolor)
    [Anonymous Symbol]                       0x20200004   Section        0  zf_device_tft180.o(.data.tft180_pencolor)
    .bss                                     0x20200008   Section       96  libspace.o(.bss)
    tft180_display_dir                       0x20200090   Data           1  zf_device_tft180.o(.bss.tft180_display_dir)
    [Anonymous Symbol]                       0x20200090   Section        0  zf_device_tft180.o(.bss.tft180_display_dir)
    tft180_x_max                             0x20200091   Data           1  zf_device_tft180.o(.bss.tft180_x_max)
    [Anonymous Symbol]                       0x20200091   Section        0  zf_device_tft180.o(.bss.tft180_x_max)
    tft180_y_max                             0x20200092   Data           1  zf_device_tft180.o(.bss.tft180_y_max)
    [Anonymous Symbol]                       0x20200092   Section        0  zf_device_tft180.o(.bss.tft180_y_max)
    Heap_Mem                                 0x20200098   Data           0  startup_mspm0g351x_uvision.o(HEAP)
    Stack_Mem                                0x20200098   Data        2048  startup_mspm0g351x_uvision.o(STACK)
    HEAP                                     0x20200098   Section        0  startup_mspm0g351x_uvision.o(HEAP)
    STACK                                    0x20200098   Section     2048  startup_mspm0g351x_uvision.o(STACK)
    __initial_sp                             0x20200898   Data           0  startup_mspm0g351x_uvision.o(STACK)

    Global Symbols

    Symbol Name                              Value     Ov Type        Size  Object(Section)

    BuildAttributes$$THM_ISAv3M$S$PE$A:L22$X:L11$S22$IEEE1$IW$~IW$USESV6$~STKCKD$USESV7$~SHL$OTIME$ROPI$IEEEJ$EBA8$UX$STANDARDLIB$REQ8$PRES8$EABIv2 0x00000000   Number         0  anon$$obj.o ABSOLUTE
    __Vectors                                0x00000000   Data           4  startup_mspm0g351x_uvision.o(RESET)
    _printf_flags                            0x00000000   Number         0  printf_stubs.o ABSOLUTE
    _printf_return_value                     0x00000000   Number         0  printf_stubs.o ABSOLUTE
    _printf_sizespec                         0x00000000   Number         0  printf_stubs.o ABSOLUTE
    _printf_widthprec                        0x00000000   Number         0  printf_stubs.o ABSOLUTE
    __ARM_exceptions_init                     - Undefined Weak Reference
    __alloca_initialize                       - Undefined Weak Reference
    __arm_preinit_                            - Undefined Weak Reference
    __arm_relocate_pie_                       - Undefined Weak Reference
    __cpp_initialize__aeabi_                  - Undefined Weak Reference
    __cxa_finalize                            - Undefined Weak Reference
    __sigvec_lookup                           - Undefined Weak Reference
    _atexit_init                              - Undefined Weak Reference
    _call_atexit_fns                          - Undefined Weak Reference
    _clock_init                               - Undefined Weak Reference
    _fp_trap_init                             - Undefined Weak Reference
    _fp_trap_shutdown                         - Undefined Weak Reference
    _get_lc_collate                           - Undefined Weak Reference
    _get_lc_ctype                             - Undefined Weak Reference
    _get_lc_monetary                          - Undefined Weak Reference
    _get_lc_time                              - Undefined Weak Reference
    _getenv_init                              - Undefined Weak Reference
    _handle_redirection                       - Undefined Weak Reference
    _init_alloc                               - Undefined Weak Reference
    _init_user_alloc                          - Undefined Weak Reference
    _initio                                   - Undefined Weak Reference
    _printf_post_padding                      - Undefined Weak Reference
    _printf_pre_padding                       - Undefined Weak Reference
    _printf_truncate_signed                   - Undefined Weak Reference
    _printf_truncate_unsigned                 - Undefined Weak Reference
    _rand_init                                - Undefined Weak Reference
    _signal_finish                            - Undefined Weak Reference
    _signal_init                              - Undefined Weak Reference
    _terminate_alloc                          - Undefined Weak Reference
    _terminate_user_alloc                     - Undefined Weak Reference
    _terminateio                              - Undefined Weak Reference
    __Vectors_End                            0x000000c0   Data           0  startup_mspm0g351x_uvision.o(RESET)
    __Vectors_Size                           0x000000c0   Number         0  startup_mspm0g351x_uvision.o ABSOLUTE
    __main                                   0x000000c1   Thumb Code     8  __main.o(!!!main)
    __scatterload                            0x000000c9   Thumb Code     0  __scatter.o(!!!scatter)
    __scatterload_rt2                        0x000000c9   Thumb Code    74  __scatter.o(!!!scatter)
    __scatterload_rt2_thumb_only             0x000000c9   Thumb Code     0  __scatter.o(!!!scatter)
    __scatterload_loop                       0x000000d3   Thumb Code     0  __scatter.o(!!!scatter)
    __scatterload_copy                       0x00000121   Thumb Code    26  __scatter_copy.o(!!handler_copy)
    __scatterload_null                       0x00000141   Thumb Code     2  __scatter.o(!!handler_null)
    __scatterload_zeroinit                   0x00000149   Thumb Code    28  __scatter_zi.o(!!handler_zi)
    _printf_percent                          0x00000165   Thumb Code     0  _printf_percent.o(.ARM.Collect$$_printf_percent$$00000000)
    _printf_f                                0x00000167   Thumb Code     0  _printf_f.o(.ARM.Collect$$_printf_percent$$00000003)
    _printf_d                                0x00000171   Thumb Code     0  _printf_d.o(.ARM.Collect$$_printf_percent$$00000009)
    _printf_u                                0x0000017b   Thumb Code     0  _printf_u.o(.ARM.Collect$$_printf_percent$$0000000A)
    _printf_percent_end                      0x00000185   Thumb Code     0  _printf_percent_end.o(.ARM.Collect$$_printf_percent$$00000017)
    __rt_lib_init                            0x00000189   Thumb Code     0  libinit.o(.ARM.Collect$$libinit$$00000000)
    __rt_lib_init_fp_1                       0x0000018b   Thumb Code     0  libinit2.o(.ARM.Collect$$libinit$$00000002)
    __rt_lib_init_heap_1                     0x0000018b   Thumb Code     0  libinit2.o(.ARM.Collect$$libinit$$0000000C)
    __rt_lib_init_lc_common                  0x0000018b   Thumb Code     0  libinit2.o(.ARM.Collect$$libinit$$00000011)
    __rt_lib_init_preinit_1                  0x0000018b   Thumb Code     0  libinit2.o(.ARM.Collect$$libinit$$00000006)
    __rt_lib_init_rand_1                     0x0000018b   Thumb Code     0  libinit2.o(.ARM.Collect$$libinit$$00000010)
    __rt_lib_init_relocate_pie_1             0x0000018b   Thumb Code     0  libinit2.o(.ARM.Collect$$libinit$$00000004)
    __rt_lib_init_user_alloc_1               0x0000018b   Thumb Code     0  libinit2.o(.ARM.Collect$$libinit$$0000000E)
    __rt_lib_init_lc_collate_1               0x00000191   Thumb Code     0  libinit2.o(.ARM.Collect$$libinit$$00000013)
    __rt_lib_init_lc_ctype_1                 0x00000191   Thumb Code     0  libinit2.o(.ARM.Collect$$libinit$$00000015)
    __rt_lib_init_lc_monetary_1              0x00000191   Thumb Code     0  libinit2.o(.ARM.Collect$$libinit$$00000017)
    __rt_lib_init_lc_numeric_2               0x00000191   Thumb Code     0  libinit2.o(.ARM.Collect$$libinit$$00000018)
    __rt_lib_init_alloca_1                   0x0000019b   Thumb Code     0  libinit2.o(.ARM.Collect$$libinit$$00000030)
    __rt_lib_init_argv_1                     0x0000019b   Thumb Code     0  libinit2.o(.ARM.Collect$$libinit$$0000002E)
    __rt_lib_init_atexit_1                   0x0000019b   Thumb Code     0  libinit2.o(.ARM.Collect$$libinit$$0000001D)
    __rt_lib_init_clock_1                    0x0000019b   Thumb Code     0  libinit2.o(.ARM.Collect$$libinit$$00000023)
    __rt_lib_init_cpp_1                      0x0000019b   Thumb Code     0  libinit2.o(.ARM.Collect$$libinit$$00000034)
    __rt_lib_init_exceptions_1               0x0000019b   Thumb Code     0  libinit2.o(.ARM.Collect$$libinit$$00000032)
    __rt_lib_init_fp_trap_1                  0x0000019b   Thumb Code     0  libinit2.o(.ARM.Collect$$libinit$$00000021)
    __rt_lib_init_getenv_1                   0x0000019b   Thumb Code     0  libinit2.o(.ARM.Collect$$libinit$$00000025)
    __rt_lib_init_lc_numeric_1               0x0000019b   Thumb Code     0  libinit2.o(.ARM.Collect$$libinit$$00000019)
    __rt_lib_init_lc_time_1                  0x0000019b   Thumb Code     0  libinit2.o(.ARM.Collect$$libinit$$0000001B)
    __rt_lib_init_return                     0x0000019b   Thumb Code     0  libinit2.o(.ARM.Collect$$libinit$$00000035)
    __rt_lib_init_signal_1                   0x0000019b   Thumb Code     0  libinit2.o(.ARM.Collect$$libinit$$0000001F)
    __rt_lib_init_stdio_1                    0x0000019b   Thumb Code     0  libinit2.o(.ARM.Collect$$libinit$$00000027)
    __rt_lib_shutdown                        0x0000019d   Thumb Code     0  libshutdown.o(.ARM.Collect$$libshutdown$$00000000)
    __rt_lib_shutdown_cpp_1                  0x0000019f   Thumb Code     0  libshutdown2.o(.ARM.Collect$$libshutdown$$00000002)
    __rt_lib_shutdown_fp_trap_1              0x0000019f   Thumb Code     0  libshutdown2.o(.ARM.Collect$$libshutdown$$00000007)
    __rt_lib_shutdown_heap_1                 0x0000019f   Thumb Code     0  libshutdown2.o(.ARM.Collect$$libshutdown$$0000000F)
    __rt_lib_shutdown_return                 0x0000019f   Thumb Code     0  libshutdown2.o(.ARM.Collect$$libshutdown$$00000010)
    __rt_lib_shutdown_signal_1               0x0000019f   Thumb Code     0  libshutdown2.o(.ARM.Collect$$libshutdown$$0000000A)
    __rt_lib_shutdown_stdio_1                0x0000019f   Thumb Code     0  libshutdown2.o(.ARM.Collect$$libshutdown$$00000004)
    __rt_lib_shutdown_user_alloc_1           0x0000019f   Thumb Code     0  libshutdown2.o(.ARM.Collect$$libshutdown$$0000000C)
    __rt_entry                               0x000001a1   Thumb Code     0  __rtentry.o(.ARM.Collect$$rtentry$$00000000)
    __rt_entry_presh_1                       0x000001a1   Thumb Code     0  __rtentry2.o(.ARM.Collect$$rtentry$$00000002)
    __rt_entry_sh                            0x000001a1   Thumb Code     0  __rtentry4.o(.ARM.Collect$$rtentry$$00000004)
    __rt_entry_li                            0x000001a7   Thumb Code     0  __rtentry2.o(.ARM.Collect$$rtentry$$0000000A)
    __rt_entry_postsh_1                      0x000001a7   Thumb Code     0  __rtentry2.o(.ARM.Collect$$rtentry$$00000009)
    __rt_entry_main                          0x000001ab   Thumb Code     0  __rtentry2.o(.ARM.Collect$$rtentry$$0000000D)
    __rt_entry_postli_1                      0x000001ab   Thumb Code     0  __rtentry2.o(.ARM.Collect$$rtentry$$0000000C)
    __rt_exit                                0x000001b3   Thumb Code     0  rtexit.o(.ARM.Collect$$rtexit$$00000000)
    __rt_exit_ls                             0x000001b5   Thumb Code     0  rtexit2.o(.ARM.Collect$$rtexit$$00000003)
    __rt_exit_prels_1                        0x000001b5   Thumb Code     0  rtexit2.o(.ARM.Collect$$rtexit$$00000002)
    __rt_exit_exit                           0x000001b9   Thumb Code     0  rtexit2.o(.ARM.Collect$$rtexit$$00000004)
    Reset_Handler                            0x000001c1   Thumb Code     4  startup_mspm0g351x_uvision.o(.text)
    NMI_Handler                              0x000001c5   Thumb Code     2  startup_mspm0g351x_uvision.o(.text)
    HardFault_Handler                        0x000001c7   Thumb Code     2  startup_mspm0g351x_uvision.o(.text)
    SVC_Handler                              0x000001c9   Thumb Code     2  startup_mspm0g351x_uvision.o(.text)
    PendSV_Handler                           0x000001cb   Thumb Code     2  startup_mspm0g351x_uvision.o(.text)
    SysTick_Handler                          0x000001cd   Thumb Code     2  startup_mspm0g351x_uvision.o(.text)
    ADC0_IRQHandler                          0x000001cf   Thumb Code     0  startup_mspm0g351x_uvision.o(.text)
    ADC1_IRQHandler                          0x000001cf   Thumb Code     0  startup_mspm0g351x_uvision.o(.text)
    AESADV_IRQHandler                        0x000001cf   Thumb Code     0  startup_mspm0g351x_uvision.o(.text)
    CANFD0_IRQHandler                        0x000001cf   Thumb Code     0  startup_mspm0g351x_uvision.o(.text)
    CANFD1_IRQHandler                        0x000001cf   Thumb Code     0  startup_mspm0g351x_uvision.o(.text)
    DAC0_IRQHandler                          0x000001cf   Thumb Code     0  startup_mspm0g351x_uvision.o(.text)
    DMA_IRQHandler                           0x000001cf   Thumb Code     0  startup_mspm0g351x_uvision.o(.text)
    Default_Handler                          0x000001cf   Thumb Code     2  startup_mspm0g351x_uvision.o(.text)
    GROUP0_IRQHandler                        0x000001cf   Thumb Code     0  startup_mspm0g351x_uvision.o(.text)
    GROUP1_IRQHandler                        0x000001cf   Thumb Code     0  startup_mspm0g351x_uvision.o(.text)
    I2C0_IRQHandler                          0x000001cf   Thumb Code     0  startup_mspm0g351x_uvision.o(.text)
    I2C1_IRQHandler                          0x000001cf   Thumb Code     0  startup_mspm0g351x_uvision.o(.text)
    I2C2_IRQHandler                          0x000001cf   Thumb Code     0  startup_mspm0g351x_uvision.o(.text)
    LFSS_IRQHandler                          0x000001cf   Thumb Code     0  startup_mspm0g351x_uvision.o(.text)
    SPI0_IRQHandler                          0x000001cf   Thumb Code     0  startup_mspm0g351x_uvision.o(.text)
    SPI1_IRQHandler                          0x000001cf   Thumb Code     0  startup_mspm0g351x_uvision.o(.text)
    SPI2_IRQHandler                          0x000001cf   Thumb Code     0  startup_mspm0g351x_uvision.o(.text)
    TIMA0_IRQHandler                         0x000001cf   Thumb Code     0  startup_mspm0g351x_uvision.o(.text)
    TIMA1_IRQHandler                         0x000001cf   Thumb Code     0  startup_mspm0g351x_uvision.o(.text)
    TIMG0_IRQHandler                         0x000001cf   Thumb Code     0  startup_mspm0g351x_uvision.o(.text)
    TIMG12_IRQHandler                        0x000001cf   Thumb Code     0  startup_mspm0g351x_uvision.o(.text)
    TIMG14_IRQHandler                        0x000001cf   Thumb Code     0  startup_mspm0g351x_uvision.o(.text)
    TIMG6_IRQHandler                         0x000001cf   Thumb Code     0  startup_mspm0g351x_uvision.o(.text)
    TIMG7_IRQHandler                         0x000001cf   Thumb Code     0  startup_mspm0g351x_uvision.o(.text)
    TIMG8_IRQHandler                         0x000001cf   Thumb Code     0  startup_mspm0g351x_uvision.o(.text)
    TIMG9_IRQHandler                         0x000001cf   Thumb Code     0  startup_mspm0g351x_uvision.o(.text)
    UART0_IRQHandler                         0x000001cf   Thumb Code     0  startup_mspm0g351x_uvision.o(.text)
    UART1_IRQHandler                         0x000001cf   Thumb Code     0  startup_mspm0g351x_uvision.o(.text)
    UART3_IRQHandler                         0x000001cf   Thumb Code     0  startup_mspm0g351x_uvision.o(.text)
    UART4_IRQHandler                         0x000001cf   Thumb Code     0  startup_mspm0g351x_uvision.o(.text)
    UART5_IRQHandler                         0x000001cf   Thumb Code     0  startup_mspm0g351x_uvision.o(.text)
    UART6_IRQHandler                         0x000001cf   Thumb Code     0  startup_mspm0g351x_uvision.o(.text)
    UART7_IRQHandler                         0x000001cf   Thumb Code     0  startup_mspm0g351x_uvision.o(.text)
    __user_initial_stackheap                 0x000001d1   Thumb Code    10  startup_mspm0g351x_uvision.o(.text)
    __2sprintf                               0x000001ed   Thumb Code    36  noretval__2sprintf.o(.text)
    _printf_int_dec                          0x00000215   Thumb Code    90  _printf_dec.o(.text)
    __printf                                 0x00000281   Thumb Code   270  __printf_wp.o(.text)
    __aeabi_memset4                          0x0000038f   Thumb Code    18  aeabi_memset4.o(.text)
    __aeabi_memset8                          0x0000038f   Thumb Code     0  aeabi_memset4.o(.text)
    __aeabi_uidivmod                         0x000003a1   Thumb Code    28  aeabi_sdivfast.o(.text)
    __aeabi_idivmod                          0x000003bd   Thumb Code   472  aeabi_sdivfast.o(.text)
    __use_two_region_memory                  0x00000599   Thumb Code     2  heapauxi.o(.text)
    __rt_heap_escrow$2region                 0x0000059b   Thumb Code     2  heapauxi.o(.text)
    __rt_heap_expand$2region                 0x0000059d   Thumb Code     2  heapauxi.o(.text)
    __adddf3                                 0x00000899   Thumb Code     0  daddsub.o(.text)
    __aeabi_dadd                             0x00000899   Thumb Code     0  daddsub.o(.text)
    _dadd                                    0x00000899   Thumb Code    26  daddsub.o(.text)
    __aeabi_dsub                             0x000008b3   Thumb Code     0  daddsub.o(.text)
    __subdf3                                 0x000008b3   Thumb Code     0  daddsub.o(.text)
    _dsub                                    0x000008b3   Thumb Code    22  daddsub.o(.text)
    __aeabi_drsub                            0x000008c9   Thumb Code     0  daddsub.o(.text)
    _drsb                                    0x000008c9   Thumb Code    28  daddsub.o(.text)
    __aeabi_d2iz                             0x000008f9   Thumb Code     0  dfixi.o(.text)
    _dfix                                    0x000008f9   Thumb Code    98  dfixi.o(.text)
    __aeabi_i2d_normalise                    0x00000965   Thumb Code    66  dflti.o(.text)
    __aeabi_i2d                              0x000009a7   Thumb Code    16  dflti.o(.text)
    _dflt                                    0x000009a7   Thumb Code     0  dflti.o(.text)
    __aeabi_ui2d                             0x000009b7   Thumb Code     6  dflti.o(.text)
    _dfltu                                   0x000009b7   Thumb Code     0  dflti.o(.text)
    __aeabi_dmul                             0x000009bd   Thumb Code     0  dmul.o(.text)
    __muldf3                                 0x000009bd   Thumb Code     0  dmul.o(.text)
    _dmul                                    0x000009bd   Thumb Code   558  dmul.o(.text)
    __aeabi_fdiv                             0x00000c05   Thumb Code     0  fdiv.o(.text)
    __divsf3                                 0x00000c05   Thumb Code     0  fdiv.o(.text)
    _fdiv                                    0x00000c05   Thumb Code   334  fdiv.o(.text)
    _frdiv                                   0x00000d53   Thumb Code     8  fdiv.o(.text)
    __aeabi_f2iz                             0x00000d65   Thumb Code     0  ffixi.o(.text)
    _ffix                                    0x00000d65   Thumb Code    76  ffixi.o(.text)
    __aeabi_i2f_normalise                    0x00000db1   Thumb Code    72  fflti.o(.text)
    __aeabi_i2f                              0x00000df9   Thumb Code    16  fflti.o(.text)
    _fflt                                    0x00000df9   Thumb Code     0  fflti.o(.text)
    __aeabi_ui2f                             0x00000e09   Thumb Code     6  fflti.o(.text)
    _ffltu                                   0x00000e09   Thumb Code     0  fflti.o(.text)
    _printf_int_common                       0x00000e0f   Thumb Code   176  _printf_intcommon.o(.text)
    _printf_fp_dec_real                      0x0000105d   Thumb Code   620  _printf_fp_dec.o(.text)
    _printf_char_common                      0x000012df   Thumb Code    32  _printf_char_common.o(.text)
    _sputc                                   0x00001305   Thumb Code    10  _sputc.o(.text)
    _memset_w                                0x0000130f   Thumb Code    26  rt_memclr.o(.text)
    _memset                                  0x00001329   Thumb Code    30  rt_memclr.o(.text)
    __aeabi_memclr                           0x00001347   Thumb Code     4  rt_memclr.o(.text)
    __rt_memclr                              0x00001347   Thumb Code     0  rt_memclr.o(.text)
    __aeabi_memclr4                          0x0000134b   Thumb Code     0  rt_memclr.o(.text)
    __aeabi_memclr8                          0x0000134b   Thumb Code     0  rt_memclr.o(.text)
    __rt_memclr_w                            0x0000134b   Thumb Code     4  rt_memclr.o(.text)
    __rt_udiv10                              0x0000134f   Thumb Code    40  rtudiv10.o(.text)
    __rt_locale                              0x00001379   Thumb Code     8  rt_locale_intlibspace.o(.text)
    _ll_udiv10                               0x00001381   Thumb Code   122  lludiv10.o(.text)
    _printf_fp_infnan                        0x000013fd   Thumb Code   120  _printf_fp_infnan.o(.text)
    _btod_etento                             0x00001485   Thumb Code   210  bigflt0.o(.text)
    _btod_d2e                                0x0000155d   Thumb Code    64  btod.o(.text)
    _btod_emul                               0x00001991   Thumb Code    28  btod.o(.text)
    _btod_emuld                              0x000019ad   Thumb Code   144  btod.o(.text)
    _btod_ediv                               0x00001a3d   Thumb Code    26  btod.o(.text)
    _btod_edivd                              0x00001a57   Thumb Code   124  btod.o(.text)
    __user_libspace                          0x00001add   Thumb Code     8  libspace.o(.text)
    __user_perproc_libspace                  0x00001add   Thumb Code     0  libspace.o(.text)
    __user_perthread_libspace                0x00001add   Thumb Code     0  libspace.o(.text)
    __user_setup_stackheap                   0x00001ae5   Thumb Code    62  sys_stackheap_outer.o(.text)
    exit                                     0x00001b23   Thumb Code    16  exit.o(.text)
    strcmp                                   0x00001b35   Thumb Code   176  strcmpv6m.o(.text)
    _sys_exit                                0x00001be5   Thumb Code     8  sys_exit.o(.text)
    __I$use$semihosting                      0x00001bf1   Thumb Code     0  use_no_semi.o(.text)
    __use_no_semihosting_swi                 0x00001bf1   Thumb Code     2  use_no_semi.o(.text)
    DL_Common_delayCycles                    0x00001bf3   Thumb Code    10  dl_common.o(.text.DL_Common_delayCycles)
    __semihosting_library_function           0x00001bf3   Thumb Code     0  indicate_semi.o(.text)
    DL_SPI_init                              0x00001bfd   Thumb Code    60  dl_spi.o(.text.DL_SPI_init)
    DL_SPI_setClockConfig                    0x00001c41   Thumb Code    18  dl_spi.o(.text.DL_SPI_setClockConfig)
    SYSCFG_DL_GPIO_init                      0x00001c55   Thumb Code    72  ti_msp_dl_config.o(.text.SYSCFG_DL_GPIO_init)
    SYSCFG_DL_SPI_0_init                     0x00001cc1   Thumb Code    56  ti_msp_dl_config.o(.text.SYSCFG_DL_SPI_0_init)
    SYSCFG_DL_SYSCTL_CLK_init                0x00001d0d   Thumb Code    32  ti_msp_dl_config.o(.text.SYSCFG_DL_SYSCTL_CLK_init)
    SYSCFG_DL_SYSCTL_init                    0x00001d31   Thumb Code    20  ti_msp_dl_config.o(.text.SYSCFG_DL_SYSCTL_init)
    SYSCFG_DL_init                           0x00001d4d   Thumb Code    32  ti_msp_dl_config.o(.text.SYSCFG_DL_init)
    SYSCFG_DL_initPower                      0x00001d71   Thumb Code    40  ti_msp_dl_config.o(.text.SYSCFG_DL_initPower)
    main                                     0x00001db1   Thumb Code   300  main.o(.text.main)
    tft180_clear                             0x00001f39   Thumb Code   424  zf_device_tft180.o(.text.tft180_clear)
    tft180_draw_line                         0x00002289   Thumb Code  1264  zf_device_tft180.o(.text.tft180_draw_line)
    tft180_draw_point                        0x00002785   Thumb Code   224  zf_device_tft180.o(.text.tft180_draw_point)
    tft180_init                              0x00002871   Thumb Code  4356  zf_device_tft180.o(.text.tft180_init)
    tft180_set_color                         0x00003975   Thumb Code    12  zf_device_tft180.o(.text.tft180_set_color)
    tft180_set_font                          0x00003989   Thumb Code     8  zf_device_tft180.o(.text.tft180_set_font)
    tft180_show_char                         0x00003d89   Thumb Code   916  zf_device_tft180.o(.text.tft180_show_char)
    tft180_show_chinese_str                  0x00004141   Thumb Code   456  zf_device_tft180.o(.text.tft180_show_chinese_str)
    tft180_show_float                        0x00004311   Thumb Code   336  zf_device_tft180.o(.text.tft180_show_float)
    tft180_show_string                       0x00004491   Thumb Code   112  zf_device_tft180.o(.text.tft180_show_string)
    tft180_show_uint                         0x00004509   Thumb Code   264  zf_device_tft180.o(.text.tft180_show_uint)
    __aeabi_uidiv                            0x00004639   Thumb Code    68  aeabi_sdivfast.o(.text_divfast)
    __aeabi_idiv                             0x0000467d   Thumb Code   434  aeabi_sdivfast.o(.text_divfast)
    __ARM_common_ll_muluu                    0x0000482f   Thumb Code    48  btod.o(i.__ARM_common_ll_muluu)
    __ARM_fpclassify                         0x00004861   Thumb Code    40  fpclassify.o(i.__ARM_fpclassify)
    _is_digit                                0x0000488d   Thumb Code    14  __printf_wp.o(i._is_digit)
    _get_lc_numeric                          0x0000489d   Thumb Code    44  lc_numeric_c.o(locale$$code)
    __aeabi_fadd                             0x000048c9   Thumb Code     0  faddsub.o(x$fpl$fadd)
    _fadd                                    0x000048c9   Thumb Code   134  faddsub.o(x$fpl$fadd)
    __aeabi_fmul                             0x00004955   Thumb Code     0  fmul.o(x$fpl$fmul)
    _fmul                                    0x00004955   Thumb Code   172  fmul.o(x$fpl$fmul)
    __aeabi_fsub                             0x00004a05   Thumb Code     0  faddsub.o(x$fpl$fsub)
    _fsub                                    0x00004a05   Thumb Code   204  faddsub.o(x$fpl$fsub)
    _printf_fp_dec                           0x00004ad5   Thumb Code    16  printf1.o(x$fpl$printf1)
    __I$use$fp                               0x00004ae4   Number         0  usenofp.o(x$fpl$usenofp)
    Region$$Table$$Base                      0x00005518   Number         0  anon$$obj.o(Region$$Table)
    Region$$Table$$Limit                     0x00005538   Number         0  anon$$obj.o(Region$$Table)
    __libspace_start                         0x20200008   Data          96  libspace.o(.bss)
    __temporary_stack_top$libspace           0x20200068   Data           0  libspace.o(.bss)
    gSPI_0Backup                             0x20200068   Data          40  ti_msp_dl_config.o(.bss.gSPI_0Backup)



==============================================================================

Memory Map of the image

  Image Entry point : 0x000000c1

  Load Region LR_IROM1 (Base: 0x00000000, Size: 0x00005560, Max: 0x00080000, ABSOLUTE)

    Execution Region ER_IROM1 (Exec base: 0x00000000, Load base: 0x00000000, Size: 0x00005554, Max: 0x00080000, ABSOLUTE)

    Exec Addr    Load Addr    Size         Type   Attr      Idx    E Section Name        Object

    0x00000000   0x00000000   0x000000c0   Data   RO            3    RESET               startup_mspm0g351x_uvision.o
    0x000000c0   0x000000c0   0x00000008   Code   RO          215  * !!!main             c_p.l(__main.o)
    0x000000c8   0x000000c8   0x00000054   Code   RO          466    !!!scatter          c_p.l(__scatter.o)
    0x0000011c   0x0000011c   0x00000004   PAD
    0x00000120   0x00000120   0x0000001a   Code   RO          470    !!handler_copy      c_p.l(__scatter_copy.o)
    0x0000013a   0x0000013a   0x00000006   PAD
    0x00000140   0x00000140   0x00000002   Code   RO          467    !!handler_null      c_p.l(__scatter.o)
    0x00000142   0x00000142   0x00000006   PAD
    0x00000148   0x00000148   0x0000001c   Code   RO          472    !!handler_zi        c_p.l(__scatter_zi.o)
    0x00000164   0x00000164   0x00000002   Code   RO          202    .ARM.Collect$$_printf_percent$$00000000  c_p.l(_printf_percent.o)
    0x00000166   0x00000166   0x0000000a   Code   RO          201    .ARM.Collect$$_printf_percent$$00000003  c_p.l(_printf_f.o)
    0x00000170   0x00000170   0x0000000a   Code   RO          199    .ARM.Collect$$_printf_percent$$00000009  c_p.l(_printf_d.o)
    0x0000017a   0x0000017a   0x0000000a   Code   RO          200    .ARM.Collect$$_printf_percent$$0000000A  c_p.l(_printf_u.o)
    0x00000184   0x00000184   0x00000004   Code   RO          257    .ARM.Collect$$_printf_percent$$00000017  c_p.l(_printf_percent_end.o)
    0x00000188   0x00000188   0x00000002   Code   RO          328    .ARM.Collect$$libinit$$00000000  c_p.l(libinit.o)
    0x0000018a   0x0000018a   0x00000000   Code   RO          330    .ARM.Collect$$libinit$$00000002  c_p.l(libinit2.o)
    0x0000018a   0x0000018a   0x00000000   Code   RO          332    .ARM.Collect$$libinit$$00000004  c_p.l(libinit2.o)
    0x0000018a   0x0000018a   0x00000000   Code   RO          334    .ARM.Collect$$libinit$$00000006  c_p.l(libinit2.o)
    0x0000018a   0x0000018a   0x00000000   Code   RO          337    .ARM.Collect$$libinit$$0000000C  c_p.l(libinit2.o)
    0x0000018a   0x0000018a   0x00000000   Code   RO          339    .ARM.Collect$$libinit$$0000000E  c_p.l(libinit2.o)
    0x0000018a   0x0000018a   0x00000000   Code   RO          341    .ARM.Collect$$libinit$$00000010  c_p.l(libinit2.o)
    0x0000018a   0x0000018a   0x00000006   Code   RO          342    .ARM.Collect$$libinit$$00000011  c_p.l(libinit2.o)
    0x00000190   0x00000190   0x00000000   Code   RO          344    .ARM.Collect$$libinit$$00000013  c_p.l(libinit2.o)
    0x00000190   0x00000190   0x00000000   Code   RO          346    .ARM.Collect$$libinit$$00000015  c_p.l(libinit2.o)
    0x00000190   0x00000190   0x00000000   Code   RO          348    .ARM.Collect$$libinit$$00000017  c_p.l(libinit2.o)
    0x00000190   0x00000190   0x0000000a   Code   RO          349    .ARM.Collect$$libinit$$00000018  c_p.l(libinit2.o)
    0x0000019a   0x0000019a   0x00000000   Code   RO          350    .ARM.Collect$$libinit$$00000019  c_p.l(libinit2.o)
    0x0000019a   0x0000019a   0x00000000   Code   RO          352    .ARM.Collect$$libinit$$0000001B  c_p.l(libinit2.o)
    0x0000019a   0x0000019a   0x00000000   Code   RO          354    .ARM.Collect$$libinit$$0000001D  c_p.l(libinit2.o)
    0x0000019a   0x0000019a   0x00000000   Code   RO          356    .ARM.Collect$$libinit$$0000001F  c_p.l(libinit2.o)
    0x0000019a   0x0000019a   0x00000000   Code   RO          358    .ARM.Collect$$libinit$$00000021  c_p.l(libinit2.o)
    0x0000019a   0x0000019a   0x00000000   Code   RO          360    .ARM.Collect$$libinit$$00000023  c_p.l(libinit2.o)
    0x0000019a   0x0000019a   0x00000000   Code   RO          362    .ARM.Collect$$libinit$$00000025  c_p.l(libinit2.o)
    0x0000019a   0x0000019a   0x00000000   Code   RO          364    .ARM.Collect$$libinit$$00000027  c_p.l(libinit2.o)
    0x0000019a   0x0000019a   0x00000000   Code   RO          368    .ARM.Collect$$libinit$$0000002E  c_p.l(libinit2.o)
    0x0000019a   0x0000019a   0x00000000   Code   RO          370    .ARM.Collect$$libinit$$00000030  c_p.l(libinit2.o)
    0x0000019a   0x0000019a   0x00000000   Code   RO          372    .ARM.Collect$$libinit$$00000032  c_p.l(libinit2.o)
    0x0000019a   0x0000019a   0x00000000   Code   RO          374    .ARM.Collect$$libinit$$00000034  c_p.l(libinit2.o)
    0x0000019a   0x0000019a   0x00000002   Code   RO          375    .ARM.Collect$$libinit$$00000035  c_p.l(libinit2.o)
    0x0000019c   0x0000019c   0x00000002   Code   RO          431    .ARM.Collect$$libshutdown$$00000000  c_p.l(libshutdown.o)
    0x0000019e   0x0000019e   0x00000000   Code   RO          449    .ARM.Collect$$libshutdown$$00000002  c_p.l(libshutdown2.o)
    0x0000019e   0x0000019e   0x00000000   Code   RO          451    .ARM.Collect$$libshutdown$$00000004  c_p.l(libshutdown2.o)
    0x0000019e   0x0000019e   0x00000000   Code   RO          454    .ARM.Collect$$libshutdown$$00000007  c_p.l(libshutdown2.o)
    0x0000019e   0x0000019e   0x00000000   Code   RO          457    .ARM.Collect$$libshutdown$$0000000A  c_p.l(libshutdown2.o)
    0x0000019e   0x0000019e   0x00000000   Code   RO          459    .ARM.Collect$$libshutdown$$0000000C  c_p.l(libshutdown2.o)
    0x0000019e   0x0000019e   0x00000000   Code   RO          462    .ARM.Collect$$libshutdown$$0000000F  c_p.l(libshutdown2.o)
    0x0000019e   0x0000019e   0x00000002   Code   RO          463    .ARM.Collect$$libshutdown$$00000010  c_p.l(libshutdown2.o)
    0x000001a0   0x000001a0   0x00000000   Code   RO          242    .ARM.Collect$$rtentry$$00000000  c_p.l(__rtentry.o)
    0x000001a0   0x000001a0   0x00000000   Code   RO          264    .ARM.Collect$$rtentry$$00000002  c_p.l(__rtentry2.o)
    0x000001a0   0x000001a0   0x00000006   Code   RO          276    .ARM.Collect$$rtentry$$00000004  c_p.l(__rtentry4.o)
    0x000001a6   0x000001a6   0x00000000   Code   RO          266    .ARM.Collect$$rtentry$$00000009  c_p.l(__rtentry2.o)
    0x000001a6   0x000001a6   0x00000004   Code   RO          267    .ARM.Collect$$rtentry$$0000000A  c_p.l(__rtentry2.o)
    0x000001aa   0x000001aa   0x00000000   Code   RO          269    .ARM.Collect$$rtentry$$0000000C  c_p.l(__rtentry2.o)
    0x000001aa   0x000001aa   0x00000008   Code   RO          270    .ARM.Collect$$rtentry$$0000000D  c_p.l(__rtentry2.o)
    0x000001b2   0x000001b2   0x00000002   Code   RO          377    .ARM.Collect$$rtexit$$00000000  c_p.l(rtexit.o)
    0x000001b4   0x000001b4   0x00000000   Code   RO          396    .ARM.Collect$$rtexit$$00000002  c_p.l(rtexit2.o)
    0x000001b4   0x000001b4   0x00000004   Code   RO          397    .ARM.Collect$$rtexit$$00000003  c_p.l(rtexit2.o)
    0x000001b8   0x000001b8   0x00000006   Code   RO          398    .ARM.Collect$$rtexit$$00000004  c_p.l(rtexit2.o)
    0x000001be   0x000001be   0x00000002   PAD
    0x000001c0   0x000001c0   0x0000002c   Code   RO            4    .text               startup_mspm0g351x_uvision.o
    0x000001ec   0x000001ec   0x00000028   Code   RO          173    .text               c_p.l(noretval__2sprintf.o)
    0x00000214   0x00000214   0x0000006c   Code   RO          177    .text               c_p.l(_printf_dec.o)
    0x00000280   0x00000280   0x0000010e   Code   RO          187    .text               c_p.l(__printf_wp.o)
    0x0000038e   0x0000038e   0x00000012   Code   RO          203    .text               c_p.l(aeabi_memset4.o)
    0x000003a0   0x000003a0   0x000001f8   Code   RO          205    .text               c_p.l(aeabi_sdivfast.o)
    0x00000598   0x00000598   0x00000006   Code   RO          213    .text               c_p.l(heapauxi.o)
    0x0000059e   0x0000059e   0x00000002   PAD
    0x000005a0   0x000005a0   0x00000358   Code   RO          217    .text               fz_ps.l(daddsub.o)
    0x000008f8   0x000008f8   0x0000006c   Code   RO          219    .text               fz_ps.l(dfixi.o)
    0x00000964   0x00000964   0x00000058   Code   RO          221    .text               fz_ps.l(dflti.o)
    0x000009bc   0x000009bc   0x00000248   Code   RO          223    .text               fz_ps.l(dmul.o)
    0x00000c04   0x00000c04   0x00000160   Code   RO          231    .text               fz_ps.l(fdiv.o)
    0x00000d64   0x00000d64   0x0000004c   Code   RO          234    .text               fz_ps.l(ffixi.o)
    0x00000db0   0x00000db0   0x0000005e   Code   RO          236    .text               fz_ps.l(fflti.o)
    0x00000e0e   0x00000e0e   0x000000b0   Code   RO          247    .text               c_p.l(_printf_intcommon.o)
    0x00000ebe   0x00000ebe   0x00000002   PAD
    0x00000ec0   0x00000ec0   0x00000414   Code   RO          249    .text               c_p.l(_printf_fp_dec.o)
    0x000012d4   0x000012d4   0x00000030   Code   RO          253    .text               c_p.l(_printf_char_common.o)
    0x00001304   0x00001304   0x0000000a   Code   RO          255    .text               c_p.l(_sputc.o)
    0x0000130e   0x0000130e   0x00000040   Code   RO          258    .text               c_p.l(rt_memclr.o)
    0x0000134e   0x0000134e   0x00000028   Code   RO          260    .text               c_p.l(rtudiv10.o)
    0x00001376   0x00001376   0x00000002   PAD
    0x00001378   0x00001378   0x00000008   Code   RO          283    .text               c_p.l(rt_locale_intlibspace.o)
    0x00001380   0x00001380   0x0000007a   Code   RO          285    .text               c_p.l(lludiv10.o)
    0x000013fa   0x000013fa   0x00000002   PAD
    0x000013fc   0x000013fc   0x00000088   Code   RO          287    .text               c_p.l(_printf_fp_infnan.o)
    0x00001484   0x00001484   0x000000d8   Code   RO          291    .text               c_p.l(bigflt0.o)
    0x0000155c   0x0000155c   0x00000580   Code   RO          294    .text               c_p.l(btod.o)
    0x00001adc   0x00001adc   0x00000008   Code   RO          307    .text               c_p.l(libspace.o)
    0x00001ae4   0x00001ae4   0x0000003e   Code   RO          310    .text               c_p.l(sys_stackheap_outer.o)
    0x00001b22   0x00001b22   0x00000010   Code   RO          315    .text               c_p.l(exit.o)
    0x00001b32   0x00001b32   0x00000002   PAD
    0x00001b34   0x00001b34   0x000000b0   Code   RO          321    .text               c_p.l(strcmpv6m.o)
    0x00001be4   0x00001be4   0x0000000c   Code   RO          391    .text               c_p.l(sys_exit.o)
    0x00001bf0   0x00001bf0   0x00000002   Code   RO          418    .text               c_p.l(use_no_semi.o)
    0x00001bf2   0x00001bf2   0x00000000   Code   RO          420    .text               c_p.l(indicate_semi.o)
    0x00001bf2   0x00001bf2   0x0000000a   Code   RO          107    .text.DL_Common_delayCycles  driverlib.a(dl_common.o)
    0x00001bfc   0x00001bfc   0x00000044   Code   RO          116    .text.DL_SPI_init   driverlib.a(dl_spi.o)
    0x00001c40   0x00001c40   0x00000012   Code   RO          118    .text.DL_SPI_setClockConfig  driverlib.a(dl_spi.o)
    0x00001c52   0x00001c52   0x00000002   PAD
    0x00001c54   0x00001c54   0x0000006c   Code   RO           15    .text.SYSCFG_DL_GPIO_init  ti_msp_dl_config.o
    0x00001cc0   0x00001cc0   0x0000004c   Code   RO           19    .text.SYSCFG_DL_SPI_0_init  ti_msp_dl_config.o
    0x00001d0c   0x00001d0c   0x00000024   Code   RO           21    .text.SYSCFG_DL_SYSCTL_CLK_init  ti_msp_dl_config.o
    0x00001d30   0x00001d30   0x0000001c   Code   RO           17    .text.SYSCFG_DL_SYSCTL_init  ti_msp_dl_config.o
    0x00001d4c   0x00001d4c   0x00000024   Code   RO           11    .text.SYSCFG_DL_init  ti_msp_dl_config.o
    0x00001d70   0x00001d70   0x00000040   Code   RO           13    .text.SYSCFG_DL_initPower  ti_msp_dl_config.o
    0x00001db0   0x00001db0   0x00000188   Code   RO           38    .text.main          main.o
    0x00001f38   0x00001f38   0x000001a8   Code   RO           48    .text.tft180_clear  zf_device_tft180.o
    0x000020e0   0x000020e0   0x000001a8   Code   RO           84    .text.tft180_draw_chinese_16x16  zf_device_tft180.o
    0x00002288   0x00002288   0x000004fc   Code   RO           62    .text.tft180_draw_line  zf_device_tft180.o
    0x00002784   0x00002784   0x000000ec   Code   RO           60    .text.tft180_draw_point  zf_device_tft180.o
    0x00002870   0x00002870   0x00001104   Code   RO           88    .text.tft180_init   zf_device_tft180.o
    0x00003974   0x00003974   0x00000014   Code   RO           58    .text.tft180_set_color  zf_device_tft180.o
    0x00003988   0x00003988   0x0000000c   Code   RO           56    .text.tft180_set_font  zf_device_tft180.o
    0x00003994   0x00003994   0x000003f4   Code   RO           50    .text.tft180_set_region  zf_device_tft180.o
    0x00003d88   0x00003d88   0x000003b8   Code   RO           64    .text.tft180_show_char  zf_device_tft180.o
    0x00004140   0x00004140   0x000001d0   Code   RO           86    .text.tft180_show_chinese_str  zf_device_tft180.o
    0x00004310   0x00004310   0x00000180   Code   RO           72    .text.tft180_show_float  zf_device_tft180.o
    0x00004490   0x00004490   0x00000078   Code   RO           66    .text.tft180_show_string  zf_device_tft180.o
    0x00004508   0x00004508   0x00000130   Code   RO           70    .text.tft180_show_uint  zf_device_tft180.o
    0x00004638   0x00004638   0x000001f6   Code   RO          206    .text_divfast       c_p.l(aeabi_sdivfast.o)
    0x0000482e   0x0000482e   0x00000030   Code   RO          296    i.__ARM_common_ll_muluu  c_p.l(btod.o)
    0x0000485e   0x0000485e   0x00000002   PAD
    0x00004860   0x00004860   0x0000002c   Code   RO          305    i.__ARM_fpclassify  m_ps.l(fpclassify.o)
    0x0000488c   0x0000488c   0x0000000e   Code   RO          189    i._is_digit         c_p.l(__printf_wp.o)
    0x0000489a   0x0000489a   0x00000002   PAD
    0x0000489c   0x0000489c   0x0000002c   Code   RO          301    locale$$code        c_p.l(lc_numeric_c.o)
    0x000048c8   0x000048c8   0x0000008c   Code   RO          225    x$fpl$fadd          fz_ps.l(faddsub.o)
    0x00004954   0x00004954   0x000000b0   Code   RO          238    x$fpl$fmul          fz_ps.l(fmul.o)
    0x00004a04   0x00004a04   0x000000d0   Code   RO          227    x$fpl$fsub          fz_ps.l(faddsub.o)
    0x00004ad4   0x00004ad4   0x00000010   Code   RO          240    x$fpl$printf1       fz_ps.l(printf1.o)
    0x00004ae4   0x00004ae4   0x00000000   Code   RO          262    x$fpl$usenofp       fz_ps.l(usenofp.o)
    0x00004ae4   0x00004ae4   0x00000040   Data   RO          232    .constdata          fz_ps.l(fdiv.o)
    0x00004b24   0x00004b24   0x00000094   Data   RO          292    .constdata          c_p.l(bigflt0.o)
    0x00004bb8   0x00004bb8   0x0000023a   Data   RO           97    .rodata.ascii_font_6x8  zf_device_tft180.o
    0x00004df2   0x00004df2   0x000005f0   Data   RO           98    .rodata.ascii_font_8x16  zf_device_tft180.o
    0x000053e2   0x000053e2   0x00000128   Data   RO           96    .rodata.chinese_db  zf_device_tft180.o
    0x0000550a   0x0000550a   0x00000002   Data   RO           28    .rodata.gSPI_0_clockConfig  ti_msp_dl_config.o
    0x0000550c   0x0000550c   0x0000000a   Data   RO           29    .rodata.gSPI_0_config  ti_msp_dl_config.o
    0x00005516   0x00005516   0x00000002   PAD
    0x00005518   0x00005518   0x00000020   Data   RO          465    Region$$Table       anon$$obj.o
    0x00005538   0x00005538   0x0000001c   Data   RO          300    locale$$data        c_p.l(lc_numeric_c.o)


    Execution Region RW_IRAM1 (Exec base: 0x20200000, Load base: 0x00005558, Size: 0x00000898, Max: 0x00010000, ABSOLUTE)

    Exec Addr    Load Addr    Size         Type   Attr      Idx    E Section Name        Object

    0x20200000   0x00005558   0x00000002   Data   RW           92    .data.tft180_bgcolor  zf_device_tft180.o
    0x20200002   0x0000555a   0x00000001   Data   RW           94    .data.tft180_display_font  zf_device_tft180.o
    0x20200003   0x0000555b   0x00000001   PAD
    0x20200004   0x0000555c   0x00000002   Data   RW           95    .data.tft180_pencolor  zf_device_tft180.o
    0x20200006   0x0000555e   0x00000002   PAD
    0x20200008        -       0x00000060   Zero   RW          308    .bss                c_p.l(libspace.o)
    0x20200068        -       0x00000028   Zero   RW           27    .bss.gSPI_0Backup   ti_msp_dl_config.o
    0x20200090        -       0x00000001   Zero   RW           93    .bss.tft180_display_dir  zf_device_tft180.o
    0x20200091        -       0x00000001   Zero   RW           90    .bss.tft180_x_max   zf_device_tft180.o
    0x20200092        -       0x00000001   Zero   RW           91    .bss.tft180_y_max   zf_device_tft180.o
    0x20200093   0x0000555e   0x00000005   PAD
    0x20200098        -       0x00000000   Zero   RW            2    HEAP                startup_mspm0g351x_uvision.o
    0x20200098        -       0x00000800   Zero   RW            1    STACK               startup_mspm0g351x_uvision.o


    Execution Region RW_IRAM2 (Exec base: 0x20210000, Load base: 0x00005560, Size: 0x00000000, Max: 0x00010000, ABSOLUTE)

    **** No section assigned to this execution region ****



  Load Region LR_BCR (Base: 0x41c00000, Size: 0x00000000, Max: 0x00000100, ABSOLUTE)

    Execution Region BCR_CONFIG (Exec base: 0x41c00000, Load base: 0x41c00000, Size: 0x00000000, Max: 0x000000ff, ABSOLUTE)

    **** No section assigned to this execution region ****



  Load Region LR_BSL (Base: 0x41c00100, Size: 0x00000000, Max: 0x00000100, ABSOLUTE)

    Execution Region BSL_CONFIG (Exec base: 0x41c00100, Load base: 0x41c00100, Size: 0x00000000, Max: 0x00000080, ABSOLUTE)

    **** No section assigned to this execution region ****



  Load Region LR_DATA (Base: 0x41d00000, Size: 0x00000000, Max: 0x00004000, ABSOLUTE)

    Execution Region DATA (Exec base: 0x41d00000, Load base: 0x41d00000, Size: 0x00000000, Max: 0x00004000, ABSOLUTE)

    **** No section assigned to this execution region ****


==============================================================================

Image component sizes


      Code (inc. data)   RO Data    RW Data    ZI Data      Debug   Object Name

       392         92          0          0          0       1200   main.o
        44         18        192          0       2048        676   startup_mspm0g351x_uvision.o
       348         96         12          0         40      16098   ti_msp_dl_config.o
      9984        302       2386          5          3      97119   zf_device_tft180.o

    ----------------------------------------------------------------------
     10768        508       2624          8       2096     115093   Object Totals
         0          0         32          0          0          0   (incl. Generated)
         0          0          2          3          5          0   (incl. Padding)

    ----------------------------------------------------------------------

      Code (inc. data)   RO Data    RW Data    ZI Data      Debug   Library Member Name

         8          0          0          0          0         68   __main.o
       284          0          0          0          0        136   __printf_wp.o
         0          0          0          0          0          0   __rtentry.o
        12          0          0          0          0          0   __rtentry2.o
         6          0          0          0          0          0   __rtentry4.o
        86         10          0          0          0          0   __scatter.o
        26          0          0          0          0          0   __scatter_copy.o
        28          0          0          0          0          0   __scatter_zi.o
        48          6          0          0          0         88   _printf_char_common.o
        10          0          0          0          0          0   _printf_d.o
       108         18          0          0          0         76   _printf_dec.o
        10          0          0          0          0          0   _printf_f.o
      1044         12          0          0          0        116   _printf_fp_dec.o
       136         16          0          0          0         76   _printf_fp_infnan.o
       176          0          0          0          0         84   _printf_intcommon.o
         2          0          0          0          0          0   _printf_percent.o
         4          0          0          0          0          0   _printf_percent_end.o
        10          0          0          0          0          0   _printf_u.o
        10          0          0          0          0         60   _sputc.o
        18          0          0          0          0         68   aeabi_memset4.o
      1006          4          0          0          0        184   aeabi_sdivfast.o
       216          6        148          0          0         80   bigflt0.o
      1456         30          0          0          0        336   btod.o
        16          0          0          0          0         68   exit.o
         6          0          0          0          0        136   heapauxi.o
         0          0          0          0          0          0   indicate_semi.o
        44         10         28          0          0         76   lc_numeric_c.o
         2          0          0          0          0          0   libinit.o
        18          0          0          0          0          0   libinit2.o
         2          0          0          0          0          0   libshutdown.o
         2          0          0          0          0          0   libshutdown2.o
         8          4          0          0         96         68   libspace.o
       122          0          0          0          0         72   lludiv10.o
        40          4          0          0          0         84   noretval__2sprintf.o
         8          4          0          0          0         68   rt_locale_intlibspace.o
        64          0          0          0          0        108   rt_memclr.o
         2          0          0          0          0          0   rtexit.o
        10          0          0          0          0          0   rtexit2.o
        40          0          0          0          0         60   rtudiv10.o
       176          4          0          0          0         80   strcmpv6m.o
        12          4          0          0          0         60   sys_exit.o
        62          0          0          0          0         80   sys_stackheap_outer.o
         2          0          0          0          0         68   use_no_semi.o
        10          0          0          0          0        812   dl_common.o
        86          8          0          0          0      16260   dl_spi.o
       856         20          0          0          0        208   daddsub.o
       108         10          0          0          0         72   dfixi.o
        88          0          0          0          0         92   dflti.o
       584         26          0          0          0         84   dmul.o
       348          8          0          0          0        160   faddsub.o
       352         10         64          0          0         92   fdiv.o
        76          0          0          0          0         68   ffixi.o
        94          0          0          0          0         92   fflti.o
       176          4          0          0          0         80   fmul.o
        16          4          0          0          0         76   printf1.o
         0          0          0          0          0          0   usenofp.o
        44          4          0          0          0         60   fpclassify.o

    ----------------------------------------------------------------------
      8212        230        240          0         96      20556   Library Totals
        34          4          0          0          0          0   (incl. Padding)

    ----------------------------------------------------------------------

      Code (inc. data)   RO Data    RW Data    ZI Data      Debug   Library Name

      5340        132        176          0         96       2400   c_p.l
        96          8          0          0          0      17072   driverlib.a
      2698         82         64          0          0       1024   fz_ps.l
        44          4          0          0          0         60   m_ps.l

    ----------------------------------------------------------------------
      8212        230        240          0         96      20556   Library Totals

    ----------------------------------------------------------------------

==============================================================================


      Code (inc. data)   RO Data    RW Data    ZI Data      Debug   

     18980        738       2864          8       2192     134021   Grand Totals
     18980        738       2864          8       2192     134021   ELF Image Totals
     18980        738       2864          8          0          0   ROM Totals

==============================================================================

    Total RO  Size (Code + RO Data)                21844 (  21.33kB)
    Total RW  Size (RW Data + ZI Data)              2200 (   2.15kB)
    Total ROM Size (Code + RO Data + RW Data)      21852 (  21.34kB)

==============================================================================

